Archive member included to satisfy reference by file (symbol)

/opt/st/stm32cubeide_1.4.0/plugins/com.st.stm32cube.ide.mcu.externaltools.gnu-tools-for-stm32.7-2018-q2-update.linux64_1.4.0.202007081208/tools/bin/../lib/gcc/arm-none-eabi/7.3.1/../../../../arm-none-eabi/lib/thumb/v7-m/libc_nano.a(lib_a-errno.o)
                              Core/Src/syscalls.o (__errno)
/opt/st/stm32cubeide_1.4.0/plugins/com.st.stm32cube.ide.mcu.externaltools.gnu-tools-for-stm32.7-2018-q2-update.linux64_1.4.0.202007081208/tools/bin/../lib/gcc/arm-none-eabi/7.3.1/../../../../arm-none-eabi/lib/thumb/v7-m/libc_nano.a(lib_a-exit.o)
                              /opt/st/stm32cubeide_1.4.0/plugins/com.st.stm32cube.ide.mcu.externaltools.gnu-tools-for-stm32.7-2018-q2-update.linux64_1.4.0.202007081208/tools/bin/../lib/gcc/arm-none-eabi/7.3.1/../../../../arm-none-eabi/lib/thumb/v7-m/crt0.o (exit)
/opt/st/stm32cubeide_1.4.0/plugins/com.st.stm32cube.ide.mcu.externaltools.gnu-tools-for-stm32.7-2018-q2-update.linux64_1.4.0.202007081208/tools/bin/../lib/gcc/arm-none-eabi/7.3.1/../../../../arm-none-eabi/lib/thumb/v7-m/libc_nano.a(lib_a-impure.o)
                              /opt/st/stm32cubeide_1.4.0/plugins/com.st.stm32cube.ide.mcu.externaltools.gnu-tools-for-stm32.7-2018-q2-update.linux64_1.4.0.202007081208/tools/bin/../lib/gcc/arm-none-eabi/7.3.1/../../../../arm-none-eabi/lib/thumb/v7-m/libc_nano.a(lib_a-exit.o) (_global_impure_ptr)
/opt/st/stm32cubeide_1.4.0/plugins/com.st.stm32cube.ide.mcu.externaltools.gnu-tools-for-stm32.7-2018-q2-update.linux64_1.4.0.202007081208/tools/bin/../lib/gcc/arm-none-eabi/7.3.1/../../../../arm-none-eabi/lib/thumb/v7-m/libc_nano.a(lib_a-init.o)
                              /opt/st/stm32cubeide_1.4.0/plugins/com.st.stm32cube.ide.mcu.externaltools.gnu-tools-for-stm32.7-2018-q2-update.linux64_1.4.0.202007081208/tools/bin/../lib/gcc/arm-none-eabi/7.3.1/../../../../arm-none-eabi/lib/thumb/v7-m/crt0.o (__libc_init_array)
/opt/st/stm32cubeide_1.4.0/plugins/com.st.stm32cube.ide.mcu.externaltools.gnu-tools-for-stm32.7-2018-q2-update.linux64_1.4.0.202007081208/tools/bin/../lib/gcc/arm-none-eabi/7.3.1/../../../../arm-none-eabi/lib/thumb/v7-m/libc_nano.a(lib_a-malloc.o)
                              Core/Src/sensor_bme280.o (malloc)
/opt/st/stm32cubeide_1.4.0/plugins/com.st.stm32cube.ide.mcu.externaltools.gnu-tools-for-stm32.7-2018-q2-update.linux64_1.4.0.202007081208/tools/bin/../lib/gcc/arm-none-eabi/7.3.1/../../../../arm-none-eabi/lib/thumb/v7-m/libc_nano.a(lib_a-memset.o)
                              /opt/st/stm32cubeide_1.4.0/plugins/com.st.stm32cube.ide.mcu.externaltools.gnu-tools-for-stm32.7-2018-q2-update.linux64_1.4.0.202007081208/tools/bin/../lib/gcc/arm-none-eabi/7.3.1/../../../../arm-none-eabi/lib/thumb/v7-m/crt0.o (memset)
/opt/st/stm32cubeide_1.4.0/plugins/com.st.stm32cube.ide.mcu.externaltools.gnu-tools-for-stm32.7-2018-q2-update.linux64_1.4.0.202007081208/tools/bin/../lib/gcc/arm-none-eabi/7.3.1/../../../../arm-none-eabi/lib/thumb/v7-m/libc_nano.a(lib_a-nano-freer.o)
                              /opt/st/stm32cubeide_1.4.0/plugins/com.st.stm32cube.ide.mcu.externaltools.gnu-tools-for-stm32.7-2018-q2-update.linux64_1.4.0.202007081208/tools/bin/../lib/gcc/arm-none-eabi/7.3.1/../../../../arm-none-eabi/lib/thumb/v7-m/libc_nano.a(lib_a-malloc.o) (_free_r)
/opt/st/stm32cubeide_1.4.0/plugins/com.st.stm32cube.ide.mcu.externaltools.gnu-tools-for-stm32.7-2018-q2-update.linux64_1.4.0.202007081208/tools/bin/../lib/gcc/arm-none-eabi/7.3.1/../../../../arm-none-eabi/lib/thumb/v7-m/libc_nano.a(lib_a-nano-mallocr.o)
                              /opt/st/stm32cubeide_1.4.0/plugins/com.st.stm32cube.ide.mcu.externaltools.gnu-tools-for-stm32.7-2018-q2-update.linux64_1.4.0.202007081208/tools/bin/../lib/gcc/arm-none-eabi/7.3.1/../../../../arm-none-eabi/lib/thumb/v7-m/libc_nano.a(lib_a-malloc.o) (_malloc_r)
/opt/st/stm32cubeide_1.4.0/plugins/com.st.stm32cube.ide.mcu.externaltools.gnu-tools-for-stm32.7-2018-q2-update.linux64_1.4.0.202007081208/tools/bin/../lib/gcc/arm-none-eabi/7.3.1/../../../../arm-none-eabi/lib/thumb/v7-m/libc_nano.a(lib_a-nano-vfprintf_float.o)
                              (_printf_float)
/opt/st/stm32cubeide_1.4.0/plugins/com.st.stm32cube.ide.mcu.externaltools.gnu-tools-for-stm32.7-2018-q2-update.linux64_1.4.0.202007081208/tools/bin/../lib/gcc/arm-none-eabi/7.3.1/../../../../arm-none-eabi/lib/thumb/v7-m/libc_nano.a(lib_a-nano-vfprintf_i.o)
                              /opt/st/stm32cubeide_1.4.0/plugins/com.st.stm32cube.ide.mcu.externaltools.gnu-tools-for-stm32.7-2018-q2-update.linux64_1.4.0.202007081208/tools/bin/../lib/gcc/arm-none-eabi/7.3.1/../../../../arm-none-eabi/lib/thumb/v7-m/libc_nano.a(lib_a-nano-vfprintf_float.o) (_printf_common)
/opt/st/stm32cubeide_1.4.0/plugins/com.st.stm32cube.ide.mcu.externaltools.gnu-tools-for-stm32.7-2018-q2-update.linux64_1.4.0.202007081208/tools/bin/../lib/gcc/arm-none-eabi/7.3.1/../../../../arm-none-eabi/lib/thumb/v7-m/libc_nano.a(lib_a-sbrkr.o)
[...]
Memory Configuration

Name             Origin             Length             Attributes
RAM              0x0000000020000000 0x000000000000c000 xrw
FLASH            0x0000000008000000 0x0000000000040000 xr
*default*        0x0000000000000000 0xffffffffffffffff

Linker script and memory map

LOAD /opt/st/stm32cubeide_1.4.0/plugins/com.st.stm32cube.ide.mcu.externaltools.gnu-tools-for-stm32.7-2018-q2-update.linux64_1.4.0.202007081208/tools/bin/../lib/gcc/arm-none-eabi/7.3.1/thumb/v7-m/crti.o
LOAD /opt/st/stm32cubeide_1.4.0/plugins/com.st.stm32cube.ide.mcu.externaltools.gnu-tools-for-stm32.7-2018-q2-update.linux64_1.4.0.202007081208/tools/bin/../lib/gcc/arm-none-eabi/7.3.1/thumb/v7-m/crtbegin.o
LOAD /opt/st/stm32cubeide_1.4.0/plugins/com.st.stm32cube.ide.mcu.externaltools.gnu-tools-for-stm32.7-2018-q2-update.linux64_1.4.0.202007081208/tools/bin/../lib/gcc/arm-none-eabi/7.3.1/../../../../arm-none-eabi/lib/thumb/v7-m/crt0.o
LOAD Core/Src/gpio.o
LOAD Core/Src/main.o
LOAD Core/Src/rps.o
LOAD Core/Src/rtc.o
LOAD Core/Src/sdio.o
LOAD Core/Src/sensor_bme280.o
LOAD Core/Src/spi.o
LOAD Core/Src/stm32f1xx_hal_msp.o
LOAD Core/Src/stm32f1xx_it.o
LOAD Core/Src/syscalls.o
LOAD Core/Src/sysmem.o
LOAD Core/Src/system_stm32f1xx.o
LOAD Core/Startup/startup_stm32f103rctx.o
LOAD Drivers/STM32F1xx_HAL_Driver/Src/stm32f1xx_hal.o
LOAD Drivers/STM32F1xx_HAL_Driver/Src/stm32f1xx_hal_cortex.o
LOAD Drivers/STM32F1xx_HAL_Driver/Src/stm32f1xx_hal_dma.o
LOAD Drivers/STM32F1xx_HAL_Driver/Src/stm32f1xx_hal_exti.o
LOAD Drivers/STM32F1xx_HAL_Driver/Src/stm32f1xx_hal_flash.o
LOAD Drivers/STM32F1xx_HAL_Driver/Src/stm32f1xx_hal_flash_ex.o
LOAD Drivers/STM32F1xx_HAL_Driver/Src/stm32f1xx_hal_gpio.o
LOAD Drivers/STM32F1xx_HAL_Driver/Src/stm32f1xx_hal_gpio_ex.o
LOAD Drivers/STM32F1xx_HAL_Driver/Src/stm32f1xx_hal_pcd.o
LOAD Drivers/STM32F1xx_HAL_Driver/Src/stm32f1xx_hal_pcd_ex.o
LOAD Drivers/STM32F1xx_HAL_Driver/Src/stm32f1xx_hal_pwr.o
LOAD Drivers/STM32F1xx_HAL_Driver/Src/stm32f1xx_hal_rcc.o
LOAD Drivers/STM32F1xx_HAL_Driver/Src/stm32f1xx_hal_rcc_ex.o
LOAD Drivers/STM32F1xx_HAL_Driver/Src/stm32f1xx_hal_rtc.o
LOAD Drivers/STM32F1xx_HAL_Driver/Src/stm32f1xx_hal_rtc_ex.o
LOAD Drivers/STM32F1xx_HAL_Driver/Src/stm32f1xx_hal_sd.o
LOAD Drivers/STM32F1xx_HAL_Driver/Src/stm32f1xx_hal_spi.o
LOAD Drivers/STM32F1xx_HAL_Driver/Src/stm32f1xx_hal_tim.o
LOAD Drivers/STM32F1xx_HAL_Driver/Src/stm32f1xx_hal_tim_ex.o
LOAD Drivers/STM32F1xx_HAL_Driver/Src/stm32f1xx_ll_sdmmc.o
LOAD Drivers/STM32F1xx_HAL_Driver/Src/stm32f1xx_ll_usb.o
LOAD FATFS/App/fatfs.o
LOAD FATFS/Target/bsp_driver_sd.o
LOAD FATFS/Target/fatfs_platform.o
LOAD Middlewares/ST/STM32_USB_Device_Library/Class/CDC/Src/usbd_cdc.o
LOAD Middlewares/ST/STM32_USB_Device_Library/Core/Src/usbd_core.o
LOAD Middlewares/ST/STM32_USB_Device_Library/Core/Src/usbd_ctlreq.o
LOAD Middlewares/ST/STM32_USB_Device_Library/Core/Src/usbd_ioreq.o
LOAD Middlewares/Third_Party/FatFs/src/diskio.o
LOAD Middlewares/Third_Party/FatFs/src/ff.o
LOAD Middlewares/Third_Party/FatFs/src/ff_gen_drv.o
LOAD Middlewares/Third_Party/FatFs/src/drivers/sd_diskio.o
LOAD Middlewares/Third_Party/FatFs/src/option/syscall.o
LOAD USB_DEVICE/App/usb_device.o
LOAD USB_DEVICE/App/usbd_cdc_if.o
LOAD USB_DEVICE/App/usbd_desc.o
LOAD USB_DEVICE/Target/usbd_conf.o
START GROUP
LOAD /opt/st/stm32cubeide_1.4.0/plugins/com.st.stm32cube.ide.mcu.externaltools.gnu-tools-for-stm32.7-2018-q2-update.linux64_1.4.0.202007081208/tools/bin/../lib/gcc/arm-none-eabi/7.3.1/../../../../arm-none-eabi/lib/thumb/v7-m/libc_nano.a
LOAD /opt/st/stm32cubeide_1.4.0/plugins/com.st.stm32cube.ide.mcu.externaltools.gnu-tools-for-stm32.7-2018-q2-update.linux64_1.4.0.202007081208/tools/bin/../lib/gcc/arm-none-eabi/7.3.1/../../../../arm-none-eabi/lib/thumb/v7-m/libm.a
END GROUP
START GROUP
LOAD /opt/st/stm32cubeide_1.4.0/plugins/com.st.stm32cube.ide.mcu.externaltools.gnu-tools-for-stm32.7-2018-q2-update.linux64_1.4.0.202007081208/tools/bin/../lib/gcc/arm-none-eabi/7.3.1/thumb/v7-m/libgcc.a
LOAD /opt/st/stm32cubeide_1.4.0/plugins/com.st.stm32cube.ide.mcu.externaltools.gnu-tools-for-stm32.7-2018-q2-update.linux64_1.4.0.202007081208/tools/bin/../lib/gcc/arm-none-eabi/7.3.1/../../../../arm-none-eabi/lib/thumb/v7-m/libc_nano.a
END GROUP
START GROUP
LOAD /opt/st/stm32cubeide_1.4.0/plugins/com.st.stm32cube.ide.mcu.externaltools.gnu-tools-for-stm32.7-2018-q2-update.linux64_1.4.0.202007081208/tools/bin/../lib/gcc/arm-none-eabi/7.3.1/thumb/v7-m/libgcc.a
LOAD /opt/st/stm32cubeide_1.4.0/plugins/com.st.stm32cube.ide.mcu.externaltools.gnu-tools-for-stm32.7-2018-q2-update.linux64_1.4.0.202007081208/tools/bin/../lib/gcc/arm-none-eabi/7.3.1/../../../../arm-none-eabi/lib/thumb/v7-m/libc_nano.a
LOAD /opt/st/stm32cubeide_1.4.0/plugins/com.st.stm32cube.ide.mcu.externaltools.gnu-tools-for-stm32.7-2018-q2-update.linux64_1.4.0.202007081208/tools/bin/../lib/gcc/arm-none-eabi/7.3.1/../../../../arm-none-eabi/lib/thumb/v7-m/libnosys.a
END GROUP
START GROUP
LOAD /opt/st/stm32cubeide_1.4.0/plugins/com.st.stm32cube.ide.mcu.externaltools.gnu-tools-for-stm32.7-2018-q2-update.linux64_1.4.0.202007081208/tools/bin/../lib/gcc/arm-none-eabi/7.3.1/thumb/v7-m/libgcc.a
LOAD /opt/st/stm32cubeide_1.4.0/plugins/com.st.stm32cube.ide.mcu.externaltools.gnu-tools-for-stm32.7-2018-q2-update.linux64_1.4.0.202007081208/tools/bin/../lib/gcc/arm-none-eabi/7.3.1/../../../../arm-none-eabi/lib/thumb/v7-m/libc_nano.a
LOAD /opt/st/stm32cubeide_1.4.0/plugins/com.st.stm32cube.ide.mcu.externaltools.gnu-tools-for-stm32.7-2018-q2-update.linux64_1.4.0.202007081208/tools/bin/../lib/gcc/arm-none-eabi/7.3.1/../../../../arm-none-eabi/lib/thumb/v7-m/libnosys.a
END GROUP
LOAD /opt/st/stm32cubeide_1.4.0/plugins/com.st.stm32cube.ide.mcu.externaltools.gnu-tools-for-stm32.7-2018-q2-update.linux64_1.4.0.202007081208/tools/bin/../lib/gcc/arm-none-eabi/7.3.1/thumb/v7-m/crtend.o
LOAD /opt/st/stm32cubeide_1.4.0/plugins/com.st.stm32cube.ide.mcu.externaltools.gnu-tools-for-stm32.7-2018-q2-update.linux64_1.4.0.202007081208/tools/bin/../lib/gcc/arm-none-eabi/7.3.1/thumb/v7-m/crtn.o
                0x000000002000c000                _estack = (ORIGIN (RAM) + LENGTH (RAM))
                0x0000000000000200                _Min_Heap_Size = 0x200
                0x0000000000000400                _Min_Stack_Size = 0x400

.isr_vector     0x0000000008000000      0x1e4
                0x0000000008000000                . = ALIGN (0x4)
 *(.isr_vector)
 .isr_vector    0x0000000008000000      0x1e4 Core/Startup/startup_stm32f103rctx.o
                0x0000000008000000                g_pfnVectors
                0x00000000080001e4                . = ALIGN (0x4)

.text           0x00000000080001e8     0xa9f8
                0x00000000080001e8                . = ALIGN (0x4)
 *(.text)
 .text          0x00000000080001e8       0x40 /opt/st/stm32cubeide_1.4.0/plugins/com.st.stm32cube.ide.mcu.externaltools.gnu-tools-for-stm32.7-2018-q2-update.linux64_1.4.0.202007081208/tools/bin/../lib/gcc/arm-none-eabi/7.3.1/thumb/v7-m/crtbegin.o
 .text          0x0000000008000228       0x10 /opt/st/stm32cubeide_1.4.0/plugins/com.st.stm32cube.ide.mcu.externaltools.gnu-tools-for-stm32.7-2018-q2-update.linux64_1.4.0.202007081208/tools/bin/../lib/gcc/arm-none-eabi/7.3.1/../../../../arm-none-eabi/lib/thumb/v7-m/libc_nano.a(lib_a-strlen.o)
                0x0000000008000228                strlen
 .text          0x0000000008000238      0x378 /opt/st/stm32cubeide_1.4.0/plugins/com.st.stm32cube.ide.mcu.externaltools.gnu-tools-for-stm32.7-2018-q2-update.linux64_1.4.0.202007081208/tools/bin/../lib/gcc/arm-none-eabi/7.3.1/thumb/v7-m/libgcc.a(_arm_addsubdf3.o)
                0x0000000008000238                __aeabi_drsub
                0x0000000008000240                __aeabi_dsub
                0x0000000008000240                __subdf3
                0x0000000008000244                __adddf3
                0x0000000008000244                __aeabi_dadd
                0x00000000080004bc                __aeabi_ui2d
                0x00000000080004bc                __floatunsidf
                0x00000000080004dc                __floatsidf
                0x00000000080004dc                __aeabi_i2d
                0x0000000008000500                __extendsfdf2
                0x0000000008000500                __aeabi_f2d
                0x0000000008000544                __aeabi_ul2d
                0x0000000008000544                __floatundidf
                0x0000000008000554                __floatdidf
                0x0000000008000554                __aeabi_l2d
 .text          0x00000000080005b0      0x424 /opt/st/stm32cubeide_1.4.0/plugins/com.st.stm32cube.ide.mcu.externaltools.gnu-tools-for-stm32.7-2018-q2-update.linux64_1.4.0.202007081208/tools/bin/../lib/gcc/arm-none-eabi/7.3.1/thumb/v7-m/libgcc.a(_arm_muldivdf3.o)
                0x00000000080005b0                __aeabi_dmul
                0x00000000080005b0                __muldf3
                0x0000000008000804                __aeabi_ddiv
                0x0000000008000804                __divdf3
 .text          0x00000000080009d4      0x110 /opt/st/stm32cubeide_1.4.0/plugins/com.st.stm32cube.ide.mcu.externaltools.gnu-tools-for-stm32.7-2018-q2-update.linux64_1.4.0.202007081208/tools/bin/../lib/gcc/arm-none-eabi/7.3.1/thumb/v7-m/libgcc.a(_arm_cmpdf2.o)
                0x00000000080009d4                __gtdf2
                0x00000000080009d4                __gedf2
                0x00000000080009dc                __ltdf2
                0x00000000080009dc                __ledf2
                0x00000000080009e4                __cmpdf2
                0x00000000080009e4                __eqdf2
                0x00000000080009e4                __nedf2
                0x0000000008000a60                __aeabi_cdrcmple
                0x0000000008000a70                __aeabi_cdcmple
                0x0000000008000a70                __aeabi_cdcmpeq
                0x0000000008000a80                __aeabi_dcmpeq
                0x0000000008000a94                __aeabi_dcmplt
                0x0000000008000aa8                __aeabi_dcmple
                0x0000000008000abc                __aeabi_dcmpge
                0x0000000008000ad0                __aeabi_dcmpgt
 .text          0x0000000008000ae4       0x2c /opt/st/stm32cubeide_1.4.0/plugins/com.st.stm32cube.ide.mcu.externaltools.gnu-tools-for-stm32.7-2018-q2-update.linux64_1.4.0.202007081208/tools/bin/../lib/gcc/arm-none-eabi/7.3.1/thumb/v7-m/libgcc.a(_arm_unorddf2.o)
                0x0000000008000ae4                __aeabi_dcmpun
                0x0000000008000ae4                __unorddf2
 .text          0x0000000008000b10       0x50 /opt/st/stm32cubeide_1.4.0/plugins/com.st.stm32cube.ide.mcu.externaltools.gnu-tools-for-stm32.7-2018-q2-update.linux64_1.4.0.202007081208/tools/bin/../lib/gcc/arm-none-eabi/7.3.1/thumb/v7-m/libgcc.a(_arm_fixdfsi.o)
                0x0000000008000b10                __fixdfsi
                0x0000000008000b10                __aeabi_d2iz
 .text          0x0000000008000b60      0x21c /opt/st/stm32cubeide_1.4.0/plugins/com.st.stm32cube.ide.mcu.externaltools.gnu-tools-for-stm32.7-2018-q2-update.linux64_1.4.0.202007081208/tools/bin/../lib/gcc/arm-none-eabi/7.3.1/thumb/v7-m/libgcc.a(_arm_addsubsf3.o)
                0x0000000008000b60                __aeabi_frsub
                0x0000000008000b68                __subsf3
                0x0000000008000b68                __aeabi_fsub
                0x0000000008000b6c                __aeabi_fadd
                0x0000000008000b6c                __addsf3
                0x0000000008000ccc                __aeabi_ui2f
                0x0000000008000ccc                __floatunsisf
                0x0000000008000cd4                __aeabi_i2f
                0x0000000008000cd4                __floatsisf
                0x0000000008000cf0                __floatundisf
                0x0000000008000cf0                __aeabi_ul2f
                0x0000000008000d00                __floatdisf
                0x0000000008000d00                __aeabi_l2f
 .text          0x0000000008000d7c      0x2a0 /opt/st/stm32cubeide_1.4.0/plugins/com.st.stm32cube.ide.mcu.externaltools.gnu-tools-for-stm32.7-2018-q2-update.linux64_1.4.0.202007081208/tools/bin/../lib/gcc/arm-none-eabi/7.3.1/thumb/v7-m/libgcc.a(_arm_muldivsf3.o)
                0x0000000008000d7c                __mulsf3
                0x0000000008000d7c                __aeabi_fmul
                0x0000000008000ee4                __divsf3
                0x0000000008000ee4                __aeabi_fdiv
 .text          0x000000000800101c       0xa0 /opt/st/stm32cubeide_1.4.0/plugins/com.st.stm32cube.ide.mcu.externaltools.gnu-tools-for-stm32.7-2018-q2-update.linux64_1.4.0.202007081208/tools/bin/../lib/gcc/arm-none-eabi/7.3.1/thumb/v7-m/libgcc.a(_aeabi_ldivmod.o)
                0x000000000800101c                __aeabi_ldivmod
 .text          0x00000000080010bc      0x2d0 /opt/st/stm32cubeide_1.4.0/plugins/com.st.stm32cube.ide.mcu.externaltools.gnu-tools-for-stm32.7-2018-q2-update.linux64_1.4.0.202007081208/tools/bin/../lib/gcc/arm-none-eabi/7.3.1/thumb/v7-m/libgcc.a(_udivmoddi4.o)
                0x00000000080010bc                __udivmoddi4
 .text          0x000000000800138c        0x4 /opt/st/stm32cubeide_1.4.0/plugins/com.st.stm32cube.ide.mcu.externaltools.gnu-tools-for-stm32.7-2018-q2-update.linux64_1.4.0.202007081208/tools/bin/../lib/gcc/arm-none-eabi/7.3.1/thumb/v7-m/libgcc.a(_dvmd_tls.o)
                0x000000000800138c                __aeabi_ldiv0
                0x000000000800138c                __aeabi_idiv0
 *(.text*)
 .text.MX_GPIO_Init
                0x0000000008001390      0x120 Core/Src/gpio.o
                0x0000000008001390                MX_GPIO_Init
 .text.setAlarm
                0x00000000080014b0       0x78 Core/Src/main.o
                0x00000000080014b0                setAlarm
 .text.SystemClock_Config
                0x0000000008001528       0x76 Core/Src/main.o
                0x0000000008001528                SystemClock_Config
 *fill*         0x000000000800159e        0x2 
 .text.startup.main
                0x00000000080015a0      0x20c Core/Src/main.o
                0x00000000080015a0                main
 .text.HAL_GPIO_EXTI_Callback
                0x00000000080017ac       0x40 Core/Src/main.o
                0x00000000080017ac                HAL_GPIO_EXTI_Callback
 .text.Error_Handler
                0x00000000080017ec        0x2 Core/Src/main.o
                0x00000000080017ec                Error_Handler
 .text.clearTableChar
                0x00000000080017ee        0xc Core/Src/rps.o
                0x00000000080017ee                clearTableChar
 *fill*         0x00000000080017fa        0x2 
 .text.writeDateToBackupRegister
                0x00000000080017fc       0x34 Core/Src/rps.o
                0x00000000080017fc                writeDateToBackupRegister
 .text.readMeasurementIntervalFromBackupRegister
                0x0000000008001830       0x14 Core/Src/rps.o
                0x0000000008001830                readMeasurementIntervalFromBackupRegister
 .text.writeMeasurementIntervalToBackupRegister
                0x0000000008001844       0x24 Core/Src/rps.o
                0x0000000008001844                writeMeasurementIntervalToBackupRegister
 .text.readDaysPerFileSettingFromBKUP
                0x0000000008001868       0x14 Core/Src/rps.o
                0x0000000008001868                readDaysPerFileSettingFromBKUP
 .text.writeDaysPerFileSettingToBackupRegister
                0x000000000800187c       0x24 Core/Src/rps.o
                0x000000000800187c                writeDaysPerFileSettingToBackupRegister
 .text.writeLastMeasTimeToBKUP
                0x00000000080018a0       0x14 Core/Src/rps.o
                0x00000000080018a0                writeLastMeasTimeToBKUP
 .text.readLastMeasTimeFromBKUP
                0x00000000080018b4       0x1c Core/Src/rps.o
                0x00000000080018b4                readLastMeasTimeFromBKUP
 .text.tasksWithReceivedDataFromPC
                0x00000000080018d0      0x2e0 Core/Src/rps.o
                0x00000000080018d0                tasksWithReceivedDataFromPC
 .text.presentWeekInMonth
                0x0000000008001bb0       0x54 Core/Src/rps.o
                0x0000000008001bb0                presentWeekInMonth
 .text.specifyBeginingOfFileName
                0x0000000008001c04       0x74 Core/Src/rps.o
                0x0000000008001c04                specifyBeginingOfFileName
 .text.specifyFileName
                0x0000000008001c78       0x58 Core/Src/rps.o
                0x0000000008001c78                specifyFileName
 .text.saveDataToSDCard
                0x0000000008001cd0      0x16c Core/Src/rps.o
                0x0000000008001cd0                saveDataToSDCard
 .text.HAL_RTC_MspInit
                0x0000000008001e3c       0x3c Core/Src/rtc.o
                0x0000000008001e3c                HAL_RTC_MspInit
 .text.setTime  0x0000000008001e78       0x30 Core/Src/rtc.o
                0x0000000008001e78                setTime
 .text.setDate  0x0000000008001ea8       0x40 Core/Src/rtc.o
                0x0000000008001ea8                setDate
 .text.MX_RTC_Init
                0x0000000008001ee8       0x60 Core/Src/rtc.o
                0x0000000008001ee8                MX_RTC_Init
 .text.MX_SDIO_SD_Init
                0x0000000008001f48       0x20 Core/Src/sdio.o
                0x0000000008001f48                MX_SDIO_SD_Init
 .text.HAL_SD_MspInit
                0x0000000008001f68       0x8c Core/Src/sdio.o
                0x0000000008001f68                HAL_SD_MspInit
 .text.HAL_SD_MspDeInit
                0x0000000008001ff4       0x3c Core/Src/sdio.o
                0x0000000008001ff4                HAL_SD_MspDeInit
 .text.clearTable
                0x0000000008002030        0xc Core/Src/sensor_bme280.o
                0x0000000008002030                clearTable
 .text.BME280Read
                0x000000000800203c       0x7c Core/Src/sensor_bme280.o
                0x000000000800203c                BME280Read
 .text.BME280Write
                0x00000000080020b8       0xa4 Core/Src/sensor_bme280.o
                0x00000000080020b8                BME280Write
 .text.BME280compensateT
                0x000000000800215c       0x48 Core/Src/sensor_bme280.o
                0x000000000800215c                BME280compensateT
 .text.BME280compensateP
                0x00000000080021a4      0x1b4 Core/Src/sensor_bme280.o
                0x00000000080021a4                BME280compensateP
 .text.BME280compensateH
                0x0000000008002358       0x90 Core/Src/sensor_bme280.o
                0x0000000008002358                BME280compensateH
 .text.BME280measurement
                0x00000000080023e8      0x258 Core/Src/sensor_bme280.o
                0x00000000080023e8                BME280measurement
 .text.MX_SPI1_Init
                0x0000000008002640       0x48 Core/Src/spi.o
                0x0000000008002640                MX_SPI1_Init
 .text.HAL_SPI_MspInit
                0x0000000008002688       0x74 Core/Src/spi.o
                0x0000000008002688                HAL_SPI_MspInit
 .text.HAL_MspInit
                0x00000000080026fc       0x44 Core/Src/stm32f1xx_hal_msp.o
                0x00000000080026fc                HAL_MspInit
 .text.NMI_Handler
                0x0000000008002740        0x2 Core/Src/stm32f1xx_it.o
                0x0000000008002740                NMI_Handler
 .text.HardFault_Handler
                0x0000000008002742        0x2 Core/Src/stm32f1xx_it.o
                0x0000000008002742                HardFault_Handler
 .text.MemManage_Handler
                0x0000000008002744        0x2 Core/Src/stm32f1xx_it.o
                0x0000000008002744                MemManage_Handler
 .text.BusFault_Handler
                0x0000000008002746        0x2 Core/Src/stm32f1xx_it.o
                0x0000000008002746                BusFault_Handler
 .text.UsageFault_Handler
                0x0000000008002748        0x2 Core/Src/stm32f1xx_it.o
                0x0000000008002748                UsageFault_Handler
 .text.SVC_Handler
                0x000000000800274a        0x2 Core/Src/stm32f1xx_it.o
                0x000000000800274a                SVC_Handler
 .text.DebugMon_Handler
                0x000000000800274c        0x2 Core/Src/stm32f1xx_it.o
                0x000000000800274c                DebugMon_Handler
 .text.PendSV_Handler
                0x000000000800274e        0x2 Core/Src/stm32f1xx_it.o
                0x000000000800274e                PendSV_Handler
 .text.SysTick_Handler
                0x0000000008002750        0x4 Core/Src/stm32f1xx_it.o
                0x0000000008002750                SysTick_Handler
 .text.USB_LP_CAN1_RX0_IRQHandler
                0x0000000008002754        0xc Core/Src/stm32f1xx_it.o
                0x0000000008002754                USB_LP_CAN1_RX0_IRQHandler
 .text.EXTI9_5_IRQHandler
                0x0000000008002760       0x12 Core/Src/stm32f1xx_it.o
                0x0000000008002760                EXTI9_5_IRQHandler
 *fill*         0x0000000008002772        0x2 
 .text._sbrk    0x0000000008002774       0x40 Core/Src/sysmem.o
                0x0000000008002774                _sbrk
 .text.SystemInit
                0x00000000080027b4        0x2 Core/Src/system_stm32f1xx.o
                0x00000000080027b4                SystemInit
 *fill*         0x00000000080027b6        0x2 
 .text.Reset_Handler
                0x00000000080027b8       0x48 Core/Startup/startup_stm32f103rctx.o
                0x00000000080027b8                Reset_Handler
 .text.Default_Handler
                0x0000000008002800        0x2 Core/Startup/startup_stm32f103rctx.o
                0x0000000008002800                RTC_Alarm_IRQHandler
                0x0000000008002800                EXTI2_IRQHandler
                0x0000000008002800                TIM8_TRG_COM_IRQHandler
                0x0000000008002800                TIM8_CC_IRQHandler
                0x0000000008002800                TIM1_CC_IRQHandler
                0x0000000008002800                TIM6_IRQHandler
                0x0000000008002800                PVD_IRQHandler
                0x0000000008002800                SDIO_IRQHandler
                0x0000000008002800                EXTI3_IRQHandler
                0x0000000008002800                EXTI0_IRQHandler
                0x0000000008002800                I2C2_EV_IRQHandler
                0x0000000008002800                ADC1_2_IRQHandler
                0x0000000008002800                SPI1_IRQHandler
                0x0000000008002800                TAMPER_IRQHandler
                0x0000000008002800                TIM8_UP_IRQHandler
                0x0000000008002800                DMA2_Channel2_IRQHandler
                0x0000000008002800                DMA1_Channel4_IRQHandler
                0x0000000008002800                USART3_IRQHandler
                0x0000000008002800                RTC_IRQHandler
                0x0000000008002800                DMA1_Channel7_IRQHandler
                0x0000000008002800                CAN1_RX1_IRQHandler
                0x0000000008002800                UART5_IRQHandler
                0x0000000008002800                ADC3_IRQHandler
                0x0000000008002800                TIM4_IRQHandler
                0x0000000008002800                DMA2_Channel1_IRQHandler
                0x0000000008002800                I2C1_EV_IRQHandler
                0x0000000008002800                DMA1_Channel6_IRQHandler
                0x0000000008002800                UART4_IRQHandler
                0x0000000008002800                TIM3_IRQHandler
                0x0000000008002800                RCC_IRQHandler
                0x0000000008002800                TIM1_TRG_COM_IRQHandler
                0x0000000008002800                DMA1_Channel1_IRQHandler
                0x0000000008002800                Default_Handler
                0x0000000008002800                EXTI15_10_IRQHandler
                0x0000000008002800                TIM7_IRQHandler
                0x0000000008002800                TIM5_IRQHandler
                0x0000000008002800                SPI2_IRQHandler
                0x0000000008002800                DMA1_Channel5_IRQHandler
                0x0000000008002800                EXTI4_IRQHandler
                0x0000000008002800                USB_HP_CAN1_TX_IRQHandler
                0x0000000008002800                DMA1_Channel3_IRQHandler
                0x0000000008002800                FSMC_IRQHandler
                0x0000000008002800                TIM1_UP_IRQHandler
                0x0000000008002800                WWDG_IRQHandler
                0x0000000008002800                TIM2_IRQHandler
                0x0000000008002800                TIM1_BRK_IRQHandler
                0x0000000008002800                EXTI1_IRQHandler
                0x0000000008002800                DMA2_Channel4_5_IRQHandler
                0x0000000008002800                USART2_IRQHandler
                0x0000000008002800                I2C2_ER_IRQHandler
                0x0000000008002800                DMA1_Channel2_IRQHandler
                0x0000000008002800                TIM8_BRK_IRQHandler
                0x0000000008002800                CAN1_SCE_IRQHandler
                0x0000000008002800                FLASH_IRQHandler
                0x0000000008002800                USART1_IRQHandler
                0x0000000008002800                SPI3_IRQHandler
                0x0000000008002800                I2C1_ER_IRQHandler
                0x0000000008002800                USBWakeUp_IRQHandler
                0x0000000008002800                DMA2_Channel3_IRQHandler
 *fill*         0x0000000008002802        0x2 
 .text.HAL_InitTick
                0x0000000008002804       0x48 Drivers/STM32F1xx_HAL_Driver/Src/stm32f1xx_hal.o
                0x0000000008002804                HAL_InitTick
 .text.HAL_Init
                0x000000000800284c       0x24 Drivers/STM32F1xx_HAL_Driver/Src/stm32f1xx_hal.o
                0x000000000800284c                HAL_Init
 .text.HAL_IncTick
                0x0000000008002870       0x18 Drivers/STM32F1xx_HAL_Driver/Src/stm32f1xx_hal.o
                0x0000000008002870                HAL_IncTick
 .text.HAL_GetTick
                0x0000000008002888        0xc Drivers/STM32F1xx_HAL_Driver/Src/stm32f1xx_hal.o
                0x0000000008002888                HAL_GetTick
 .text.HAL_Delay
                0x0000000008002894       0x24 Drivers/STM32F1xx_HAL_Driver/Src/stm32f1xx_hal.o
                0x0000000008002894                HAL_Delay
 .text.HAL_NVIC_SetPriorityGrouping
                0x00000000080028b8       0x24 Drivers/STM32F1xx_HAL_Driver/Src/stm32f1xx_hal_cortex.o
                0x00000000080028b8                HAL_NVIC_SetPriorityGrouping
 .text.HAL_NVIC_SetPriority
                0x00000000080028dc       0x68 Drivers/STM32F1xx_HAL_Driver/Src/stm32f1xx_hal_cortex.o
                0x00000000080028dc                HAL_NVIC_SetPriority
 .text.HAL_NVIC_EnableIRQ
                0x0000000008002944       0x1c Drivers/STM32F1xx_HAL_Driver/Src/stm32f1xx_hal_cortex.o
                0x0000000008002944                HAL_NVIC_EnableIRQ
 .text.HAL_SYSTICK_Config
                0x0000000008002960       0x2c Drivers/STM32F1xx_HAL_Driver/Src/stm32f1xx_hal_cortex.o
                0x0000000008002960                HAL_SYSTICK_Config
 .text.HAL_GPIO_Init
                0x000000000800298c      0x1d8 Drivers/STM32F1xx_HAL_Driver/Src/stm32f1xx_hal_gpio.o
                0x000000000800298c                HAL_GPIO_Init
 .text.HAL_GPIO_DeInit
                0x0000000008002b64      0x100 Drivers/STM32F1xx_HAL_Driver/Src/stm32f1xx_hal_gpio.o
                0x0000000008002b64                HAL_GPIO_DeInit
 .text.HAL_GPIO_ReadPin
                0x0000000008002c64        0xc Drivers/STM32F1xx_HAL_Driver/Src/stm32f1xx_hal_gpio.o
                0x0000000008002c64                HAL_GPIO_ReadPin
 .text.HAL_GPIO_WritePin
                0x0000000008002c70        0xa Drivers/STM32F1xx_HAL_Driver/Src/stm32f1xx_hal_gpio.o
                0x0000000008002c70                HAL_GPIO_WritePin
 *fill*         0x0000000008002c7a        0x2 
 .text.HAL_GPIO_EXTI_IRQHandler
                0x0000000008002c7c       0x18 Drivers/STM32F1xx_HAL_Driver/Src/stm32f1xx_hal_gpio.o
                0x0000000008002c7c                HAL_GPIO_EXTI_IRQHandler
 .text.HAL_PCD_Init
                0x0000000008002c94       0xf0 Drivers/STM32F1xx_HAL_Driver/Src/stm32f1xx_hal_pcd.o
                0x0000000008002c94                HAL_PCD_Init
 .text.HAL_PCD_Start
                0x0000000008002d84       0x32 Drivers/STM32F1xx_HAL_Driver/Src/stm32f1xx_hal_pcd.o
                0x0000000008002d84                HAL_PCD_Start
 .text.HAL_PCD_SetAddress
                0x0000000008002db6       0x28 Drivers/STM32F1xx_HAL_Driver/Src/stm32f1xx_hal_pcd.o
                0x0000000008002db6                HAL_PCD_SetAddress
 *fill*         0x0000000008002dde        0x2 
 .text.HAL_PCD_IRQHandler
                0x0000000008002de0      0x844 Drivers/STM32F1xx_HAL_Driver/Src/stm32f1xx_hal_pcd.o
                0x0000000008002de0                HAL_PCD_IRQHandler
 .text.HAL_PCD_EP_Open
                0x0000000008003624       0x64 Drivers/STM32F1xx_HAL_Driver/Src/stm32f1xx_hal_pcd.o
                0x0000000008003624                HAL_PCD_EP_Open
 .text.HAL_PCD_EP_Close
                0x0000000008003688       0x52 Drivers/STM32F1xx_HAL_Driver/Src/stm32f1xx_hal_pcd.o
                0x0000000008003688                HAL_PCD_EP_Close
 .text.HAL_PCD_EP_Receive
                0x00000000080036da       0x32 Drivers/STM32F1xx_HAL_Driver/Src/stm32f1xx_hal_pcd.o
                0x00000000080036da                HAL_PCD_EP_Receive
 .text.HAL_PCD_EP_GetRxCount
                0x000000000800370c       0x10 Drivers/STM32F1xx_HAL_Driver/Src/stm32f1xx_hal_pcd.o
                0x000000000800370c                HAL_PCD_EP_GetRxCount
 .text.HAL_PCD_EP_Transmit
                0x000000000800371c       0x34 Drivers/STM32F1xx_HAL_Driver/Src/stm32f1xx_hal_pcd.o
                0x000000000800371c                HAL_PCD_EP_Transmit
 .text.HAL_PCD_EP_SetStall
                0x0000000008003750       0x68 Drivers/STM32F1xx_HAL_Driver/Src/stm32f1xx_hal_pcd.o
                0x0000000008003750                HAL_PCD_EP_SetStall
 .text.HAL_PCD_EP_ClrStall
                0x00000000080037b8       0x64 Drivers/STM32F1xx_HAL_Driver/Src/stm32f1xx_hal_pcd.o
                0x00000000080037b8                HAL_PCD_EP_ClrStall
 .text.HAL_PCDEx_PMAConfig
                0x000000000800381c       0x36 Drivers/STM32F1xx_HAL_Driver/Src/stm32f1xx_hal_pcd_ex.o
                0x000000000800381c                HAL_PCDEx_PMAConfig
 *fill*         0x0000000008003852        0x2 
 .text.HAL_PWR_EnableBkUpAccess
                0x0000000008003854        0xc Drivers/STM32F1xx_HAL_Driver/Src/stm32f1xx_hal_pwr.o
                0x0000000008003854                HAL_PWR_EnableBkUpAccess
 .text.HAL_PWR_EnterSTANDBYMode
                0x0000000008003860       0x20 Drivers/STM32F1xx_HAL_Driver/Src/stm32f1xx_hal_pwr.o
                0x0000000008003860                HAL_PWR_EnterSTANDBYMode
 .text.HAL_RCC_OscConfig
                0x0000000008003880      0x33c Drivers/STM32F1xx_HAL_Driver/Src/stm32f1xx_hal_rcc.o
                0x0000000008003880                HAL_RCC_OscConfig
 .text.HAL_RCC_GetSysClockFreq
                0x0000000008003bbc       0x74 Drivers/STM32F1xx_HAL_Driver/Src/stm32f1xx_hal_rcc.o
                0x0000000008003bbc                HAL_RCC_GetSysClockFreq
 .text.HAL_RCC_ClockConfig
                0x0000000008003c30      0x138 Drivers/STM32F1xx_HAL_Driver/Src/stm32f1xx_hal_rcc.o
                0x0000000008003c30                HAL_RCC_ClockConfig
 .text.HAL_RCC_GetPCLK2Freq
                0x0000000008003d68       0x20 Drivers/STM32F1xx_HAL_Driver/Src/stm32f1xx_hal_rcc.o
                0x0000000008003d68                HAL_RCC_GetPCLK2Freq
 .text.HAL_RCCEx_PeriphCLKConfig
                0x0000000008003d88       0xf0 Drivers/STM32F1xx_HAL_Driver/Src/stm32f1xx_hal_rcc_ex.o
                0x0000000008003d88                HAL_RCCEx_PeriphCLKConfig
 .text.HAL_RCCEx_GetPeriphCLKFreq
                0x0000000008003e78      0x100 Drivers/STM32F1xx_HAL_Driver/Src/stm32f1xx_hal_rcc_ex.o
                0x0000000008003e78                HAL_RCCEx_GetPeriphCLKFreq
 .text.RTC_ReadTimeCounter
                0x0000000008003f78       0x24 Drivers/STM32F1xx_HAL_Driver/Src/stm32f1xx_hal_rtc.o
 .text.RTC_ReadAlarmCounter
                0x0000000008003f9c        0xe Drivers/STM32F1xx_HAL_Driver/Src/stm32f1xx_hal_rtc.o
 .text.RTC_ByteToBcd2
                0x0000000008003faa       0x16 Drivers/STM32F1xx_HAL_Driver/Src/stm32f1xx_hal_rtc.o
 .text.RTC_Bcd2ToByte
                0x0000000008003fc0       0x10 Drivers/STM32F1xx_HAL_Driver/Src/stm32f1xx_hal_rtc.o
 .text.RTC_WeekDayNum
                0x0000000008003fd0       0x62 Drivers/STM32F1xx_HAL_Driver/Src/stm32f1xx_hal_rtc.o
 .text.RTC_EnterInitMode
                0x0000000008004032       0x2e Drivers/STM32F1xx_HAL_Driver/Src/stm32f1xx_hal_rtc.o
 .text.RTC_ExitInitMode
                0x0000000008004060       0x30 Drivers/STM32F1xx_HAL_Driver/Src/stm32f1xx_hal_rtc.o
 .text.RTC_WriteTimeCounter
                0x0000000008004090       0x28 Drivers/STM32F1xx_HAL_Driver/Src/stm32f1xx_hal_rtc.o
 .text.RTC_WriteAlarmCounter
                0x00000000080040b8       0x28 Drivers/STM32F1xx_HAL_Driver/Src/stm32f1xx_hal_rtc.o
 .text.HAL_RTC_SetTime
                0x00000000080040e0       0xa2 Drivers/STM32F1xx_HAL_Driver/Src/stm32f1xx_hal_rtc.o
                0x00000000080040e0                HAL_RTC_SetTime
 *fill*         0x0000000008004182        0x2 
 .text.HAL_RTC_GetTime
                0x0000000008004184      0x16c Drivers/STM32F1xx_HAL_Driver/Src/stm32f1xx_hal_rtc.o
                0x0000000008004184                HAL_RTC_GetTime
 .text.HAL_RTC_SetDate
                0x00000000080042f0       0xb0 Drivers/STM32F1xx_HAL_Driver/Src/stm32f1xx_hal_rtc.o
                0x00000000080042f0                HAL_RTC_SetDate
 .text.HAL_RTC_GetDate
                0x00000000080043a0       0x58 Drivers/STM32F1xx_HAL_Driver/Src/stm32f1xx_hal_rtc.o
                0x00000000080043a0                HAL_RTC_GetDate
 .text.HAL_RTC_SetAlarm
                0x00000000080043f8       0xb8 Drivers/STM32F1xx_HAL_Driver/Src/stm32f1xx_hal_rtc.o
                0x00000000080043f8                HAL_RTC_SetAlarm
 .text.HAL_RTC_DeactivateAlarm
                0x00000000080044b0       0x6e Drivers/STM32F1xx_HAL_Driver/Src/stm32f1xx_hal_rtc.o
                0x00000000080044b0                HAL_RTC_DeactivateAlarm
 .text.HAL_RTC_WaitForSynchro
                0x000000000800451e       0x36 Drivers/STM32F1xx_HAL_Driver/Src/stm32f1xx_hal_rtc.o
                0x000000000800451e                HAL_RTC_WaitForSynchro
 .text.HAL_RTC_Init
                0x0000000008004554       0xa0 Drivers/STM32F1xx_HAL_Driver/Src/stm32f1xx_hal_rtc.o
                0x0000000008004554                HAL_RTC_Init
 .text.HAL_RTCEx_BKUPWrite
                0x00000000080045f4       0x10 Drivers/STM32F1xx_HAL_Driver/Src/stm32f1xx_hal_rtc_ex.o
                0x00000000080045f4                HAL_RTCEx_BKUPWrite
 .text.HAL_RTCEx_BKUPRead
                0x0000000008004604       0x10 Drivers/STM32F1xx_HAL_Driver/Src/stm32f1xx_hal_rtc_ex.o
                0x0000000008004604                HAL_RTCEx_BKUPRead
 .text.HAL_SD_DeInit
                0x0000000008004614       0x26 Drivers/STM32F1xx_HAL_Driver/Src/stm32f1xx_hal_sd.o
                0x0000000008004614                HAL_SD_DeInit
 *fill*         0x000000000800463a        0x2 
 .text.HAL_SD_ReadBlocks
                0x000000000800463c      0x21c Drivers/STM32F1xx_HAL_Driver/Src/stm32f1xx_hal_sd.o
                0x000000000800463c                HAL_SD_ReadBlocks
 .text.HAL_SD_WriteBlocks
                0x0000000008004858      0x1b0 Drivers/STM32F1xx_HAL_Driver/Src/stm32f1xx_hal_sd.o
                0x0000000008004858                HAL_SD_WriteBlocks
 .text.HAL_SD_GetCardCSD
                0x0000000008004a08      0x16c Drivers/STM32F1xx_HAL_Driver/Src/stm32f1xx_hal_sd.o
                0x0000000008004a08                HAL_SD_GetCardCSD
 .text.HAL_SD_InitCard
                0x0000000008004b74      0x1e8 Drivers/STM32F1xx_HAL_Driver/Src/stm32f1xx_hal_sd.o
                0x0000000008004b74                HAL_SD_InitCard
 .text.HAL_SD_Init
                0x0000000008004d5c       0x36 Drivers/STM32F1xx_HAL_Driver/Src/stm32f1xx_hal_sd.o
                0x0000000008004d5c                HAL_SD_Init
 .text.HAL_SD_GetCardInfo
                0x0000000008004d92       0x24 Drivers/STM32F1xx_HAL_Driver/Src/stm32f1xx_hal_sd.o
                0x0000000008004d92                HAL_SD_GetCardInfo
 .text.HAL_SD_GetCardState
                0x0000000008004db6       0x28 Drivers/STM32F1xx_HAL_Driver/Src/stm32f1xx_hal_sd.o
                0x0000000008004db6                HAL_SD_GetCardState
 *fill*         0x0000000008004dde        0x2 
 .text.SPI_WaitFlagStateUntilTimeout.constprop.6
                0x0000000008004de0       0xac Drivers/STM32F1xx_HAL_Driver/Src/stm32f1xx_hal_spi.o
 .text.SPI_EndRxTxTransaction
                0x0000000008004e8c       0x1c Drivers/STM32F1xx_HAL_Driver/Src/stm32f1xx_hal_spi.o
 .text.HAL_SPI_Init
                0x0000000008004ea8       0xb0 Drivers/STM32F1xx_HAL_Driver/Src/stm32f1xx_hal_spi.o
                0x0000000008004ea8                HAL_SPI_Init
 .text.HAL_SPI_Transmit
                0x0000000008004f58      0x156 Drivers/STM32F1xx_HAL_Driver/Src/stm32f1xx_hal_spi.o
                0x0000000008004f58                HAL_SPI_Transmit
 .text.HAL_SPI_TransmitReceive
                0x00000000080050ae      0x1e0 Drivers/STM32F1xx_HAL_Driver/Src/stm32f1xx_hal_spi.o
                0x00000000080050ae                HAL_SPI_TransmitReceive
 *fill*         0x000000000800528e        0x2 
 .text.SDMMC_GetCmdResp2
                0x0000000008005290       0x50 Drivers/STM32F1xx_HAL_Driver/Src/stm32f1xx_ll_sdmmc.o
 .text.SDMMC_GetCmdResp3
                0x00000000080052e0       0x44 Drivers/STM32F1xx_HAL_Driver/Src/stm32f1xx_ll_sdmmc.o
 .text.SDMMC_GetCmdResp1
                0x0000000008005324      0x11c Drivers/STM32F1xx_HAL_Driver/Src/stm32f1xx_ll_sdmmc.o
 .text.SDIO_Init
                0x0000000008005440       0x38 Drivers/STM32F1xx_HAL_Driver/Src/stm32f1xx_ll_sdmmc.o
                0x0000000008005440                SDIO_Init
 .text.SDIO_ReadFIFO
                0x0000000008005478        0x6 Drivers/STM32F1xx_HAL_Driver/Src/stm32f1xx_ll_sdmmc.o
                0x0000000008005478                SDIO_ReadFIFO
 .text.SDIO_WriteFIFO
                0x000000000800547e        0xa Drivers/STM32F1xx_HAL_Driver/Src/stm32f1xx_ll_sdmmc.o
                0x000000000800547e                SDIO_WriteFIFO
 .text.SDIO_PowerState_ON
                0x0000000008005488       0x10 Drivers/STM32F1xx_HAL_Driver/Src/stm32f1xx_ll_sdmmc.o
                0x0000000008005488                SDIO_PowerState_ON
 .text.SDIO_PowerState_OFF
                0x0000000008005498        0x8 Drivers/STM32F1xx_HAL_Driver/Src/stm32f1xx_ll_sdmmc.o
                0x0000000008005498                SDIO_PowerState_OFF
 .text.SDIO_GetPowerState
                0x00000000080054a0        0x8 Drivers/STM32F1xx_HAL_Driver/Src/stm32f1xx_ll_sdmmc.o
                0x00000000080054a0                SDIO_GetPowerState
 .text.SDIO_SendCommand
                0x00000000080054a8       0x26 Drivers/STM32F1xx_HAL_Driver/Src/stm32f1xx_ll_sdmmc.o
                0x00000000080054a8                SDIO_SendCommand
 .text.SDIO_GetResponse
                0x00000000080054ce        0x6 Drivers/STM32F1xx_HAL_Driver/Src/stm32f1xx_ll_sdmmc.o
                0x00000000080054ce                SDIO_GetResponse
 .text.SDIO_ConfigData
                0x00000000080054d4       0x26 Drivers/STM32F1xx_HAL_Driver/Src/stm32f1xx_ll_sdmmc.o
                0x00000000080054d4                SDIO_ConfigData
 .text.SDMMC_CmdBlockLength
                0x00000000080054fa       0x30 Drivers/STM32F1xx_HAL_Driver/Src/stm32f1xx_ll_sdmmc.o
                0x00000000080054fa                SDMMC_CmdBlockLength
 .text.SDMMC_CmdReadSingleBlock
                0x000000000800552a       0x30 Drivers/STM32F1xx_HAL_Driver/Src/stm32f1xx_ll_sdmmc.o
                0x000000000800552a                SDMMC_CmdReadSingleBlock
 .text.SDMMC_CmdReadMultiBlock
                0x000000000800555a       0x30 Drivers/STM32F1xx_HAL_Driver/Src/stm32f1xx_ll_sdmmc.o
                0x000000000800555a                SDMMC_CmdReadMultiBlock
 .text.SDMMC_CmdWriteSingleBlock
                0x000000000800558a       0x30 Drivers/STM32F1xx_HAL_Driver/Src/stm32f1xx_ll_sdmmc.o
                0x000000000800558a                SDMMC_CmdWriteSingleBlock
 .text.SDMMC_CmdWriteMultiBlock
                0x00000000080055ba       0x30 Drivers/STM32F1xx_HAL_Driver/Src/stm32f1xx_ll_sdmmc.o
                0x00000000080055ba                SDMMC_CmdWriteMultiBlock
 *fill*         0x00000000080055ea        0x2 
 .text.SDMMC_CmdStopTransfer
                0x00000000080055ec       0x34 Drivers/STM32F1xx_HAL_Driver/Src/stm32f1xx_ll_sdmmc.o
                0x00000000080055ec                SDMMC_CmdStopTransfer
 .text.SDMMC_CmdSelDesel
                0x0000000008005620       0x30 Drivers/STM32F1xx_HAL_Driver/Src/stm32f1xx_ll_sdmmc.o
                0x0000000008005620                SDMMC_CmdSelDesel
 .text.SDMMC_CmdGoIdleState
                0x0000000008005650       0x50 Drivers/STM32F1xx_HAL_Driver/Src/stm32f1xx_ll_sdmmc.o
                0x0000000008005650                SDMMC_CmdGoIdleState
 .text.SDMMC_CmdOperCond
                0x00000000080056a0       0x80 Drivers/STM32F1xx_HAL_Driver/Src/stm32f1xx_ll_sdmmc.o
                0x00000000080056a0                SDMMC_CmdOperCond
 .text.SDMMC_CmdAppCommand
                0x0000000008005720       0x30 Drivers/STM32F1xx_HAL_Driver/Src/stm32f1xx_ll_sdmmc.o
                0x0000000008005720                SDMMC_CmdAppCommand
 .text.SDMMC_CmdAppOperCommand
                0x0000000008005750       0x32 Drivers/STM32F1xx_HAL_Driver/Src/stm32f1xx_ll_sdmmc.o
                0x0000000008005750                SDMMC_CmdAppOperCommand
 .text.SDMMC_CmdSendCID
                0x0000000008005782       0x2a Drivers/STM32F1xx_HAL_Driver/Src/stm32f1xx_ll_sdmmc.o
                0x0000000008005782                SDMMC_CmdSendCID
 .text.SDMMC_CmdSendCSD
                0x00000000080057ac       0x2a Drivers/STM32F1xx_HAL_Driver/Src/stm32f1xx_ll_sdmmc.o
                0x00000000080057ac                SDMMC_CmdSendCSD
 *fill*         0x00000000080057d6        0x2 
 .text.SDMMC_CmdSetRelAdd
                0x00000000080057d8       0xa0 Drivers/STM32F1xx_HAL_Driver/Src/stm32f1xx_ll_sdmmc.o
                0x00000000080057d8                SDMMC_CmdSetRelAdd
 .text.SDMMC_CmdSendStatus
                0x0000000008005878       0x30 Drivers/STM32F1xx_HAL_Driver/Src/stm32f1xx_ll_sdmmc.o
                0x0000000008005878                SDMMC_CmdSendStatus
 .text.USB_CoreInit
                0x00000000080058a8        0xe Drivers/STM32F1xx_HAL_Driver/Src/stm32f1xx_ll_usb.o
                0x00000000080058a8                USB_CoreInit
 .text.USB_EnableGlobalInt
                0x00000000080058b6       0x12 Drivers/STM32F1xx_HAL_Driver/Src/stm32f1xx_ll_usb.o
                0x00000000080058b6                USB_EnableGlobalInt
 .text.USB_DisableGlobalInt
                0x00000000080058c8       0x14 Drivers/STM32F1xx_HAL_Driver/Src/stm32f1xx_ll_usb.o
                0x00000000080058c8                USB_DisableGlobalInt
 .text.USB_SetCurrentMode
                0x00000000080058dc        0x4 Drivers/STM32F1xx_HAL_Driver/Src/stm32f1xx_ll_usb.o
                0x00000000080058dc                USB_SetCurrentMode
 .text.USB_DevInit
                0x00000000080058e0       0x28 Drivers/STM32F1xx_HAL_Driver/Src/stm32f1xx_ll_usb.o
                0x00000000080058e0                USB_DevInit
 .text.USB_ActivateEndpoint
                0x0000000008005908      0x27c Drivers/STM32F1xx_HAL_Driver/Src/stm32f1xx_ll_usb.o
                0x0000000008005908                USB_ActivateEndpoint
 .text.USB_DeactivateEndpoint
                0x0000000008005b84      0x18c Drivers/STM32F1xx_HAL_Driver/Src/stm32f1xx_ll_usb.o
                0x0000000008005b84                USB_DeactivateEndpoint
 .text.USB_EPSetStall
                0x0000000008005d10       0x38 Drivers/STM32F1xx_HAL_Driver/Src/stm32f1xx_ll_usb.o
                0x0000000008005d10                USB_EPSetStall
 .text.USB_EPClearStall
                0x0000000008005d48       0x86 Drivers/STM32F1xx_HAL_Driver/Src/stm32f1xx_ll_usb.o
                0x0000000008005d48                USB_EPClearStall
 .text.USB_SetDevAddress
                0x0000000008005dce        0xc Drivers/STM32F1xx_HAL_Driver/Src/stm32f1xx_ll_usb.o
                0x0000000008005dce                USB_SetDevAddress
 .text.USB_DevConnect
                0x0000000008005dda        0x4 Drivers/STM32F1xx_HAL_Driver/Src/stm32f1xx_ll_usb.o
                0x0000000008005dda                USB_DevConnect
 .text.USB_DevDisconnect
                0x0000000008005dde        0x4 Drivers/STM32F1xx_HAL_Driver/Src/stm32f1xx_ll_usb.o
                0x0000000008005dde                USB_DevDisconnect
 .text.USB_ReadInterrupts
                0x0000000008005de2        0x6 Drivers/STM32F1xx_HAL_Driver/Src/stm32f1xx_ll_usb.o
                0x0000000008005de2                USB_ReadInterrupts
 .text.USB_EP0_OutStart
                0x0000000008005de8        0x4 Drivers/STM32F1xx_HAL_Driver/Src/stm32f1xx_ll_usb.o
                0x0000000008005de8                USB_EP0_OutStart
 .text.USB_WritePMA
                0x0000000008005dec       0x20 Drivers/STM32F1xx_HAL_Driver/Src/stm32f1xx_ll_usb.o
                0x0000000008005dec                USB_WritePMA
 .text.USB_EPStartXfer
                0x0000000008005e0c      0x558 Drivers/STM32F1xx_HAL_Driver/Src/stm32f1xx_ll_usb.o
                0x0000000008005e0c                USB_EPStartXfer
 .text.USB_ReadPMA
                0x0000000008006364       0x38 Drivers/STM32F1xx_HAL_Driver/Src/stm32f1xx_ll_usb.o
                0x0000000008006364                USB_ReadPMA
 .text.MX_FATFS_Init
                0x000000000800639c       0x1c FATFS/App/fatfs.o
                0x000000000800639c                MX_FATFS_Init
 .text.get_fattime
                0x00000000080063b8        0x4 FATFS/App/fatfs.o
                0x00000000080063b8                get_fattime
 .text.BSP_SD_ReadBlocks
                0x00000000080063bc       0x20 FATFS/Target/bsp_driver_sd.o
                0x00000000080063bc                BSP_SD_ReadBlocks
 .text.BSP_SD_WriteBlocks
                0x00000000080063dc       0x20 FATFS/Target/bsp_driver_sd.o
                0x00000000080063dc                BSP_SD_WriteBlocks
 .text.BSP_SD_GetCardState
                0x00000000080063fc       0x14 FATFS/Target/bsp_driver_sd.o
                0x00000000080063fc                BSP_SD_GetCardState
 .text.BSP_SD_GetCardInfo
                0x0000000008006410        0xc FATFS/Target/bsp_driver_sd.o
                0x0000000008006410                BSP_SD_GetCardInfo
 .text.BSP_SD_IsDetected
                0x000000000800641c       0x1c FATFS/Target/bsp_driver_sd.o
                0x000000000800641c                BSP_SD_IsDetected
 .text.BSP_SD_Init
                0x0000000008006438       0x1c FATFS/Target/bsp_driver_sd.o
                0x0000000008006438                BSP_SD_Init
 .text.BSP_PlatformIsDetected
                0x0000000008006454       0x18 FATFS/Target/fatfs_platform.o
                0x0000000008006454                BSP_PlatformIsDetected
 .text.USBD_CDC_EP0_RxReady
                0x000000000800646c       0x28 Middlewares/ST/STM32_USB_Device_Library/Class/CDC/Src/usbd_cdc.o
 .text.USBD_CDC_GetFSCfgDesc
                0x0000000008006494        0xc Middlewares/ST/STM32_USB_Device_Library/Class/CDC/Src/usbd_cdc.o
 .text.USBD_CDC_GetHSCfgDesc
                0x00000000080064a0        0xc Middlewares/ST/STM32_USB_Device_Library/Class/CDC/Src/usbd_cdc.o
 .text.USBD_CDC_GetOtherSpeedCfgDesc
                0x00000000080064ac        0xc Middlewares/ST/STM32_USB_Device_Library/Class/CDC/Src/usbd_cdc.o
 .text.USBD_CDC_GetDeviceQualifierDescriptor
                0x00000000080064b8        0xc Middlewares/ST/STM32_USB_Device_Library/Class/CDC/Src/usbd_cdc.o
                0x00000000080064b8                USBD_CDC_GetDeviceQualifierDescriptor
 .text.USBD_CDC_DataOut
                0x00000000080064c4       0x2e Middlewares/ST/STM32_USB_Device_Library/Class/CDC/Src/usbd_cdc.o
 .text.USBD_CDC_DataIn
                0x00000000080064f2       0x42 Middlewares/ST/STM32_USB_Device_Library/Class/CDC/Src/usbd_cdc.o
 .text.USBD_CDC_Setup
                0x0000000008006534       0xbc Middlewares/ST/STM32_USB_Device_Library/Class/CDC/Src/usbd_cdc.o
 .text.USBD_CDC_DeInit
                0x00000000080065f0       0x42 Middlewares/ST/STM32_USB_Device_Library/Class/CDC/Src/usbd_cdc.o
 .text.USBD_CDC_Init
                0x0000000008006632       0xa6 Middlewares/ST/STM32_USB_Device_Library/Class/CDC/Src/usbd_cdc.o
 .text.USBD_CDC_RegisterInterface
                0x00000000080066d8        0xe Middlewares/ST/STM32_USB_Device_Library/Class/CDC/Src/usbd_cdc.o
                0x00000000080066d8                USBD_CDC_RegisterInterface
 .text.USBD_CDC_SetTxBuffer
                0x00000000080066e6       0x10 Middlewares/ST/STM32_USB_Device_Library/Class/CDC/Src/usbd_cdc.o
                0x00000000080066e6                USBD_CDC_SetTxBuffer
 .text.USBD_CDC_SetRxBuffer
                0x00000000080066f6        0xc Middlewares/ST/STM32_USB_Device_Library/Class/CDC/Src/usbd_cdc.o
                0x00000000080066f6                USBD_CDC_SetRxBuffer
 .text.USBD_CDC_TransmitPacket
                0x0000000008006702       0x32 Middlewares/ST/STM32_USB_Device_Library/Class/CDC/Src/usbd_cdc.o
                0x0000000008006702                USBD_CDC_TransmitPacket
 .text.USBD_CDC_ReceivePacket
                0x0000000008006734       0x26 Middlewares/ST/STM32_USB_Device_Library/Class/CDC/Src/usbd_cdc.o
                0x0000000008006734                USBD_CDC_ReceivePacket
 .text.USBD_Init
                0x000000000800675a       0x2a Middlewares/ST/STM32_USB_Device_Library/Core/Src/usbd_core.o
                0x000000000800675a                USBD_Init
 .text.USBD_RegisterClass
                0x0000000008006784        0xe Middlewares/ST/STM32_USB_Device_Library/Core/Src/usbd_core.o
                0x0000000008006784                USBD_RegisterClass
 .text.USBD_Start
                0x0000000008006792        0xa Middlewares/ST/STM32_USB_Device_Library/Core/Src/usbd_core.o
                0x0000000008006792                USBD_Start
 .text.USBD_SetClassConfig
                0x000000000800679c       0x16 Middlewares/ST/STM32_USB_Device_Library/Core/Src/usbd_core.o
                0x000000000800679c                USBD_SetClassConfig
 .text.USBD_ClrClassConfig
                0x00000000080067b2        0xe Middlewares/ST/STM32_USB_Device_Library/Core/Src/usbd_core.o
                0x00000000080067b2                USBD_ClrClassConfig
 .text.USBD_LL_SetupStage
                0x00000000080067c0       0x5a Middlewares/ST/STM32_USB_Device_Library/Core/Src/usbd_core.o
                0x00000000080067c0                USBD_LL_SetupStage
 .text.USBD_LL_DataOutStage
                0x000000000800681a       0x74 Middlewares/ST/STM32_USB_Device_Library/Core/Src/usbd_core.o
                0x000000000800681a                USBD_LL_DataOutStage
 .text.USBD_LL_DataInStage
                0x000000000800688e       0xb6 Middlewares/ST/STM32_USB_Device_Library/Core/Src/usbd_core.o
                0x000000000800688e                USBD_LL_DataInStage
 .text.USBD_LL_Reset
                0x0000000008006944       0x4e Middlewares/ST/STM32_USB_Device_Library/Core/Src/usbd_core.o
                0x0000000008006944                USBD_LL_Reset
 .text.USBD_LL_SetSpeed
                0x0000000008006992        0x6 Middlewares/ST/STM32_USB_Device_Library/Core/Src/usbd_core.o
                0x0000000008006992                USBD_LL_SetSpeed
 .text.USBD_LL_Suspend
                0x0000000008006998       0x12 Middlewares/ST/STM32_USB_Device_Library/Core/Src/usbd_core.o
                0x0000000008006998                USBD_LL_Suspend
 .text.USBD_LL_Resume
                0x00000000080069aa       0x14 Middlewares/ST/STM32_USB_Device_Library/Core/Src/usbd_core.o
                0x00000000080069aa                USBD_LL_Resume
 .text.USBD_LL_SOF
                0x00000000080069be       0x18 Middlewares/ST/STM32_USB_Device_Library/Core/Src/usbd_core.o
                0x00000000080069be                USBD_LL_SOF
 .text.USBD_CtlError.constprop.1
                0x00000000080069d6       0x16 Middlewares/ST/STM32_USB_Device_Library/Core/Src/usbd_ctlreq.o
 .text.USBD_StdDevReq
                0x00000000080069ec      0x248 Middlewares/ST/STM32_USB_Device_Library/Core/Src/usbd_ctlreq.o
                0x00000000080069ec                USBD_StdDevReq
 .text.USBD_StdItfReq
                0x0000000008006c34       0x4a Middlewares/ST/STM32_USB_Device_Library/Core/Src/usbd_ctlreq.o
                0x0000000008006c34                USBD_StdItfReq
 .text.USBD_StdEPReq
                0x0000000008006c7e      0x112 Middlewares/ST/STM32_USB_Device_Library/Core/Src/usbd_ctlreq.o
                0x0000000008006c7e                USBD_StdEPReq
 .text.USBD_ParseSetupRequest
                0x0000000008006d90       0x28 Middlewares/ST/STM32_USB_Device_Library/Core/Src/usbd_ctlreq.o
                0x0000000008006d90                USBD_ParseSetupRequest
 .text.USBD_CtlError
                0x0000000008006db8       0x16 Middlewares/ST/STM32_USB_Device_Library/Core/Src/usbd_ctlreq.o
                0x0000000008006db8                USBD_CtlError
 .text.USBD_GetString
                0x0000000008006dce       0x38 Middlewares/ST/STM32_USB_Device_Library/Core/Src/usbd_ctlreq.o
                0x0000000008006dce                USBD_GetString
 .text.USBD_CtlSendData
                0x0000000008006e06       0x1a Middlewares/ST/STM32_USB_Device_Library/Core/Src/usbd_ioreq.o
                0x0000000008006e06                USBD_CtlSendData
 .text.USBD_CtlContinueSendData
                0x0000000008006e20       0x10 Middlewares/ST/STM32_USB_Device_Library/Core/Src/usbd_ioreq.o
                0x0000000008006e20                USBD_CtlContinueSendData
 .text.USBD_CtlPrepareRx
                0x0000000008006e30       0x1e Middlewares/ST/STM32_USB_Device_Library/Core/Src/usbd_ioreq.o
                0x0000000008006e30                USBD_CtlPrepareRx
 .text.USBD_CtlContinueRx
                0x0000000008006e4e       0x10 Middlewares/ST/STM32_USB_Device_Library/Core/Src/usbd_ioreq.o
                0x0000000008006e4e                USBD_CtlContinueRx
 .text.USBD_CtlSendStatus
                0x0000000008006e5e       0x16 Middlewares/ST/STM32_USB_Device_Library/Core/Src/usbd_ioreq.o
                0x0000000008006e5e                USBD_CtlSendStatus
 .text.USBD_CtlReceiveStatus
                0x0000000008006e74       0x16 Middlewares/ST/STM32_USB_Device_Library/Core/Src/usbd_ioreq.o
                0x0000000008006e74                USBD_CtlReceiveStatus
 *fill*         0x0000000008006e8a        0x2 
 .text.disk_status
                0x0000000008006e8c       0x14 Middlewares/Third_Party/FatFs/src/diskio.o
                0x0000000008006e8c                disk_status
 .text.disk_initialize
                0x0000000008006ea0       0x20 Middlewares/Third_Party/FatFs/src/diskio.o
                0x0000000008006ea0                disk_initialize
 .text.disk_read
                0x0000000008006ec0       0x1c Middlewares/Third_Party/FatFs/src/diskio.o
                0x0000000008006ec0                disk_read
 .text.disk_write
                0x0000000008006edc       0x1c Middlewares/Third_Party/FatFs/src/diskio.o
                0x0000000008006edc                disk_write
 .text.disk_ioctl
                0x0000000008006ef8       0x18 Middlewares/Third_Party/FatFs/src/diskio.o
                0x0000000008006ef8                disk_ioctl
 .text.mem_cpy  0x0000000008006f10       0x14 Middlewares/Third_Party/FatFs/src/ff.o
 .text.mem_set  0x0000000008006f24        0xe Middlewares/Third_Party/FatFs/src/ff.o
 *fill*         0x0000000008006f32        0x2 
 .text.chk_lock
                0x0000000008006f34       0x80 Middlewares/Third_Party/FatFs/src/ff.o
 .text.inc_lock
                0x0000000008006fb4       0x98 Middlewares/Third_Party/FatFs/src/ff.o
 .text.dec_lock
                0x000000000800704c       0x40 Middlewares/Third_Party/FatFs/src/ff.o
 .text.clmt_clust
                0x000000000800708c       0x28 Middlewares/Third_Party/FatFs/src/ff.o
 .text.get_fileinfo
                0x00000000080070b4       0x58 Middlewares/Third_Party/FatFs/src/ff.o
 .text.get_ldnumber
                0x000000000800710c       0x30 Middlewares/Third_Party/FatFs/src/ff.o
 .text.validate
                0x000000000800713c       0x2e Middlewares/Third_Party/FatFs/src/ff.o
 .text.ld_clust.isra.0
                0x000000000800716a       0x1c Middlewares/Third_Party/FatFs/src/ff.o
 .text.sync_window.part.2
                0x0000000008007186       0x52 Middlewares/Third_Party/FatFs/src/ff.o
 .text.sync_window
                0x00000000080071d8        0xe Middlewares/Third_Party/FatFs/src/ff.o
 .text.move_window
                0x00000000080071e6       0x3a Middlewares/Third_Party/FatFs/src/ff.o
 .text.check_fs
                0x0000000008007220       0x58 Middlewares/Third_Party/FatFs/src/ff.o
 .text.find_volume
                0x0000000008007278      0x27c Middlewares/Third_Party/FatFs/src/ff.o
 .text.sync_fs  0x00000000080074f4       0xac Middlewares/Third_Party/FatFs/src/ff.o
 .text.clust2sect
                0x00000000080075a0       0x1c Middlewares/Third_Party/FatFs/src/ff.o
                0x00000000080075a0                clust2sect
 .text.get_fat  0x00000000080075bc       0xc2 Middlewares/Third_Party/FatFs/src/ff.o
                0x00000000080075bc                get_fat
 .text.dir_sdi  0x000000000800767e       0x9e Middlewares/Third_Party/FatFs/src/ff.o
 .text.put_fat  0x000000000800771c       0xf4 Middlewares/Third_Party/FatFs/src/ff.o
                0x000000000800771c                put_fat
 .text.create_chain
                0x0000000008007810       0xb2 Middlewares/Third_Party/FatFs/src/ff.o
 .text.dir_next
                0x00000000080078c2      0x116 Middlewares/Third_Party/FatFs/src/ff.o
 .text.follow_path
                0x00000000080079d8      0x19c Middlewares/Third_Party/FatFs/src/ff.o
 .text.dir_register
                0x0000000008007b74       0x76 Middlewares/Third_Party/FatFs/src/ff.o
 .text.remove_chain
                0x0000000008007bea       0x66 Middlewares/Third_Party/FatFs/src/ff.o
 .text.f_mount  0x0000000008007c50       0x6c Middlewares/Third_Party/FatFs/src/ff.o
                0x0000000008007c50                f_mount
 .text.f_open   0x0000000008007cbc      0x1b0 Middlewares/Third_Party/FatFs/src/ff.o
                0x0000000008007cbc                f_open
 .text.f_write  0x0000000008007e6c      0x1e0 Middlewares/Third_Party/FatFs/src/ff.o
                0x0000000008007e6c                f_write
 .text.putc_bfd
                0x000000000800804c       0x44 Middlewares/Third_Party/FatFs/src/ff.o
 .text.f_sync   0x0000000008008090       0xc0 Middlewares/Third_Party/FatFs/src/ff.o
                0x0000000008008090                f_sync
 .text.f_close  0x0000000008008150       0x22 Middlewares/Third_Party/FatFs/src/ff.o
                0x0000000008008150                f_close
 .text.f_lseek  0x0000000008008172      0x29a Middlewares/Third_Party/FatFs/src/ff.o
                0x0000000008008172                f_lseek
 .text.f_stat   0x000000000800840c       0x42 Middlewares/Third_Party/FatFs/src/ff.o
                0x000000000800840c                f_stat
 .text.f_puts   0x000000000800844e       0x44 Middlewares/Third_Party/FatFs/src/ff.o
                0x000000000800844e                f_puts
 *fill*         0x0000000008008492        0x2 
 .text.FATFS_LinkDriverEx
                0x0000000008008494       0x44 Middlewares/Third_Party/FatFs/src/ff_gen_drv.o
                0x0000000008008494                FATFS_LinkDriverEx
 .text.FATFS_LinkDriver
                0x00000000080084d8        0x6 Middlewares/Third_Party/FatFs/src/ff_gen_drv.o
                0x00000000080084d8                FATFS_LinkDriver
 *fill*         0x00000000080084de        0x2 
 .text.SD_initialize
                0x00000000080084e0       0x20 Middlewares/Third_Party/FatFs/src/drivers/sd_diskio.o
                0x00000000080084e0                SD_initialize
 .text.SD_status
                0x0000000008008500       0x20 Middlewares/Third_Party/FatFs/src/drivers/sd_diskio.o
                0x0000000008008500                SD_status
 .text.SD_read  0x0000000008008520       0x30 Middlewares/Third_Party/FatFs/src/drivers/sd_diskio.o
                0x0000000008008520                SD_read
 .text.SD_ioctl
                0x0000000008008550       0x4c Middlewares/Third_Party/FatFs/src/drivers/sd_diskio.o
                0x0000000008008550                SD_ioctl
 .text.SD_write
                0x000000000800859c       0x30 Middlewares/Third_Party/FatFs/src/drivers/sd_diskio.o
                0x000000000800859c                SD_write
 .text.MX_USB_DEVICE_Init
                0x00000000080085cc       0x50 USB_DEVICE/App/usb_device.o
                0x00000000080085cc                MX_USB_DEVICE_Init
 .text.CDC_DeInit_FS
                0x000000000800861c        0x4 USB_DEVICE/App/usbd_cdc_if.o
 .text.CDC_Control_FS
                0x0000000008008620        0x4 USB_DEVICE/App/usbd_cdc_if.o
 .text.CDC_Receive_FS
                0x0000000008008624       0x44 USB_DEVICE/App/usbd_cdc_if.o
 .text.CDC_Init_FS
                0x0000000008008668       0x28 USB_DEVICE/App/usbd_cdc_if.o
 .text.CDC_Transmit_FS
                0x0000000008008690       0x2c USB_DEVICE/App/usbd_cdc_if.o
                0x0000000008008690                CDC_Transmit_FS
 .text.USBD_FS_DeviceDescriptor
                0x00000000080086bc        0xc USB_DEVICE/App/usbd_desc.o
                0x00000000080086bc                USBD_FS_DeviceDescriptor
 .text.USBD_FS_LangIDStrDescriptor
                0x00000000080086c8        0xc USB_DEVICE/App/usbd_desc.o
                0x00000000080086c8                USBD_FS_LangIDStrDescriptor
 .text.IntToUnicode
                0x00000000080086d4       0x2a USB_DEVICE/App/usbd_desc.o
 *fill*         0x00000000080086fe        0x2 
 .text.USBD_FS_SerialStrDescriptor
                0x0000000008008700       0x40 USB_DEVICE/App/usbd_desc.o
                0x0000000008008700                USBD_FS_SerialStrDescriptor
 .text.USBD_FS_ManufacturerStrDescriptor
                0x0000000008008740       0x1c USB_DEVICE/App/usbd_desc.o
                0x0000000008008740                USBD_FS_ManufacturerStrDescriptor
 .text.USBD_FS_ProductStrDescriptor
                0x000000000800875c       0x1c USB_DEVICE/App/usbd_desc.o
                0x000000000800875c                USBD_FS_ProductStrDescriptor
 .text.USBD_FS_ConfigStrDescriptor
                0x0000000008008778       0x1c USB_DEVICE/App/usbd_desc.o
                0x0000000008008778                USBD_FS_ConfigStrDescriptor
 .text.USBD_FS_InterfaceStrDescriptor
                0x0000000008008794       0x1c USB_DEVICE/App/usbd_desc.o
                0x0000000008008794                USBD_FS_InterfaceStrDescriptor
 .text.HAL_PCD_MspInit
                0x00000000080087b0       0x40 USB_DEVICE/Target/usbd_conf.o
                0x00000000080087b0                HAL_PCD_MspInit
 .text.HAL_PCD_SetupStageCallback
                0x00000000080087f0        0xc USB_DEVICE/Target/usbd_conf.o
                0x00000000080087f0                HAL_PCD_SetupStageCallback
 .text.HAL_PCD_DataOutStageCallback
                0x00000000080087fc       0x12 USB_DEVICE/Target/usbd_conf.o
                0x00000000080087fc                HAL_PCD_DataOutStageCallback
 .text.HAL_PCD_DataInStageCallback
                0x000000000800880e       0x10 USB_DEVICE/Target/usbd_conf.o
                0x000000000800880e                HAL_PCD_DataInStageCallback
 .text.HAL_PCD_SOFCallback
                0x000000000800881e        0x8 USB_DEVICE/Target/usbd_conf.o
                0x000000000800881e                HAL_PCD_SOFCallback
 .text.HAL_PCD_ResetCallback
                0x0000000008008826       0x24 USB_DEVICE/Target/usbd_conf.o
                0x0000000008008826                HAL_PCD_ResetCallback
 *fill*         0x000000000800884a        0x2 
 .text.HAL_PCD_SuspendCallback
                0x000000000800884c       0x20 USB_DEVICE/Target/usbd_conf.o
                0x000000000800884c                HAL_PCD_SuspendCallback
 .text.HAL_PCD_ResumeCallback
                0x000000000800886c        0x8 USB_DEVICE/Target/usbd_conf.o
                0x000000000800886c                HAL_PCD_ResumeCallback
 .text.USBD_LL_Init
                0x0000000008008874       0x84 USB_DEVICE/Target/usbd_conf.o
                0x0000000008008874                USBD_LL_Init
 .text.USBD_LL_Start
                0x00000000080088f8       0x1c USB_DEVICE/Target/usbd_conf.o
                0x00000000080088f8                USBD_LL_Start
 .text.USBD_LL_OpenEP
                0x0000000008008914       0x20 USB_DEVICE/Target/usbd_conf.o
                0x0000000008008914                USBD_LL_OpenEP
 .text.USBD_LL_CloseEP
                0x0000000008008934       0x1c USB_DEVICE/Target/usbd_conf.o
                0x0000000008008934                USBD_LL_CloseEP
 .text.USBD_LL_StallEP
                0x0000000008008950       0x1c USB_DEVICE/Target/usbd_conf.o
                0x0000000008008950                USBD_LL_StallEP
 .text.USBD_LL_ClearStallEP
                0x000000000800896c       0x1c USB_DEVICE/Target/usbd_conf.o
                0x000000000800896c                USBD_LL_ClearStallEP
 .text.USBD_LL_IsStallEP
                0x0000000008008988       0x24 USB_DEVICE/Target/usbd_conf.o
                0x0000000008008988                USBD_LL_IsStallEP
 .text.USBD_LL_SetUSBAddress
                0x00000000080089ac       0x1c USB_DEVICE/Target/usbd_conf.o
                0x00000000080089ac                USBD_LL_SetUSBAddress
 .text.USBD_LL_Transmit
                0x00000000080089c8       0x1c USB_DEVICE/Target/usbd_conf.o
                0x00000000080089c8                USBD_LL_Transmit
 .text.USBD_LL_PrepareReceive
                0x00000000080089e4       0x1c USB_DEVICE/Target/usbd_conf.o
                0x00000000080089e4                USBD_LL_PrepareReceive
 .text.USBD_LL_GetRxDataSize
                0x0000000008008a00        0x8 USB_DEVICE/Target/usbd_conf.o
                0x0000000008008a00                USBD_LL_GetRxDataSize
 .text.USBD_static_malloc
                0x0000000008008a08        0x8 USB_DEVICE/Target/usbd_conf.o
                0x0000000008008a08                USBD_static_malloc
 .text.USBD_static_free
                0x0000000008008a10        0x2 USB_DEVICE/Target/usbd_conf.o
                0x0000000008008a10                USBD_static_free
 .text.HAL_PCDEx_SetConnectionState
                0x0000000008008a12        0x2 USB_DEVICE/Target/usbd_conf.o
                0x0000000008008a12                HAL_PCDEx_SetConnectionState
 .text.__errno  0x0000000008008a14        0xc /opt/st/stm32cubeide_1.4.0/plugins/com.st.stm32cube.ide.mcu.externaltools.gnu-tools-for-stm32.7-2018-q2-update.linux64_1.4.0.202007081208/tools/bin/../lib/gcc/arm-none-eabi/7.3.1/../../../../arm-none-eabi/lib/thumb/v7-m/libc_nano.a(lib_a-errno.o)
                0x0000000008008a14                __errno
 .text.__libc_init_array
                0x0000000008008a20       0x48 /opt/st/stm32cubeide_1.4.0/plugins/com.st.stm32cube.ide.mcu.externaltools.gnu-tools-for-stm32.7-2018-q2-update.linux64_1.4.0.202007081208/tools/bin/../lib/gcc/arm-none-eabi/7.3.1/../../../../arm-none-eabi/lib/thumb/v7-m/libc_nano.a(lib_a-init.o)
                0x0000000008008a20                __libc_init_array
 .text.malloc   0x0000000008008a68       0x10 /opt/st/stm32cubeide_1.4.0/plugins/com.st.stm32cube.ide.mcu.externaltools.gnu-tools-for-stm32.7-2018-q2-update.linux64_1.4.0.202007081208/tools/bin/../lib/gcc/arm-none-eabi/7.3.1/../../../../arm-none-eabi/lib/thumb/v7-m/libc_nano.a(lib_a-malloc.o)
                0x0000000008008a68                malloc
 .text.free     0x0000000008008a78       0x10 /opt/st/stm32cubeide_1.4.0/plugins/com.st.stm32cube.ide.mcu.externaltools.gnu-tools-for-stm32.7-2018-q2-update.linux64_1.4.0.202007081208/tools/bin/../lib/gcc/arm-none-eabi/7.3.1/../../../../arm-none-eabi/lib/thumb/v7-m/libc_nano.a(lib_a-malloc.o)
                0x0000000008008a78                free
 .text.memset   0x0000000008008a88       0x10 /opt/st/stm32cubeide_1.4.0/plugins/com.st.stm32cube.ide.mcu.externaltools.gnu-tools-for-stm32.7-2018-q2-update.linux64_1.4.0.202007081208/tools/bin/../lib/gcc/arm-none-eabi/7.3.1/../../../../arm-none-eabi/lib/thumb/v7-m/libc_nano.a(lib_a-memset.o)
                0x0000000008008a88                memset
 .text._free_r  0x0000000008008a98       0x98 /opt/st/stm32cubeide_1.4.0/plugins/com.st.stm32cube.ide.mcu.externaltools.gnu-tools-for-stm32.7-2018-q2-update.linux64_1.4.0.202007081208/tools/bin/../lib/gcc/arm-none-eabi/7.3.1/../../../../arm-none-eabi/lib/thumb/v7-m/libc_nano.a(lib_a-nano-freer.o)
                0x0000000008008a98                _free_r
 .text._malloc_r
                0x0000000008008b30       0xb4 /opt/st/stm32cubeide_1.4.0/plugins/com.st.stm32cube.ide.mcu.externaltools.gnu-tools-for-stm32.7-2018-q2-update.linux64_1.4.0.202007081208/tools/bin/../lib/gcc/arm-none-eabi/7.3.1/../../../../arm-none-eabi/lib/thumb/v7-m/libc_nano.a(lib_a-nano-mallocr.o)
                0x0000000008008b30                _malloc_r
 .text.__cvt    0x0000000008008be4       0xb8 /opt/st/stm32cubeide_1.4.0/plugins/com.st.stm32cube.ide.mcu.externaltools.gnu-tools-for-stm32.7-2018-q2-update.linux64_1.4.0.202007081208/tools/bin/../lib/gcc/arm-none-eabi/7.3.1/../../../../arm-none-eabi/lib/thumb/v7-m/libc_nano.a(lib_a-nano-vfprintf_float.o)
                0x0000000008008be4                __cvt
 .text.__exponent
                0x0000000008008c9c       0x6a /opt/st/stm32cubeide_1.4.0/plugins/com.st.stm32cube.ide.mcu.externaltools.gnu-tools-for-stm32.7-2018-q2-update.linux64_1.4.0.202007081208/tools/bin/../lib/gcc/arm-none-eabi/7.3.1/../../../../arm-none-eabi/lib/thumb/v7-m/libc_nano.a(lib_a-nano-vfprintf_float.o)
                0x0000000008008c9c                __exponent
 *fill*         0x0000000008008d06        0x2 
 .text._printf_float
                0x0000000008008d08      0x46c /opt/st/stm32cubeide_1.4.0/plugins/com.st.stm32cube.ide.mcu.externaltools.gnu-tools-for-stm32.7-2018-q2-update.linux64_1.4.0.202007081208/tools/bin/../lib/gcc/arm-none-eabi/7.3.1/../../../../arm-none-eabi/lib/thumb/v7-m/libc_nano.a(lib_a-nano-vfprintf_float.o)
                0x0000000008008d08                _printf_float
 .text._printf_common
                0x0000000008009174       0xec /opt/st/stm32cubeide_1.4.0/plugins/com.st.stm32cube.ide.mcu.externaltools.gnu-tools-for-stm32.7-2018-q2-update.linux64_1.4.0.202007081208/tools/bin/../lib/gcc/arm-none-eabi/7.3.1/../../../../arm-none-eabi/lib/thumb/v7-m/libc_nano.a(lib_a-nano-vfprintf_i.o)
                0x0000000008009174                _printf_common
 .text._printf_i
                0x0000000008009260      0x224 /opt/st/stm32cubeide_1.4.0/plugins/com.st.stm32cube.ide.mcu.externaltools.gnu-tools-for-stm32.7-2018-q2-update.linux64_1.4.0.202007081208/tools/bin/../lib/gcc/arm-none-eabi/7.3.1/../../../../arm-none-eabi/lib/thumb/v7-m/libc_nano.a(lib_a-nano-vfprintf_i.o)
                0x0000000008009260                _printf_i
 .text._sbrk_r  0x0000000008009484       0x20 /opt/st/stm32cubeide_1.4.0/plugins/com.st.stm32cube.ide.mcu.externaltools.gnu-tools-for-stm32.7-2018-q2-update.linux64_1.4.0.202007081208/tools/bin/../lib/gcc/arm-none-eabi/7.3.1/../../../../arm-none-eabi/lib/thumb/v7-m/libc_nano.a(lib_a-sbrkr.o)
                0x0000000008009484                _sbrk_r
 .text.snprintf
                0x00000000080094a4       0x68 /opt/st/stm32cubeide_1.4.0/plugins/com.st.stm32cube.ide.mcu.externaltools.gnu-tools-for-stm32.7-2018-q2-update.linux64_1.4.0.202007081208/tools/bin/../lib/gcc/arm-none-eabi/7.3.1/../../../../arm-none-eabi/lib/thumb/v7-m/libc_nano.a(lib_a-snprintf.o)
                0x00000000080094a4                snprintf
                0x00000000080094a4                sniprintf
 .text.sprintf  0x000000000800950c       0x40 /opt/st/stm32cubeide_1.4.0/plugins/com.st.stm32cube.ide.mcu.externaltools.gnu-tools-for-stm32.7-2018-q2-update.linux64_1.4.0.202007081208/tools/bin/../lib/gcc/arm-none-eabi/7.3.1/../../../../arm-none-eabi/lib/thumb/v7-m/libc_nano.a(lib_a-sprintf.o)
                0x000000000800950c                sprintf
                0x000000000800950c                siprintf
 .text.strcpy   0x000000000800954c       0x10 /opt/st/stm32cubeide_1.4.0/plugins/com.st.stm32cube.ide.mcu.externaltools.gnu-tools-for-stm32.7-2018-q2-update.linux64_1.4.0.202007081208/tools/bin/../lib/gcc/arm-none-eabi/7.3.1/../../../../arm-none-eabi/lib/thumb/v7-m/libc_nano.a(lib_a-strcpy.o)
                0x000000000800954c                strcpy
 .text.strlcpy  0x000000000800955c       0x2a /opt/st/stm32cubeide_1.4.0/plugins/com.st.stm32cube.ide.mcu.externaltools.gnu-tools-for-stm32.7-2018-q2-update.linux64_1.4.0.202007081208/tools/bin/../lib/gcc/arm-none-eabi/7.3.1/../../../../arm-none-eabi/lib/thumb/v7-m/libc_nano.a(lib_a-strlcpy.o)
                0x000000000800955c                strlcpy
 .text.strncmp  0x0000000008009586       0x24 /opt/st/stm32cubeide_1.4.0/plugins/com.st.stm32cube.ide.mcu.externaltools.gnu-tools-for-stm32.7-2018-q2-update.linux64_1.4.0.202007081208/tools/bin/../lib/gcc/arm-none-eabi/7.3.1/../../../../arm-none-eabi/lib/thumb/v7-m/libc_nano.a(lib_a-strncmp.o)
                0x0000000008009586                strncmp
 .text.quorem   0x00000000080095aa      0x11c /opt/st/stm32cubeide_1.4.0/plugins/com.st.stm32cube.ide.mcu.externaltools.gnu-tools-for-stm32.7-2018-q2-update.linux64_1.4.0.202007081208/tools/bin/../lib/gcc/arm-none-eabi/7.3.1/../../../../arm-none-eabi/lib/thumb/v7-m/libc_nano.a(lib_a-dtoa.o)
 *fill*         0x00000000080096c6        0x2 
 .text._dtoa_r  0x00000000080096c8      0xb68 /opt/st/stm32cubeide_1.4.0/plugins/com.st.stm32cube.ide.mcu.externaltools.gnu-tools-for-stm32.7-2018-q2-update.linux64_1.4.0.202007081208/tools/bin/../lib/gcc/arm-none-eabi/7.3.1/../../../../arm-none-eabi/lib/thumb/v7-m/libc_nano.a(lib_a-dtoa.o)
                0x00000000080096c8                _dtoa_r
 .text._localeconv_r
                0x000000000800a230       0x1c /opt/st/stm32cubeide_1.4.0/plugins/com.st.stm32cube.ide.mcu.externaltools.gnu-tools-for-stm32.7-2018-q2-update.linux64_1.4.0.202007081208/tools/bin/../lib/gcc/arm-none-eabi/7.3.1/../../../../arm-none-eabi/lib/thumb/v7-m/libc_nano.a(lib_a-localeconv.o)
                0x000000000800a230                _localeconv_r
 .text.memchr   0x000000000800a24c       0x1c /opt/st/stm32cubeide_1.4.0/plugins/com.st.stm32cube.ide.mcu.externaltools.gnu-tools-for-stm32.7-2018-q2-update.linux64_1.4.0.202007081208/tools/bin/../lib/gcc/arm-none-eabi/7.3.1/../../../../arm-none-eabi/lib/thumb/v7-m/libc_nano.a(lib_a-memchr-stub.o)
                0x000000000800a24c                memchr
 .text.memcpy   0x000000000800a268       0x16 /opt/st/stm32cubeide_1.4.0/plugins/com.st.stm32cube.ide.mcu.externaltools.gnu-tools-for-stm32.7-2018-q2-update.linux64_1.4.0.202007081208/tools/bin/../lib/gcc/arm-none-eabi/7.3.1/../../../../arm-none-eabi/lib/thumb/v7-m/libc_nano.a(lib_a-memcpy-stub.o)
                0x000000000800a268                memcpy
 .text.__malloc_lock
                0x000000000800a27e        0x2 /opt/st/stm32cubeide_1.4.0/plugins/com.st.stm32cube.ide.mcu.externaltools.gnu-tools-for-stm32.7-2018-q2-update.linux64_1.4.0.202007081208/tools/bin/../lib/gcc/arm-none-eabi/7.3.1/../../../../arm-none-eabi/lib/thumb/v7-m/libc_nano.a(lib_a-mlock.o)
                0x000000000800a27e                __malloc_lock
 .text.__malloc_unlock
                0x000000000800a280        0x2 /opt/st/stm32cubeide_1.4.0/plugins/com.st.stm32cube.ide.mcu.externaltools.gnu-tools-for-stm32.7-2018-q2-update.linux64_1.4.0.202007081208/tools/bin/../lib/gcc/arm-none-eabi/7.3.1/../../../../arm-none-eabi/lib/thumb/v7-m/libc_nano.a(lib_a-mlock.o)
                0x000000000800a280                __malloc_unlock
 .text._Balloc  0x000000000800a282       0x68 /opt/st/stm32cubeide_1.4.0/plugins/com.st.stm32cube.ide.mcu.externaltools.gnu-tools-for-stm32.7-2018-q2-update.linux64_1.4.0.202007081208/tools/bin/../lib/gcc/arm-none-eabi/7.3.1/../../../../arm-none-eabi/lib/thumb/v7-m/libc_nano.a(lib_a-mprec.o)
                0x000000000800a282                _Balloc
 .text._Bfree   0x000000000800a2ea       0x2e /opt/st/stm32cubeide_1.4.0/plugins/com.st.stm32cube.ide.mcu.externaltools.gnu-tools-for-stm32.7-2018-q2-update.linux64_1.4.0.202007081208/tools/bin/../lib/gcc/arm-none-eabi/7.3.1/../../../../arm-none-eabi/lib/thumb/v7-m/libc_nano.a(lib_a-mprec.o)
                0x000000000800a2ea                _Bfree
 .text.__multadd
                0x000000000800a318       0x76 /opt/st/stm32cubeide_1.4.0/plugins/com.st.stm32cube.ide.mcu.externaltools.gnu-tools-for-stm32.7-2018-q2-update.linux64_1.4.0.202007081208/tools/bin/../lib/gcc/arm-none-eabi/7.3.1/../../../../arm-none-eabi/lib/thumb/v7-m/libc_nano.a(lib_a-mprec.o)
                0x000000000800a318                __multadd
 .text.__hi0bits
                0x000000000800a38e       0x3e /opt/st/stm32cubeide_1.4.0/plugins/com.st.stm32cube.ide.mcu.externaltools.gnu-tools-for-stm32.7-2018-q2-update.linux64_1.4.0.202007081208/tools/bin/../lib/gcc/arm-none-eabi/7.3.1/../../../../arm-none-eabi/lib/thumb/v7-m/libc_nano.a(lib_a-mprec.o)
                0x000000000800a38e                __hi0bits
 .text.__lo0bits
                0x000000000800a3cc       0x5e /opt/st/stm32cubeide_1.4.0/plugins/com.st.stm32cube.ide.mcu.externaltools.gnu-tools-for-stm32.7-2018-q2-update.linux64_1.4.0.202007081208/tools/bin/../lib/gcc/arm-none-eabi/7.3.1/../../../../arm-none-eabi/lib/thumb/v7-m/libc_nano.a(lib_a-mprec.o)
                0x000000000800a3cc                __lo0bits
 .text.__i2b    0x000000000800a42a       0x12 /opt/st/stm32cubeide_1.4.0/plugins/com.st.stm32cube.ide.mcu.externaltools.gnu-tools-for-stm32.7-2018-q2-update.linux64_1.4.0.202007081208/tools/bin/../lib/gcc/arm-none-eabi/7.3.1/../../../../arm-none-eabi/lib/thumb/v7-m/libc_nano.a(lib_a-mprec.o)
                0x000000000800a42a                __i2b
 .text.__multiply
                0x000000000800a43c      0x12a /opt/st/stm32cubeide_1.4.0/plugins/com.st.stm32cube.ide.mcu.externaltools.gnu-tools-for-stm32.7-2018-q2-update.linux64_1.4.0.202007081208/tools/bin/../lib/gcc/arm-none-eabi/7.3.1/../../../../arm-none-eabi/lib/thumb/v7-m/libc_nano.a(lib_a-mprec.o)
                0x000000000800a43c                __multiply
 *fill*         0x000000000800a566        0x2 
 .text.__pow5mult
                0x000000000800a568       0x9c /opt/st/stm32cubeide_1.4.0/plugins/com.st.stm32cube.ide.mcu.externaltools.gnu-tools-for-stm32.7-2018-q2-update.linux64_1.4.0.202007081208/tools/bin/../lib/gcc/arm-none-eabi/7.3.1/../../../../arm-none-eabi/lib/thumb/v7-m/libc_nano.a(lib_a-mprec.o)
                0x000000000800a568                __pow5mult
 .text.__lshift
                0x000000000800a604       0xa8 /opt/st/stm32cubeide_1.4.0/plugins/com.st.stm32cube.ide.mcu.externaltools.gnu-tools-for-stm32.7-2018-q2-update.linux64_1.4.0.202007081208/tools/bin/../lib/gcc/arm-none-eabi/7.3.1/../../../../arm-none-eabi/lib/thumb/v7-m/libc_nano.a(lib_a-mprec.o)
                0x000000000800a604                __lshift
 .text.__mcmp   0x000000000800a6ac       0x34 /opt/st/stm32cubeide_1.4.0/plugins/com.st.stm32cube.ide.mcu.externaltools.gnu-tools-for-stm32.7-2018-q2-update.linux64_1.4.0.202007081208/tools/bin/../lib/gcc/arm-none-eabi/7.3.1/../../../../arm-none-eabi/lib/thumb/v7-m/libc_nano.a(lib_a-mprec.o)
                0x000000000800a6ac                __mcmp
 .text.__mdiff  0x000000000800a6e0       0xbc /opt/st/stm32cubeide_1.4.0/plugins/com.st.stm32cube.ide.mcu.externaltools.gnu-tools-for-stm32.7-2018-q2-update.linux64_1.4.0.202007081208/tools/bin/../lib/gcc/arm-none-eabi/7.3.1/../../../../arm-none-eabi/lib/thumb/v7-m/libc_nano.a(lib_a-mprec.o)
                0x000000000800a6e0                __mdiff
 .text.__d2b    0x000000000800a79c       0x9e /opt/st/stm32cubeide_1.4.0/plugins/com.st.stm32cube.ide.mcu.externaltools.gnu-tools-for-stm32.7-2018-q2-update.linux64_1.4.0.202007081208/tools/bin/../lib/gcc/arm-none-eabi/7.3.1/../../../../arm-none-eabi/lib/thumb/v7-m/libc_nano.a(lib_a-mprec.o)
                0x000000000800a79c                __d2b
 .text._calloc_r
                0x000000000800a83a       0x1c /opt/st/stm32cubeide_1.4.0/plugins/com.st.stm32cube.ide.mcu.externaltools.gnu-tools-for-stm32.7-2018-q2-update.linux64_1.4.0.202007081208/tools/bin/../lib/gcc/arm-none-eabi/7.3.1/../../../../arm-none-eabi/lib/thumb/v7-m/libc_nano.a(lib_a-nano-callocr.o)
                0x000000000800a83a                _calloc_r
 .text.__ssputs_r
                0x000000000800a856       0xb4 /opt/st/stm32cubeide_1.4.0/plugins/com.st.stm32cube.ide.mcu.externaltools.gnu-tools-for-stm32.7-2018-q2-update.linux64_1.4.0.202007081208/tools/bin/../lib/gcc/arm-none-eabi/7.3.1/../../../../arm-none-eabi/lib/thumb/v7-m/libc_nano.a(lib_a-nano-svfprintf.o)
                0x000000000800a856                __ssputs_r
 *fill*         0x000000000800a90a        0x2 
 .text._svfprintf_r
                0x000000000800a90c      0x1f0 /opt/st/stm32cubeide_1.4.0/plugins/com.st.stm32cube.ide.mcu.externaltools.gnu-tools-for-stm32.7-2018-q2-update.linux64_1.4.0.202007081208/tools/bin/../lib/gcc/arm-none-eabi/7.3.1/../../../../arm-none-eabi/lib/thumb/v7-m/libc_nano.a(lib_a-nano-svfprintf.o)
                0x000000000800a90c                _svfprintf_r
                0x000000000800a90c                _svfiprintf_r
 .text.__ascii_mbtowc
                0x000000000800aafc       0x24 /opt/st/stm32cubeide_1.4.0/plugins/com.st.stm32cube.ide.mcu.externaltools.gnu-tools-for-stm32.7-2018-q2-update.linux64_1.4.0.202007081208/tools/bin/../lib/gcc/arm-none-eabi/7.3.1/../../../../arm-none-eabi/lib/thumb/v7-m/libc_nano.a(lib_a-mbtowc_r.o)
                0x000000000800aafc                __ascii_mbtowc
 .text.memmove  0x000000000800ab20       0x32 /opt/st/stm32cubeide_1.4.0/plugins/com.st.stm32cube.ide.mcu.externaltools.gnu-tools-for-stm32.7-2018-q2-update.linux64_1.4.0.202007081208/tools/bin/../lib/gcc/arm-none-eabi/7.3.1/../../../../arm-none-eabi/lib/thumb/v7-m/libc_nano.a(lib_a-memmove.o)
                0x000000000800ab20                memmove
 .text._realloc_r
                0x000000000800ab52       0x4c /opt/st/stm32cubeide_1.4.0/plugins/com.st.stm32cube.ide.mcu.externaltools.gnu-tools-for-stm32.7-2018-q2-update.linux64_1.4.0.202007081208/tools/bin/../lib/gcc/arm-none-eabi/7.3.1/../../../../arm-none-eabi/lib/thumb/v7-m/libc_nano.a(lib_a-nano-reallocr.o)
                0x000000000800ab52                _realloc_r
 .text.__ascii_wctomb
                0x000000000800ab9e       0x1a /opt/st/stm32cubeide_1.4.0/plugins/com.st.stm32cube.ide.mcu.externaltools.gnu-tools-for-stm32.7-2018-q2-update.linux64_1.4.0.202007081208/tools/bin/../lib/gcc/arm-none-eabi/7.3.1/../../../../arm-none-eabi/lib/thumb/v7-m/libc_nano.a(lib_a-wctomb_r.o)
                0x000000000800ab9e                __ascii_wctomb
 .text._malloc_usable_size_r
                0x000000000800abb8       0x10 /opt/st/stm32cubeide_1.4.0/plugins/com.st.stm32cube.ide.mcu.externaltools.gnu-tools-for-stm32.7-2018-q2-update.linux64_1.4.0.202007081208/tools/bin/../lib/gcc/arm-none-eabi/7.3.1/../../../../arm-none-eabi/lib/thumb/v7-m/libc_nano.a(lib_a-nano-msizer.o)
                0x000000000800abb8                _malloc_usable_size_r
 *(.glue_7)
 .glue_7        0x000000000800abc8        0x0 linker stubs
 *(.glue_7t)
 .glue_7t       0x000000000800abc8        0x0 linker stubs
 *(.eh_frame)
 .eh_frame      0x000000000800abc8        0x0 /opt/st/stm32cubeide_1.4.0/plugins/com.st.stm32cube.ide.mcu.externaltools.gnu-tools-for-stm32.7-2018-q2-update.linux64_1.4.0.202007081208/tools/bin/../lib/gcc/arm-none-eabi/7.3.1/thumb/v7-m/crtbegin.o
 *(.init)
 .init          0x000000000800abc8        0x4 /opt/st/stm32cubeide_1.4.0/plugins/com.st.stm32cube.ide.mcu.externaltools.gnu-tools-for-stm32.7-2018-q2-update.linux64_1.4.0.202007081208/tools/bin/../lib/gcc/arm-none-eabi/7.3.1/thumb/v7-m/crti.o
                0x000000000800abc8                _init
 .init          0x000000000800abcc        0x8 /opt/st/stm32cubeide_1.4.0/plugins/com.st.stm32cube.ide.mcu.externaltools.gnu-tools-for-stm32.7-2018-q2-update.linux64_1.4.0.202007081208/tools/bin/../lib/gcc/arm-none-eabi/7.3.1/thumb/v7-m/crtn.o
 *(.fini)
 .fini          0x000000000800abd4        0x4 /opt/st/stm32cubeide_1.4.0/plugins/com.st.stm32cube.ide.mcu.externaltools.gnu-tools-for-stm32.7-2018-q2-update.linux64_1.4.0.202007081208/tools/bin/../lib/gcc/arm-none-eabi/7.3.1/thumb/v7-m/crti.o
                0x000000000800abd4                _fini
 .fini          0x000000000800abd8        0x8 /opt/st/stm32cubeide_1.4.0/plugins/com.st.stm32cube.ide.mcu.externaltools.gnu-tools-for-stm32.7-2018-q2-update.linux64_1.4.0.202007081208/tools/bin/../lib/gcc/arm-none-eabi/7.3.1/thumb/v7-m/crtn.o
                0x000000000800abe0                . = ALIGN (0x4)
                0x000000000800abe0                _etext = .

.vfp11_veneer   0x000000000800abe0        0x0
 .vfp11_veneer  0x000000000800abe0        0x0 linker stubs

.v4_bx          0x000000000800abe0        0x0
 .v4_bx         0x000000000800abe0        0x0 linker stubs

.iplt           0x000000000800abe0        0x0
 .iplt          0x000000000800abe0        0x0 /opt/st/stm32cubeide_1.4.0/plugins/com.st.stm32cube.ide.mcu.externaltools.gnu-tools-for-stm32.7-2018-q2-update.linux64_1.4.0.202007081208/tools/bin/../lib/gcc/arm-none-eabi/7.3.1/thumb/v7-m/crtbegin.o

.rodata         0x000000000800abe0      0x5f8
                0x000000000800abe0                . = ALIGN (0x4)
 *(.rodata)
 .rodata        0x000000000800abe0       0x10 Drivers/STM32F1xx_HAL_Driver/Src/stm32f1xx_hal_rcc.o
 .rodata        0x000000000800abf0       0x10 Drivers/STM32F1xx_HAL_Driver/Src/stm32f1xx_hal_rcc_ex.o
 *(.rodata*)
 .rodata.firstLineOfFile
                0x000000000800ac00       0x78 Core/Src/rps.o
                0x000000000800ac00                firstLineOfFile
 .rodata.saveDataToSDCard.str1.1
                0x000000000800ac78       0x33 Core/Src/rps.o
 .rodata.specifyBeginingOfFileName.str1.1
                0x000000000800acab       0x1b Core/Src/rps.o
 .rodata.specifyFileName.str1.1
                0x000000000800acc6        0xb Core/Src/rps.o
 .rodata.strGetDaysPerFile
                0x000000000800acd1        0x8 Core/Src/rps.o
                0x000000000800acd1                strGetDaysPerFile
 .rodata.strGetFileInfo
                0x000000000800acd9        0x3 Core/Src/rps.o
                0x000000000800acd9                strGetFileInfo
 .rodata.strGetInterval
                0x000000000800acdc        0x8 Core/Src/rps.o
                0x000000000800acdc                strGetInterval
 .rodata.strSetDate
                0x000000000800ace4        0x8 Core/Src/rps.o
                0x000000000800ace4                strSetDate
 .rodata.strSetDaysPerFile
                0x000000000800acec        0x8 Core/Src/rps.o
                0x000000000800acec                strSetDaysPerFile
 .rodata.strSetInterval
                0x000000000800acf4        0x8 Core/Src/rps.o
                0x000000000800acf4                strSetInterval
 .rodata.strSetTime
                0x000000000800acfc        0x8 Core/Src/rps.o
                0x000000000800acfc                strSetTime
 .rodata.strWhatTime
                0x000000000800ad04        0x8 Core/Src/rps.o
                0x000000000800ad04                strWhatTime
 .rodata.tasksWithReceivedDataFromPC.str1.1
                0x000000000800ad0c      0x170 Core/Src/rps.o
                                        0x186 (size before relaxing)
 .rodata.AHBPrescTable
                0x000000000800ae7c       0x10 Core/Src/system_stm32f1xx.o
                0x000000000800ae7c                AHBPrescTable
 .rodata.APBPrescTable
                0x000000000800ae8c        0x8 Core/Src/system_stm32f1xx.o
                0x000000000800ae8c                APBPrescTable
 .rodata.ExCvt  0x000000000800ae94       0x80 Middlewares/Third_Party/FatFs/src/ff.o
 .rodata.follow_path.str1.1
                0x000000000800af14        0xf Middlewares/Third_Party/FatFs/src/ff.o
 *fill*         0x000000000800af23        0x1 
 .rodata.SD_Driver
                0x000000000800af24       0x14 Middlewares/Third_Party/FatFs/src/drivers/sd_diskio.o
                0x000000000800af24                SD_Driver
 .rodata.USBD_FS_ConfigStrDescriptor.str1.1
                0x000000000800af38        0xb USB_DEVICE/App/usbd_desc.o
 .rodata.USBD_FS_InterfaceStrDescriptor.str1.1
                0x000000000800af43        0xe USB_DEVICE/App/usbd_desc.o
 .rodata.USBD_FS_ManufacturerStrDescriptor.str1.1
                0x000000000800af51       0x13 USB_DEVICE/App/usbd_desc.o
 .rodata.USBD_FS_ProductStrDescriptor.str1.1
                0x000000000800af64       0x16 USB_DEVICE/App/usbd_desc.o
 .rodata.CSWTCH.3
                0x000000000800af7a        0x4 USB_DEVICE/Target/usbd_conf.o
 .rodata._printf_float.str1.1
                0x000000000800af7e       0x12 /opt/st/stm32cubeide_1.4.0/plugins/com.st.stm32cube.ide.mcu.externaltools.gnu-tools-for-stm32.7-2018-q2-update.linux64_1.4.0.202007081208/tools/bin/../lib/gcc/arm-none-eabi/7.3.1/../../../../arm-none-eabi/lib/thumb/v7-m/libc_nano.a(lib_a-nano-vfprintf_float.o)
 .rodata._printf_i.str1.1
                0x000000000800af90       0x22 /opt/st/stm32cubeide_1.4.0/plugins/com.st.stm32cube.ide.mcu.externaltools.gnu-tools-for-stm32.7-2018-q2-update.linux64_1.4.0.202007081208/tools/bin/../lib/gcc/arm-none-eabi/7.3.1/../../../../arm-none-eabi/lib/thumb/v7-m/libc_nano.a(lib_a-nano-vfprintf_i.o)
 .rodata._dtoa_r.str1.1
                0x000000000800afb2        0xd /opt/st/stm32cubeide_1.4.0/plugins/com.st.stm32cube.ide.mcu.externaltools.gnu-tools-for-stm32.7-2018-q2-update.linux64_1.4.0.202007081208/tools/bin/../lib/gcc/arm-none-eabi/7.3.1/../../../../arm-none-eabi/lib/thumb/v7-m/libc_nano.a(lib_a-dtoa.o)
                                          0xf (size before relaxing)
 *fill*         0x000000000800afbf        0x1 
 .rodata.__mprec_bigtens
                0x000000000800afc0       0x28 /opt/st/stm32cubeide_1.4.0/plugins/com.st.stm32cube.ide.mcu.externaltools.gnu-tools-for-stm32.7-2018-q2-update.linux64_1.4.0.202007081208/tools/bin/../lib/gcc/arm-none-eabi/7.3.1/../../../../arm-none-eabi/lib/thumb/v7-m/libc_nano.a(lib_a-mprec.o)
                0x000000000800afc0                __mprec_bigtens
 .rodata.__mprec_tens
                0x000000000800afe8       0xc8 /opt/st/stm32cubeide_1.4.0/plugins/com.st.stm32cube.ide.mcu.externaltools.gnu-tools-for-stm32.7-2018-q2-update.linux64_1.4.0.202007081208/tools/bin/../lib/gcc/arm-none-eabi/7.3.1/../../../../arm-none-eabi/lib/thumb/v7-m/libc_nano.a(lib_a-mprec.o)
                0x000000000800afe8                __mprec_tens
 .rodata.p05.6084
                0x000000000800b0b0        0xc /opt/st/stm32cubeide_1.4.0/plugins/com.st.stm32cube.ide.mcu.externaltools.gnu-tools-for-stm32.7-2018-q2-update.linux64_1.4.0.202007081208/tools/bin/../lib/gcc/arm-none-eabi/7.3.1/../../../../arm-none-eabi/lib/thumb/v7-m/libc_nano.a(lib_a-mprec.o)
 .rodata._svfprintf_r.str1.1
                0x000000000800b0bc       0x11 /opt/st/stm32cubeide_1.4.0/plugins/com.st.stm32cube.ide.mcu.externaltools.gnu-tools-for-stm32.7-2018-q2-update.linux64_1.4.0.202007081208/tools/bin/../lib/gcc/arm-none-eabi/7.3.1/../../../../arm-none-eabi/lib/thumb/v7-m/libc_nano.a(lib_a-nano-svfprintf.o)
 .rodata._setlocale_r.str1.1
                0x000000000800b0cd        0x8 /opt/st/stm32cubeide_1.4.0/plugins/com.st.stm32cube.ide.mcu.externaltools.gnu-tools-for-stm32.7-2018-q2-update.linux64_1.4.0.202007081208/tools/bin/../lib/gcc/arm-none-eabi/7.3.1/../../../../arm-none-eabi/lib/thumb/v7-m/libc_nano.a(lib_a-locale.o)
                                          0x9 (size before relaxing)
 .rodata.str1.1
                0x000000000800b0d5        0x2 /opt/st/stm32cubeide_1.4.0/plugins/com.st.stm32cube.ide.mcu.externaltools.gnu-tools-for-stm32.7-2018-q2-update.linux64_1.4.0.202007081208/tools/bin/../lib/gcc/arm-none-eabi/7.3.1/../../../../arm-none-eabi/lib/thumb/v7-m/libc_nano.a(lib_a-locale.o)
 .rodata._ctype_
                0x000000000800b0d7      0x101 /opt/st/stm32cubeide_1.4.0/plugins/com.st.stm32cube.ide.mcu.externaltools.gnu-tools-for-stm32.7-2018-q2-update.linux64_1.4.0.202007081208/tools/bin/../lib/gcc/arm-none-eabi/7.3.1/../../../../arm-none-eabi/lib/thumb/v7-m/libc_nano.a(lib_a-ctype_.o)
                0x000000000800b0d7                _ctype_
                0x000000000800b1d8                . = ALIGN (0x4)

.ARM.extab      0x000000000800b1d8        0x0
                0x000000000800b1d8                . = ALIGN (0x4)
 *(.ARM.extab* .gnu.linkonce.armextab.*)
                0x000000000800b1d8                . = ALIGN (0x4)

.ARM            0x000000000800b1d8        0x8
                0x000000000800b1d8                . = ALIGN (0x4)
                0x000000000800b1d8                __exidx_start = .
 *(.ARM.exidx*)
 .ARM.exidx     0x000000000800b1d8        0x8 /opt/st/stm32cubeide_1.4.0/plugins/com.st.stm32cube.ide.mcu.externaltools.gnu-tools-for-stm32.7-2018-q2-update.linux64_1.4.0.202007081208/tools/bin/../lib/gcc/arm-none-eabi/7.3.1/thumb/v7-m/libgcc.a(_udivmoddi4.o)
                0x000000000800b1e0                __exidx_end = .
                0x000000000800b1e0                . = ALIGN (0x4)

.rel.dyn        0x000000000800b1e0        0x0