Archive member included to satisfy reference by file (symbol)

/opt/st/stm32cubeide_1.4.0/plugins/com.st.stm32cube.ide.mcu.externaltools.gnu-tools-for-stm32.7-2018-q2-update.linux64_1.4.0.202007081208/tools/bin/../lib/gcc/arm-none-eabi/7.3.1/../../../../arm-none-eabi/lib/thumb/v7-m/libc_nano.a(lib_a-errno.o)
                              Core/Src/syscalls.o (__errno)
/opt/st/stm32cubeide_1.4.0/plugins/com.st.stm32cube.ide.mcu.externaltools.gnu-tools-for-stm32.7-2018-q2-update.linux64_1.4.0.202007081208/tools/bin/../lib/gcc/arm-none-eabi/7.3.1/../../../../arm-none-eabi/lib/thumb/v7-m/libc_nano.a(lib_a-exit.o)
                              /opt/st/stm32cubeide_1.4.0/plugins/com.st.stm32cube.ide.mcu.externaltools.gnu-tools-for-stm32.7-2018-q2-update.linux64_1.4.0.202007081208/tools/bin/../lib/gcc/arm-none-eabi/7.3.1/../../../../arm-none-eabi/lib/thumb/v7-m/crt0.o (exit)
/opt/st/stm32cubeide_1.4.0/plugins/com.st.stm32cube.ide.mcu.externaltools.gnu-tools-for-stm32.7-2018-q2-update.linux64_1.4.0.202007081208/tools/bin/../lib/gcc/arm-none-eabi/7.3.1/../../../../arm-none-eabi/lib/thumb/v7-m/libc_nano.a(lib_a-impure.o)
                              /opt/st/stm32cubeide_1.4.0/plugins/com.st.stm32cube.ide.mcu.externaltools.gnu-tools-for-stm32.7-2018-q2-update.linux64_1.4.0.202007081208/tools/bin/../lib/gcc/arm-none-eabi/7.3.1/../../../../arm-none-eabi/lib/thumb/v7-m/libc_nano.a(lib_a-exit.o) (_global_impure_ptr)
/opt/st/stm32cubeide_1.4.0/plugins/com.st.stm32cube.ide.mcu.externaltools.gnu-tools-for-stm32.7-2018-q2-update.linux64_1.4.0.202007081208/tools/bin/../lib/gcc/arm-none-eabi/7.3.1/../../../../arm-none-eabi/lib/thumb/v7-m/libc_nano.a(lib_a-init.o)
                              /opt/st/stm32cubeide_1.4.0/plugins/com.st.stm32cube.ide.mcu.externaltools.gnu-tools-for-stm32.7-2018-q2-update.linux64_1.4.0.202007081208/tools/bin/../lib/gcc/arm-none-eabi/7.3.1/../../../../arm-none-eabi/lib/thumb/v7-m/crt0.o (__libc_init_array)
/opt/st/stm32cubeide_1.4.0/plugins/com.st.stm32cube.ide.mcu.externaltools.gnu-tools-for-stm32.7-2018-q2-update.linux64_1.4.0.202007081208/tools/bin/../lib/gcc/arm-none-eabi/7.3.1/../../../../arm-none-eabi/lib/thumb/v7-m/libc_nano.a(lib_a-malloc.o)
                              Core/Src/sensor_bme280.o (malloc)
/opt/st/stm32cubeide_1.4.0/plugins/com.st.stm32cube.ide.mcu.externaltools.gnu-tools-for-stm32.7-2018-q2-update.linux64_1.4.0.202007081208/tools/bin/../lib/gcc/arm-none-eabi/7.3.1/../../../../arm-none-eabi/lib/thumb/v7-m/libc_nano.a(lib_a-memset.o)
                              /opt/st/stm32cubeide_1.4.0/plugins/com.st.stm32cube.ide.mcu.externaltools.gnu-tools-for-stm32.7-2018-q2-update.linux64_1.4.0.202007081208/tools/bin/../lib/gcc/arm-none-eabi/7.3.1/../../../../arm-none-eabi/lib/thumb/v7-m/crt0.o (memset)
/opt/st/stm32cubeide_1.4.0/plugins/com.st.stm32cube.ide.mcu.externaltools.gnu-tools-for-stm32.7-2018-q2-update.linux64_1.4.0.202007081208/tools/bin/../lib/gcc/arm-none-eabi/7.3.1/../../../../arm-none-eabi/lib/thumb/v7-m/libc_nano.a(lib_a-nano-freer.o)
                              /opt/st/stm32cubeide_1.4.0/plugins/com.st.stm32cube.ide.mcu.externaltools.gnu-tools-for-stm32.7-2018-q2-update.linux64_1.4.0.202007081208/tools/bin/../lib/gcc/arm-none-eabi/7.3.1/../../../../arm-none-eabi/lib/thumb/v7-m/libc_nano.a(lib_a-malloc.o) (_free_r)
/opt/st/stm32cubeide_1.4.0/plugins/com.st.stm32cube.ide.mcu.externaltools.gnu-tools-for-stm32.7-2018-q2-update.linux64_1.4.0.202007081208/tools/bin/../lib/gcc/arm-none-eabi/7.3.1/../../../../arm-none-eabi/lib/thumb/v7-m/libc_nano.a(lib_a-nano-mallocr.o)
                              /opt/st/stm32cubeide_1.4.0/plugins/com.st.stm32cube.ide.mcu.externaltools.gnu-tools-for-stm32.7-2018-q2-update.linux64_1.4.0.202007081208/tools/bin/../lib/gcc/arm-none-eabi/7.3.1/../../../../arm-none-eabi/lib/thumb/v7-m/libc_nano.a(lib_a-malloc.o) (_malloc_r)
/opt/st/stm32cubeide_1.4.0/plugins/com.st.stm32cube.ide.mcu.externaltools.gnu-tools-for-stm32.7-2018-q2-update.linux64_1.4.0.202007081208/tools/bin/../lib/gcc/arm-none-eabi/7.3.1/../../../../arm-none-eabi/lib/thumb/v7-m/libc_nano.a(lib_a-sbrkr.o)
                              /opt/st/stm32cubeide_1.4.0/plugins/com.st.stm32cube.ide.mcu.externaltools.gnu-tools-for-stm32.7-2018-q2-update.linux64_1.4.0.202007081208/tools/bin/../lib/gcc/arm-none-eabi/7.3.1/../../../../arm-none-eabi/lib/thumb/v7-m/libc_nano.a(lib_a-nano-mallocr.o) (_sbrk_r)
/opt/st/stm32cubeide_1.4.0/plugins/com.st.stm32cube.ide.mcu.externaltools.gnu-tools-for-stm32.7-2018-q2-update.linux64_1.4.0.202007081208/tools/bin/../lib/gcc/arm-none-eabi/7.3.1/../../../../arm-none-eabi/lib/thumb/v7-m/libc_nano.a(lib_a-snprintf.o)
                              Core/Src/rps.o (snprintf)
/opt/st/stm32cubeide_1.4.0/plugins/com.st.stm32cube.ide.mcu.externaltools.gnu-tools-for-stm32.7-2018-q2-update.linux64_1.4.0.202007081208/tools/bin/../lib/gcc/arm-none-eabi/7.3.1/../../../../arm-none-eabi/lib/thumb/v7-m/libc_nano.a(lib_a-sprintf.o)
[...]
Memory Configuration

Name             Origin             Length             Attributes
RAM              0x0000000020000000 0x000000000000c000 xrw
FLASH            0x0000000008000000 0x0000000000040000 xr
*default*        0x0000000000000000 0xffffffffffffffff

Linker script and memory map

LOAD /opt/st/stm32cubeide_1.4.0/plugins/com.st.stm32cube.ide.mcu.externaltools.gnu-tools-for-stm32.7-2018-q2-update.linux64_1.4.0.202007081208/tools/bin/../lib/gcc/arm-none-eabi/7.3.1/thumb/v7-m/crti.o
LOAD /opt/st/stm32cubeide_1.4.0/plugins/com.st.stm32cube.ide.mcu.externaltools.gnu-tools-for-stm32.7-2018-q2-update.linux64_1.4.0.202007081208/tools/bin/../lib/gcc/arm-none-eabi/7.3.1/thumb/v7-m/crtbegin.o
LOAD /opt/st/stm32cubeide_1.4.0/plugins/com.st.stm32cube.ide.mcu.externaltools.gnu-tools-for-stm32.7-2018-q2-update.linux64_1.4.0.202007081208/tools/bin/../lib/gcc/arm-none-eabi/7.3.1/../../../../arm-none-eabi/lib/thumb/v7-m/crt0.o
LOAD Core/Src/gpio.o
LOAD Core/Src/main.o
LOAD Core/Src/rps.o
LOAD Core/Src/rtc.o
LOAD Core/Src/sdio.o
LOAD Core/Src/sensor_bme280.o
LOAD Core/Src/spi.o
LOAD Core/Src/stm32f1xx_hal_msp.o
LOAD Core/Src/stm32f1xx_it.o
LOAD Core/Src/syscalls.o
LOAD Core/Src/sysmem.o
LOAD Core/Src/system_stm32f1xx.o
LOAD Core/Startup/startup_stm32f103rctx.o
LOAD Drivers/STM32F1xx_HAL_Driver/Src/stm32f1xx_hal.o
LOAD Drivers/STM32F1xx_HAL_Driver/Src/stm32f1xx_hal_cortex.o
LOAD Drivers/STM32F1xx_HAL_Driver/Src/stm32f1xx_hal_dma.o
LOAD Drivers/STM32F1xx_HAL_Driver/Src/stm32f1xx_hal_exti.o
LOAD Drivers/STM32F1xx_HAL_Driver/Src/stm32f1xx_hal_flash.o
LOAD Drivers/STM32F1xx_HAL_Driver/Src/stm32f1xx_hal_flash_ex.o
LOAD Drivers/STM32F1xx_HAL_Driver/Src/stm32f1xx_hal_gpio.o
LOAD Drivers/STM32F1xx_HAL_Driver/Src/stm32f1xx_hal_gpio_ex.o
LOAD Drivers/STM32F1xx_HAL_Driver/Src/stm32f1xx_hal_pcd.o
LOAD Drivers/STM32F1xx_HAL_Driver/Src/stm32f1xx_hal_pcd_ex.o
LOAD Drivers/STM32F1xx_HAL_Driver/Src/stm32f1xx_hal_pwr.o
LOAD Drivers/STM32F1xx_HAL_Driver/Src/stm32f1xx_hal_rcc.o
LOAD Drivers/STM32F1xx_HAL_Driver/Src/stm32f1xx_hal_rcc_ex.o
LOAD Drivers/STM32F1xx_HAL_Driver/Src/stm32f1xx_hal_rtc.o
LOAD Drivers/STM32F1xx_HAL_Driver/Src/stm32f1xx_hal_rtc_ex.o
LOAD Drivers/STM32F1xx_HAL_Driver/Src/stm32f1xx_hal_sd.o
LOAD Drivers/STM32F1xx_HAL_Driver/Src/stm32f1xx_hal_spi.o
LOAD Drivers/STM32F1xx_HAL_Driver/Src/stm32f1xx_hal_tim.o
LOAD Drivers/STM32F1xx_HAL_Driver/Src/stm32f1xx_hal_tim_ex.o
LOAD Drivers/STM32F1xx_HAL_Driver/Src/stm32f1xx_ll_sdmmc.o
LOAD Drivers/STM32F1xx_HAL_Driver/Src/stm32f1xx_ll_usb.o
LOAD FATFS/App/fatfs.o
LOAD FATFS/Target/bsp_driver_sd.o
LOAD FATFS/Target/fatfs_platform.o
LOAD Middlewares/ST/STM32_USB_Device_Library/Class/CDC/Src/usbd_cdc.o
LOAD Middlewares/ST/STM32_USB_Device_Library/Core/Src/usbd_core.o
LOAD Middlewares/ST/STM32_USB_Device_Library/Core/Src/usbd_ctlreq.o
LOAD Middlewares/ST/STM32_USB_Device_Library/Core/Src/usbd_ioreq.o
LOAD Middlewares/Third_Party/FatFs/src/diskio.o
LOAD Middlewares/Third_Party/FatFs/src/ff.o
LOAD Middlewares/Third_Party/FatFs/src/ff_gen_drv.o
LOAD Middlewares/Third_Party/FatFs/src/drivers/sd_diskio.o
LOAD Middlewares/Third_Party/FatFs/src/option/syscall.o
LOAD USB_DEVICE/App/usb_device.o
LOAD USB_DEVICE/App/usbd_cdc_if.o
LOAD USB_DEVICE/App/usbd_desc.o
LOAD USB_DEVICE/Target/usbd_conf.o
START GROUP
LOAD /opt/st/stm32cubeide_1.4.0/plugins/com.st.stm32cube.ide.mcu.externaltools.gnu-tools-for-stm32.7-2018-q2-update.linux64_1.4.0.202007081208/tools/bin/../lib/gcc/arm-none-eabi/7.3.1/../../../../arm-none-eabi/lib/thumb/v7-m/libc_nano.a
LOAD /opt/st/stm32cubeide_1.4.0/plugins/com.st.stm32cube.ide.mcu.externaltools.gnu-tools-for-stm32.7-2018-q2-update.linux64_1.4.0.202007081208/tools/bin/../lib/gcc/arm-none-eabi/7.3.1/../../../../arm-none-eabi/lib/thumb/v7-m/libm.a
END GROUP
START GROUP
LOAD /opt/st/stm32cubeide_1.4.0/plugins/com.st.stm32cube.ide.mcu.externaltools.gnu-tools-for-stm32.7-2018-q2-update.linux64_1.4.0.202007081208/tools/bin/../lib/gcc/arm-none-eabi/7.3.1/thumb/v7-m/libgcc.a
LOAD /opt/st/stm32cubeide_1.4.0/plugins/com.st.stm32cube.ide.mcu.externaltools.gnu-tools-for-stm32.7-2018-q2-update.linux64_1.4.0.202007081208/tools/bin/../lib/gcc/arm-none-eabi/7.3.1/../../../../arm-none-eabi/lib/thumb/v7-m/libc_nano.a
END GROUP
START GROUP
LOAD /opt/st/stm32cubeide_1.4.0/plugins/com.st.stm32cube.ide.mcu.externaltools.gnu-tools-for-stm32.7-2018-q2-update.linux64_1.4.0.202007081208/tools/bin/../lib/gcc/arm-none-eabi/7.3.1/thumb/v7-m/libgcc.a
LOAD /opt/st/stm32cubeide_1.4.0/plugins/com.st.stm32cube.ide.mcu.externaltools.gnu-tools-for-stm32.7-2018-q2-update.linux64_1.4.0.202007081208/tools/bin/../lib/gcc/arm-none-eabi/7.3.1/../../../../arm-none-eabi/lib/thumb/v7-m/libc_nano.a
LOAD /opt/st/stm32cubeide_1.4.0/plugins/com.st.stm32cube.ide.mcu.externaltools.gnu-tools-for-stm32.7-2018-q2-update.linux64_1.4.0.202007081208/tools/bin/../lib/gcc/arm-none-eabi/7.3.1/../../../../arm-none-eabi/lib/thumb/v7-m/libnosys.a
END GROUP
START GROUP
LOAD /opt/st/stm32cubeide_1.4.0/plugins/com.st.stm32cube.ide.mcu.externaltools.gnu-tools-for-stm32.7-2018-q2-update.linux64_1.4.0.202007081208/tools/bin/../lib/gcc/arm-none-eabi/7.3.1/thumb/v7-m/libgcc.a
LOAD /opt/st/stm32cubeide_1.4.0/plugins/com.st.stm32cube.ide.mcu.externaltools.gnu-tools-for-stm32.7-2018-q2-update.linux64_1.4.0.202007081208/tools/bin/../lib/gcc/arm-none-eabi/7.3.1/../../../../arm-none-eabi/lib/thumb/v7-m/libc_nano.a
LOAD /opt/st/stm32cubeide_1.4.0/plugins/com.st.stm32cube.ide.mcu.externaltools.gnu-tools-for-stm32.7-2018-q2-update.linux64_1.4.0.202007081208/tools/bin/../lib/gcc/arm-none-eabi/7.3.1/../../../../arm-none-eabi/lib/thumb/v7-m/libnosys.a
END GROUP
LOAD /opt/st/stm32cubeide_1.4.0/plugins/com.st.stm32cube.ide.mcu.externaltools.gnu-tools-for-stm32.7-2018-q2-update.linux64_1.4.0.202007081208/tools/bin/../lib/gcc/arm-none-eabi/7.3.1/thumb/v7-m/crtend.o
LOAD /opt/st/stm32cubeide_1.4.0/plugins/com.st.stm32cube.ide.mcu.externaltools.gnu-tools-for-stm32.7-2018-q2-update.linux64_1.4.0.202007081208/tools/bin/../lib/gcc/arm-none-eabi/7.3.1/thumb/v7-m/crtn.o
                0x000000002000c000                _estack = (ORIGIN (RAM) + LENGTH (RAM))
                0x0000000000000200                _Min_Heap_Size = 0x200
                0x0000000000000400                _Min_Stack_Size = 0x400

.isr_vector     0x0000000008000000      0x1e4
                0x0000000008000000                . = ALIGN (0x4)
 *(.isr_vector)
 .isr_vector    0x0000000008000000      0x1e4 Core/Startup/startup_stm32f103rctx.o
                0x0000000008000000                g_pfnVectors
                0x00000000080001e4                . = ALIGN (0x4)

.text           0x00000000080001e4    0x10420
                0x00000000080001e4                . = ALIGN (0x4)
 *(.text)
 .text          0x00000000080001e4       0x40 /opt/st/stm32cubeide_1.4.0/plugins/com.st.stm32cube.ide.mcu.externaltools.gnu-tools-for-stm32.7-2018-q2-update.linux64_1.4.0.202007081208/tools/bin/../lib/gcc/arm-none-eabi/7.3.1/thumb/v7-m/crtbegin.o
 .text          0x0000000008000224      0x378 /opt/st/stm32cubeide_1.4.0/plugins/com.st.stm32cube.ide.mcu.externaltools.gnu-tools-for-stm32.7-2018-q2-update.linux64_1.4.0.202007081208/tools/bin/../lib/gcc/arm-none-eabi/7.3.1/thumb/v7-m/libgcc.a(_arm_addsubdf3.o)
                0x0000000008000224                __aeabi_drsub
                0x000000000800022c                __aeabi_dsub
                0x000000000800022c                __subdf3
                0x0000000008000230                __adddf3
                0x0000000008000230                __aeabi_dadd
                0x00000000080004a8                __aeabi_ui2d
                0x00000000080004a8                __floatunsidf
                0x00000000080004c8                __floatsidf
                0x00000000080004c8                __aeabi_i2d
                0x00000000080004ec                __extendsfdf2
                0x00000000080004ec                __aeabi_f2d
                0x0000000008000530                __aeabi_ul2d
                0x0000000008000530                __floatundidf
                0x0000000008000540                __floatdidf
                0x0000000008000540                __aeabi_l2d
 .text          0x000000000800059c      0x21c /opt/st/stm32cubeide_1.4.0/plugins/com.st.stm32cube.ide.mcu.externaltools.gnu-tools-for-stm32.7-2018-q2-update.linux64_1.4.0.202007081208/tools/bin/../lib/gcc/arm-none-eabi/7.3.1/thumb/v7-m/libgcc.a(_arm_addsubsf3.o)
                0x000000000800059c                __aeabi_frsub
                0x00000000080005a4                __subsf3
                0x00000000080005a4                __aeabi_fsub
                0x00000000080005a8                __aeabi_fadd
                0x00000000080005a8                __addsf3
                0x0000000008000708                __aeabi_ui2f
                0x0000000008000708                __floatunsisf
                0x0000000008000710                __aeabi_i2f
                0x0000000008000710                __floatsisf
                0x000000000800072c                __floatundisf
                0x000000000800072c                __aeabi_ul2f
                0x000000000800073c                __floatdisf
                0x000000000800073c                __aeabi_l2f
 .text          0x00000000080007b8      0x2a0 /opt/st/stm32cubeide_1.4.0/plugins/com.st.stm32cube.ide.mcu.externaltools.gnu-tools-for-stm32.7-2018-q2-update.linux64_1.4.0.202007081208/tools/bin/../lib/gcc/arm-none-eabi/7.3.1/thumb/v7-m/libgcc.a(_arm_muldivsf3.o)
                0x00000000080007b8                __mulsf3
                0x00000000080007b8                __aeabi_fmul
                0x0000000008000920                __divsf3
                0x0000000008000920                __aeabi_fdiv
 .text          0x0000000008000a58       0x4c /opt/st/stm32cubeide_1.4.0/plugins/com.st.stm32cube.ide.mcu.externaltools.gnu-tools-for-stm32.7-2018-q2-update.linux64_1.4.0.202007081208/tools/bin/../lib/gcc/arm-none-eabi/7.3.1/thumb/v7-m/libgcc.a(_arm_fixsfsi.o)
                0x0000000008000a58                __fixsfsi
                0x0000000008000a58                __aeabi_f2iz
 .text          0x0000000008000aa4       0xa0 /opt/st/stm32cubeide_1.4.0/plugins/com.st.stm32cube.ide.mcu.externaltools.gnu-tools-for-stm32.7-2018-q2-update.linux64_1.4.0.202007081208/tools/bin/../lib/gcc/arm-none-eabi/7.3.1/thumb/v7-m/libgcc.a(_aeabi_ldivmod.o)
                0x0000000008000aa4                __aeabi_ldivmod
 .text          0x0000000008000b44      0x2d0 /opt/st/stm32cubeide_1.4.0/plugins/com.st.stm32cube.ide.mcu.externaltools.gnu-tools-for-stm32.7-2018-q2-update.linux64_1.4.0.202007081208/tools/bin/../lib/gcc/arm-none-eabi/7.3.1/thumb/v7-m/libgcc.a(_udivmoddi4.o)
                0x0000000008000b44                __udivmoddi4
 .text          0x0000000008000e14        0x4 /opt/st/stm32cubeide_1.4.0/plugins/com.st.stm32cube.ide.mcu.externaltools.gnu-tools-for-stm32.7-2018-q2-update.linux64_1.4.0.202007081208/tools/bin/../lib/gcc/arm-none-eabi/7.3.1/thumb/v7-m/libgcc.a(_dvmd_tls.o)
                0x0000000008000e14                __aeabi_ldiv0
                0x0000000008000e14                __aeabi_idiv0
 *(.text*)
 .text.MX_GPIO_Init
                0x0000000008000e18      0x160 Core/Src/gpio.o
                0x0000000008000e18                MX_GPIO_Init
 .text.main     0x0000000008000f78      0x1fc Core/Src/main.o
                0x0000000008000f78                main
 .text.SystemClock_Config
                0x0000000008001174       0xc0 Core/Src/main.o
                0x0000000008001174                SystemClock_Config
 .text.HAL_GPIO_EXTI_Callback
                0x0000000008001234       0x60 Core/Src/main.o
                0x0000000008001234                HAL_GPIO_EXTI_Callback
 .text.Error_Handler
                0x0000000008001294        0xc Core/Src/main.o
                0x0000000008001294                Error_Handler
 .text.clearTableChar
                0x00000000080012a0       0x2e Core/Src/rps.o
                0x00000000080012a0                clearTableChar
 *fill*         0x00000000080012ce        0x2 
 .text.writeDateToBackupRegister
                0x00000000080012d0       0x3c Core/Src/rps.o
                0x00000000080012d0                writeDateToBackupRegister
 .text.readMeasurementIntervalFromBackupRegister
                0x000000000800130c       0x18 Core/Src/rps.o
                0x000000000800130c                readMeasurementIntervalFromBackupRegister
 .text.writeMeasurementIntervalToBackupRegister
                0x0000000008001324       0x44 Core/Src/rps.o
                0x0000000008001324                writeMeasurementIntervalToBackupRegister
 .text.readDaysPerFileSettingFromBackupRegister
                0x0000000008001368       0x1c Core/Src/rps.o
                0x0000000008001368                readDaysPerFileSettingFromBackupRegister
 .text.writeDaysPerFileSettingToBackupRegister
                0x0000000008001384       0x44 Core/Src/rps.o
                0x0000000008001384                writeDaysPerFileSettingToBackupRegister
 .text.tasksWithReceivedDataFromPC
                0x00000000080013c8      0x550 Core/Src/rps.o
                0x00000000080013c8                tasksWithReceivedDataFromPC
 .text.presentWeekInMonth
                0x0000000008001918       0xa0 Core/Src/rps.o
                0x0000000008001918                presentWeekInMonth
 .text.specifyBegininngOfFileName
                0x00000000080019b8       0xd0 Core/Src/rps.o
                0x00000000080019b8                specifyBegininngOfFileName
 .text.specifyFileName
                0x0000000008001a88       0xd8 Core/Src/rps.o
                0x0000000008001a88                specifyFileName
 .text.saveDataToSDCard
                0x0000000008001b60      0x200 Core/Src/rps.o
                0x0000000008001b60                saveDataToSDCard
 .text.MX_RTC_Init
                0x0000000008001d60       0x90 Core/Src/rtc.o
                0x0000000008001d60                MX_RTC_Init
 .text.HAL_RTC_MspInit
                0x0000000008001df0       0x48 Core/Src/rtc.o
                0x0000000008001df0                HAL_RTC_MspInit
 .text.setTime  0x0000000008001e38       0x4c Core/Src/rtc.o
                0x0000000008001e38                setTime
 .text.setDate  0x0000000008001e84       0x58 Core/Src/rtc.o
                0x0000000008001e84                setDate
 .text.MX_SDIO_SD_Init
                0x0000000008001edc       0x40 Core/Src/sdio.o
                0x0000000008001edc                MX_SDIO_SD_Init
 .text.HAL_SD_MspInit
                0x0000000008001f1c       0xb4 Core/Src/sdio.o
                0x0000000008001f1c                HAL_SD_MspInit
 .text.HAL_SD_MspDeInit
                0x0000000008001fd0       0x48 Core/Src/sdio.o
                0x0000000008001fd0                HAL_SD_MspDeInit
 .text.clearTable
                0x0000000008002018       0x2e Core/Src/sensor_bme280.o
                0x0000000008002018                clearTable
 *fill*         0x0000000008002046        0x2 
 .text.BME280Read
                0x0000000008002048       0xac Core/Src/sensor_bme280.o
                0x0000000008002048                BME280Read
 .text.BME280Write
                0x00000000080020f4       0xd4 Core/Src/sensor_bme280.o
                0x00000000080020f4                BME280Write
 .text.BME280compensateT
                0x00000000080021c8       0x80 Core/Src/sensor_bme280.o
                0x00000000080021c8                BME280compensateT
 .text.BME280compensateP
                0x0000000008002248      0x37c Core/Src/sensor_bme280.o
                0x0000000008002248                BME280compensateP
 .text.BME280compensateH
                0x00000000080025c4       0xd4 Core/Src/sensor_bme280.o
                0x00000000080025c4                BME280compensateH
 .text.BME280measurement
                0x0000000008002698      0x534 Core/Src/sensor_bme280.o
                0x0000000008002698                BME280measurement
 .text.MX_SPI1_Init
                0x0000000008002bcc       0x6c Core/Src/spi.o
                0x0000000008002bcc                MX_SPI1_Init
 .text.HAL_SPI_MspInit
                0x0000000008002c38       0x94 Core/Src/spi.o
                0x0000000008002c38                HAL_SPI_MspInit
 .text.HAL_MspInit
                0x0000000008002ccc       0x64 Core/Src/stm32f1xx_hal_msp.o
                0x0000000008002ccc                HAL_MspInit
 .text.NMI_Handler
                0x0000000008002d30        0xc Core/Src/stm32f1xx_it.o
                0x0000000008002d30                NMI_Handler
 .text.HardFault_Handler
                0x0000000008002d3c        0x6 Core/Src/stm32f1xx_it.o
                0x0000000008002d3c                HardFault_Handler
 .text.MemManage_Handler
                0x0000000008002d42        0x6 Core/Src/stm32f1xx_it.o
                0x0000000008002d42                MemManage_Handler
 .text.BusFault_Handler
                0x0000000008002d48        0x6 Core/Src/stm32f1xx_it.o
                0x0000000008002d48                BusFault_Handler
 .text.UsageFault_Handler
                0x0000000008002d4e        0x6 Core/Src/stm32f1xx_it.o
                0x0000000008002d4e                UsageFault_Handler
 .text.SVC_Handler
                0x0000000008002d54        0xc Core/Src/stm32f1xx_it.o
                0x0000000008002d54                SVC_Handler
 .text.DebugMon_Handler
                0x0000000008002d60        0xc Core/Src/stm32f1xx_it.o
                0x0000000008002d60                DebugMon_Handler
 .text.PendSV_Handler
                0x0000000008002d6c        0xc Core/Src/stm32f1xx_it.o
                0x0000000008002d6c                PendSV_Handler
 .text.SysTick_Handler
                0x0000000008002d78        0xc Core/Src/stm32f1xx_it.o
                0x0000000008002d78                SysTick_Handler
 .text.USB_LP_CAN1_RX0_IRQHandler
                0x0000000008002d84       0x14 Core/Src/stm32f1xx_it.o
                0x0000000008002d84                USB_LP_CAN1_RX0_IRQHandler
 .text.EXTI9_5_IRQHandler
                0x0000000008002d98       0x14 Core/Src/stm32f1xx_it.o
                0x0000000008002d98                EXTI9_5_IRQHandler
 .text._sbrk    0x0000000008002dac       0x6c Core/Src/sysmem.o
                0x0000000008002dac                _sbrk
 .text.SystemInit
                0x0000000008002e18        0xc Core/Src/system_stm32f1xx.o
                0x0000000008002e18                SystemInit
 .text.Reset_Handler
                0x0000000008002e24       0x48 Core/Startup/startup_stm32f103rctx.o
                0x0000000008002e24                Reset_Handler
 .text.Default_Handler
                0x0000000008002e6c        0x2 Core/Startup/startup_stm32f103rctx.o
                0x0000000008002e6c                RTC_Alarm_IRQHandler
                0x0000000008002e6c                EXTI2_IRQHandler
                0x0000000008002e6c                TIM8_TRG_COM_IRQHandler
                0x0000000008002e6c                TIM8_CC_IRQHandler
                0x0000000008002e6c                TIM1_CC_IRQHandler
                0x0000000008002e6c                TIM6_IRQHandler
                0x0000000008002e6c                PVD_IRQHandler
                0x0000000008002e6c                SDIO_IRQHandler
                0x0000000008002e6c                EXTI3_IRQHandler
                0x0000000008002e6c                EXTI0_IRQHandler
                0x0000000008002e6c                I2C2_EV_IRQHandler
                0x0000000008002e6c                ADC1_2_IRQHandler
                0x0000000008002e6c                SPI1_IRQHandler
                0x0000000008002e6c                TAMPER_IRQHandler
                0x0000000008002e6c                TIM8_UP_IRQHandler
                0x0000000008002e6c                DMA2_Channel2_IRQHandler
                0x0000000008002e6c                DMA1_Channel4_IRQHandler
                0x0000000008002e6c                USART3_IRQHandler
                0x0000000008002e6c                RTC_IRQHandler
                0x0000000008002e6c                DMA1_Channel7_IRQHandler
                0x0000000008002e6c                CAN1_RX1_IRQHandler
                0x0000000008002e6c                UART5_IRQHandler
                0x0000000008002e6c                ADC3_IRQHandler
                0x0000000008002e6c                TIM4_IRQHandler
                0x0000000008002e6c                DMA2_Channel1_IRQHandler
                0x0000000008002e6c                I2C1_EV_IRQHandler
                0x0000000008002e6c                DMA1_Channel6_IRQHandler
                0x0000000008002e6c                UART4_IRQHandler
                0x0000000008002e6c                TIM3_IRQHandler
                0x0000000008002e6c                RCC_IRQHandler
                0x0000000008002e6c                TIM1_TRG_COM_IRQHandler
                0x0000000008002e6c                DMA1_Channel1_IRQHandler
                0x0000000008002e6c                Default_Handler
                0x0000000008002e6c                EXTI15_10_IRQHandler
                0x0000000008002e6c                TIM7_IRQHandler
                0x0000000008002e6c                TIM5_IRQHandler
                0x0000000008002e6c                SPI2_IRQHandler
                0x0000000008002e6c                DMA1_Channel5_IRQHandler
                0x0000000008002e6c                EXTI4_IRQHandler
                0x0000000008002e6c                USB_HP_CAN1_TX_IRQHandler
                0x0000000008002e6c                DMA1_Channel3_IRQHandler
                0x0000000008002e6c                FSMC_IRQHandler
                0x0000000008002e6c                TIM1_UP_IRQHandler
                0x0000000008002e6c                WWDG_IRQHandler
                0x0000000008002e6c                TIM2_IRQHandler
                0x0000000008002e6c                TIM1_BRK_IRQHandler
                0x0000000008002e6c                EXTI1_IRQHandler
                0x0000000008002e6c                DMA2_Channel4_5_IRQHandler
                0x0000000008002e6c                USART2_IRQHandler
                0x0000000008002e6c                I2C2_ER_IRQHandler
                0x0000000008002e6c                DMA1_Channel2_IRQHandler
                0x0000000008002e6c                TIM8_BRK_IRQHandler
                0x0000000008002e6c                CAN1_SCE_IRQHandler
                0x0000000008002e6c                FLASH_IRQHandler
                0x0000000008002e6c                USART1_IRQHandler
                0x0000000008002e6c                SPI3_IRQHandler
                0x0000000008002e6c                I2C1_ER_IRQHandler
                0x0000000008002e6c                USBWakeUp_IRQHandler
                0x0000000008002e6c                DMA2_Channel3_IRQHandler
 *fill*         0x0000000008002e6e        0x2 
 .text.HAL_Init
                0x0000000008002e70       0x2c Drivers/STM32F1xx_HAL_Driver/Src/stm32f1xx_hal.o
                0x0000000008002e70                HAL_Init
 .text.HAL_InitTick
                0x0000000008002e9c       0x60 Drivers/STM32F1xx_HAL_Driver/Src/stm32f1xx_hal.o
                0x0000000008002e9c                HAL_InitTick
 .text.HAL_IncTick
                0x0000000008002efc       0x24 Drivers/STM32F1xx_HAL_Driver/Src/stm32f1xx_hal.o
                0x0000000008002efc                HAL_IncTick
 .text.HAL_GetTick
                0x0000000008002f20       0x14 Drivers/STM32F1xx_HAL_Driver/Src/stm32f1xx_hal.o
                0x0000000008002f20                HAL_GetTick
 .text.HAL_Delay
                0x0000000008002f34       0x44 Drivers/STM32F1xx_HAL_Driver/Src/stm32f1xx_hal.o
                0x0000000008002f34                HAL_Delay
 .text.__NVIC_SetPriorityGrouping
                0x0000000008002f78       0x48 Drivers/STM32F1xx_HAL_Driver/Src/stm32f1xx_hal_cortex.o
 .text.__NVIC_GetPriorityGrouping
                0x0000000008002fc0       0x1c Drivers/STM32F1xx_HAL_Driver/Src/stm32f1xx_hal_cortex.o
 .text.__NVIC_EnableIRQ
                0x0000000008002fdc       0x38 Drivers/STM32F1xx_HAL_Driver/Src/stm32f1xx_hal_cortex.o
 .text.__NVIC_SetPriority
                0x0000000008003014       0x54 Drivers/STM32F1xx_HAL_Driver/Src/stm32f1xx_hal_cortex.o
 .text.NVIC_EncodePriority
                0x0000000008003068       0x64 Drivers/STM32F1xx_HAL_Driver/Src/stm32f1xx_hal_cortex.o
 .text.SysTick_Config
                0x00000000080030cc       0x44 Drivers/STM32F1xx_HAL_Driver/Src/stm32f1xx_hal_cortex.o
 .text.HAL_NVIC_SetPriorityGrouping
                0x0000000008003110       0x16 Drivers/STM32F1xx_HAL_Driver/Src/stm32f1xx_hal_cortex.o
                0x0000000008003110                HAL_NVIC_SetPriorityGrouping
 .text.HAL_NVIC_SetPriority
                0x0000000008003126       0x38 Drivers/STM32F1xx_HAL_Driver/Src/stm32f1xx_hal_cortex.o
                0x0000000008003126                HAL_NVIC_SetPriority
 .text.HAL_NVIC_EnableIRQ
                0x000000000800315e       0x1c Drivers/STM32F1xx_HAL_Driver/Src/stm32f1xx_hal_cortex.o
                0x000000000800315e                HAL_NVIC_EnableIRQ
 .text.HAL_SYSTICK_Config
                0x000000000800317a       0x18 Drivers/STM32F1xx_HAL_Driver/Src/stm32f1xx_hal_cortex.o
                0x000000000800317a                HAL_SYSTICK_Config
 *fill*         0x0000000008003192        0x2 
 .text.HAL_GPIO_Init
                0x0000000008003194      0x2d4 Drivers/STM32F1xx_HAL_Driver/Src/stm32f1xx_hal_gpio.o
                0x0000000008003194                HAL_GPIO_Init
 .text.HAL_GPIO_DeInit
                0x0000000008003468      0x198 Drivers/STM32F1xx_HAL_Driver/Src/stm32f1xx_hal_gpio.o
                0x0000000008003468                HAL_GPIO_DeInit
 .text.HAL_GPIO_ReadPin
                0x0000000008003600       0x2e Drivers/STM32F1xx_HAL_Driver/Src/stm32f1xx_hal_gpio.o
                0x0000000008003600                HAL_GPIO_ReadPin
 .text.HAL_GPIO_WritePin
                0x000000000800362e       0x30 Drivers/STM32F1xx_HAL_Driver/Src/stm32f1xx_hal_gpio.o
                0x000000000800362e                HAL_GPIO_WritePin
 .text.HAL_GPIO_TogglePin
                0x000000000800365e       0x32 Drivers/STM32F1xx_HAL_Driver/Src/stm32f1xx_hal_gpio.o
                0x000000000800365e                HAL_GPIO_TogglePin
 .text.HAL_GPIO_EXTI_IRQHandler
                0x0000000008003690       0x30 Drivers/STM32F1xx_HAL_Driver/Src/stm32f1xx_hal_gpio.o
                0x0000000008003690                HAL_GPIO_EXTI_IRQHandler
 .text.HAL_PCD_Init
                0x00000000080036c0      0x216 Drivers/STM32F1xx_HAL_Driver/Src/stm32f1xx_hal_pcd.o
                0x00000000080036c0                HAL_PCD_Init
 .text.HAL_PCD_Start
                0x00000000080038d6       0x4c Drivers/STM32F1xx_HAL_Driver/Src/stm32f1xx_hal_pcd.o
                0x00000000080038d6                HAL_PCD_Start
 .text.HAL_PCD_IRQHandler
                0x0000000008003922      0x2aa Drivers/STM32F1xx_HAL_Driver/Src/stm32f1xx_hal_pcd.o
                0x0000000008003922                HAL_PCD_IRQHandler
 .text.HAL_PCD_SetAddress
                0x0000000008003bcc       0x4a Drivers/STM32F1xx_HAL_Driver/Src/stm32f1xx_hal_pcd.o
                0x0000000008003bcc                HAL_PCD_SetAddress
 .text.HAL_PCD_EP_Open
                0x0000000008003c16       0xcc Drivers/STM32F1xx_HAL_Driver/Src/stm32f1xx_hal_pcd.o
                0x0000000008003c16                HAL_PCD_EP_Open
 .text.HAL_PCD_EP_Close
                0x0000000008003ce2       0x90 Drivers/STM32F1xx_HAL_Driver/Src/stm32f1xx_hal_pcd.o
                0x0000000008003ce2                HAL_PCD_EP_Close
 .text.HAL_PCD_EP_Receive
                0x0000000008003d72       0x7a Drivers/STM32F1xx_HAL_Driver/Src/stm32f1xx_hal_pcd.o
                0x0000000008003d72                HAL_PCD_EP_Receive
 .text.HAL_PCD_EP_GetRxCount
                0x0000000008003dec       0x2e Drivers/STM32F1xx_HAL_Driver/Src/stm32f1xx_hal_pcd.o
                0x0000000008003dec                HAL_PCD_EP_GetRxCount
 .text.HAL_PCD_EP_Transmit
                0x0000000008003e1a       0x86 Drivers/STM32F1xx_HAL_Driver/Src/stm32f1xx_hal_pcd.o
                0x0000000008003e1a                HAL_PCD_EP_Transmit
 .text.HAL_PCD_EP_SetStall
                0x0000000008003ea0       0xc0 Drivers/STM32F1xx_HAL_Driver/Src/stm32f1xx_hal_pcd.o
                0x0000000008003ea0                HAL_PCD_EP_SetStall
 .text.HAL_PCD_EP_ClrStall
                0x0000000008003f60       0xa8 Drivers/STM32F1xx_HAL_Driver/Src/stm32f1xx_hal_pcd.o
                0x0000000008003f60                HAL_PCD_EP_ClrStall
 .text.PCD_EP_ISR_Handler
                0x0000000008004008      0x5e6 Drivers/STM32F1xx_HAL_Driver/Src/stm32f1xx_hal_pcd.o
 .text.HAL_PCD_EP_DB_Receive
                0x00000000080045ee      0x21a Drivers/STM32F1xx_HAL_Driver/Src/stm32f1xx_hal_pcd.o
 .text.HAL_PCD_EP_DB_Transmit
                0x0000000008004808      0x53a Drivers/STM32F1xx_HAL_Driver/Src/stm32f1xx_hal_pcd.o
 .text.HAL_PCDEx_PMAConfig
                0x0000000008004d42       0x84 Drivers/STM32F1xx_HAL_Driver/Src/stm32f1xx_hal_pcd_ex.o
                0x0000000008004d42                HAL_PCDEx_PMAConfig
 *fill*         0x0000000008004dc6        0x2 
 .text.HAL_PWR_EnableBkUpAccess
                0x0000000008004dc8       0x18 Drivers/STM32F1xx_HAL_Driver/Src/stm32f1xx_hal_pwr.o
                0x0000000008004dc8                HAL_PWR_EnableBkUpAccess
 .text.HAL_PWR_EnterSLEEPMode
                0x0000000008004de0       0x38 Drivers/STM32F1xx_HAL_Driver/Src/stm32f1xx_hal_pwr.o
                0x0000000008004de0                HAL_PWR_EnterSLEEPMode
 .text.HAL_RCC_OscConfig
                0x0000000008004e18      0x500 Drivers/STM32F1xx_HAL_Driver/Src/stm32f1xx_hal_rcc.o
                0x0000000008004e18                HAL_RCC_OscConfig
 .text.HAL_RCC_ClockConfig
                0x0000000008005318      0x1d4 Drivers/STM32F1xx_HAL_Driver/Src/stm32f1xx_hal_rcc.o
                0x0000000008005318                HAL_RCC_ClockConfig
 .text.HAL_RCC_GetSysClockFreq
                0x00000000080054ec       0xc4 Drivers/STM32F1xx_HAL_Driver/Src/stm32f1xx_hal_rcc.o
                0x00000000080054ec                HAL_RCC_GetSysClockFreq
 .text.HAL_RCC_GetHCLKFreq
                0x00000000080055b0       0x14 Drivers/STM32F1xx_HAL_Driver/Src/stm32f1xx_hal_rcc.o
                0x00000000080055b0                HAL_RCC_GetHCLKFreq
 .text.HAL_RCC_GetPCLK2Freq
                0x00000000080055c4       0x28 Drivers/STM32F1xx_HAL_Driver/Src/stm32f1xx_hal_rcc.o
                0x00000000080055c4                HAL_RCC_GetPCLK2Freq
 .text.RCC_Delay
                0x00000000080055ec       0x3c Drivers/STM32F1xx_HAL_Driver/Src/stm32f1xx_hal_rcc.o
 .text.HAL_RCCEx_PeriphCLKConfig
                0x0000000008005628      0x16c Drivers/STM32F1xx_HAL_Driver/Src/stm32f1xx_hal_rcc_ex.o
                0x0000000008005628                HAL_RCCEx_PeriphCLKConfig
 .text.HAL_RCCEx_GetPeriphCLKFreq
                0x0000000008005794      0x1d0 Drivers/STM32F1xx_HAL_Driver/Src/stm32f1xx_hal_rcc_ex.o
                0x0000000008005794                HAL_RCCEx_GetPeriphCLKFreq
 .text.HAL_RTC_Init
                0x0000000008005964      0x12c Drivers/STM32F1xx_HAL_Driver/Src/stm32f1xx_hal_rtc.o
                0x0000000008005964                HAL_RTC_Init
 .text.HAL_RTC_SetTime
                0x0000000008005a90      0x12e Drivers/STM32F1xx_HAL_Driver/Src/stm32f1xx_hal_rtc.o
                0x0000000008005a90                HAL_RTC_SetTime
 *fill*         0x0000000008005bbe        0x2 
 .text.HAL_RTC_GetTime
                0x0000000008005bc0      0x1b0 Drivers/STM32F1xx_HAL_Driver/Src/stm32f1xx_hal_rtc.o
                0x0000000008005bc0                HAL_RTC_GetTime
 .text.HAL_RTC_SetDate
                0x0000000008005d70      0x16c Drivers/STM32F1xx_HAL_Driver/Src/stm32f1xx_hal_rtc.o
                0x0000000008005d70                HAL_RTC_SetDate
 .text.HAL_RTC_GetDate
                0x0000000008005edc       0xa8 Drivers/STM32F1xx_HAL_Driver/Src/stm32f1xx_hal_rtc.o
                0x0000000008005edc                HAL_RTC_GetDate
 .text.HAL_RTC_SetAlarm
                0x0000000008005f84      0x132 Drivers/STM32F1xx_HAL_Driver/Src/stm32f1xx_hal_rtc.o
                0x0000000008005f84                HAL_RTC_SetAlarm
 *fill*         0x00000000080060b6        0x2 
 .text.HAL_RTC_DeactivateAlarm
                0x00000000080060b8       0xb8 Drivers/STM32F1xx_HAL_Driver/Src/stm32f1xx_hal_rtc.o
                0x00000000080060b8                HAL_RTC_DeactivateAlarm
 .text.HAL_RTC_WaitForSynchro
                0x0000000008006170       0x5a Drivers/STM32F1xx_HAL_Driver/Src/stm32f1xx_hal_rtc.o
                0x0000000008006170                HAL_RTC_WaitForSynchro
 .text.RTC_ReadTimeCounter
                0x00000000080061ca       0x60 Drivers/STM32F1xx_HAL_Driver/Src/stm32f1xx_hal_rtc.o
 .text.RTC_WriteTimeCounter
                0x000000000800622a       0x4e Drivers/STM32F1xx_HAL_Driver/Src/stm32f1xx_hal_rtc.o
 .text.RTC_ReadAlarmCounter
                0x0000000008006278       0x32 Drivers/STM32F1xx_HAL_Driver/Src/stm32f1xx_hal_rtc.o
 .text.RTC_WriteAlarmCounter
                0x00000000080062aa       0x4e Drivers/STM32F1xx_HAL_Driver/Src/stm32f1xx_hal_rtc.o
 .text.RTC_EnterInitMode
                0x00000000080062f8       0x50 Drivers/STM32F1xx_HAL_Driver/Src/stm32f1xx_hal_rtc.o
 .text.RTC_ExitInitMode
                0x0000000008006348       0x50 Drivers/STM32F1xx_HAL_Driver/Src/stm32f1xx_hal_rtc.o
 .text.RTC_ByteToBcd2
                0x0000000008006398       0x3a Drivers/STM32F1xx_HAL_Driver/Src/stm32f1xx_hal_rtc.o
 .text.RTC_Bcd2ToByte
                0x00000000080063d2       0x3a Drivers/STM32F1xx_HAL_Driver/Src/stm32f1xx_hal_rtc.o
 .text.RTC_DateUpdate
                0x000000000800640c      0x152 Drivers/STM32F1xx_HAL_Driver/Src/stm32f1xx_hal_rtc.o
 *fill*         0x000000000800655e        0x2 
 .text.RTC_IsLeapYear
                0x0000000008006560       0x64 Drivers/STM32F1xx_HAL_Driver/Src/stm32f1xx_hal_rtc.o
 .text.RTC_WeekDayNum
                0x00000000080065c4       0xf0 Drivers/STM32F1xx_HAL_Driver/Src/stm32f1xx_hal_rtc.o
 .text.HAL_RTCEx_BKUPWrite
                0x00000000080066b4       0x34 Drivers/STM32F1xx_HAL_Driver/Src/stm32f1xx_hal_rtc_ex.o
                0x00000000080066b4                HAL_RTCEx_BKUPWrite
 .text.HAL_RTCEx_BKUPRead
                0x00000000080066e8       0x38 Drivers/STM32F1xx_HAL_Driver/Src/stm32f1xx_hal_rtc_ex.o
                0x00000000080066e8                HAL_RTCEx_BKUPRead
 .text.HAL_SD_Init
                0x0000000008006720       0x60 Drivers/STM32F1xx_HAL_Driver/Src/stm32f1xx_hal_sd.o
                0x0000000008006720                HAL_SD_Init
 .text.HAL_SD_InitCard
                0x0000000008006780       0xc0 Drivers/STM32F1xx_HAL_Driver/Src/stm32f1xx_hal_sd.o
                0x0000000008006780                HAL_SD_InitCard
 .text.HAL_SD_DeInit
                0x0000000008006840       0x3e Drivers/STM32F1xx_HAL_Driver/Src/stm32f1xx_hal_sd.o
                0x0000000008006840                HAL_SD_DeInit
 *fill*         0x000000000800687e        0x2 
 .text.HAL_SD_ReadBlocks
                0x0000000008006880      0x3f4 Drivers/STM32F1xx_HAL_Driver/Src/stm32f1xx_hal_sd.o
                0x0000000008006880                HAL_SD_ReadBlocks
 .text.HAL_SD_WriteBlocks
                0x0000000008006c74      0x344 Drivers/STM32F1xx_HAL_Driver/Src/stm32f1xx_hal_sd.o
                0x0000000008006c74                HAL_SD_WriteBlocks
 .text.HAL_SD_GetCardCSD
                0x0000000008006fb8      0x348 Drivers/STM32F1xx_HAL_Driver/Src/stm32f1xx_hal_sd.o
                0x0000000008006fb8                HAL_SD_GetCardCSD
 .text.HAL_SD_GetCardInfo
                0x0000000008007300       0x56 Drivers/STM32F1xx_HAL_Driver/Src/stm32f1xx_hal_sd.o
                0x0000000008007300                HAL_SD_GetCardInfo
 .text.HAL_SD_GetCardState
                0x0000000008007356       0x40 Drivers/STM32F1xx_HAL_Driver/Src/stm32f1xx_hal_sd.o
                0x0000000008007356                HAL_SD_GetCardState
 .text.SD_InitCard
                0x0000000008007396      0x19a Drivers/STM32F1xx_HAL_Driver/Src/stm32f1xx_hal_sd.o
 .text.SD_PowerON
                0x0000000008007530      0x11c Drivers/STM32F1xx_HAL_Driver/Src/stm32f1xx_hal_sd.o
 .text.SD_PowerOFF
                0x000000000800764c       0x1a Drivers/STM32F1xx_HAL_Driver/Src/stm32f1xx_hal_sd.o
 .text.SD_SendStatus
                0x0000000008007666       0x50 Drivers/STM32F1xx_HAL_Driver/Src/stm32f1xx_hal_sd.o
 .text.HAL_SPI_Init
                0x00000000080076b6      0x108 Drivers/STM32F1xx_HAL_Driver/Src/stm32f1xx_hal_spi.o
                0x00000000080076b6                HAL_SPI_Init
 .text.HAL_SPI_Transmit
                0x00000000080077be      0x278 Drivers/STM32F1xx_HAL_Driver/Src/stm32f1xx_hal_spi.o
                0x00000000080077be                HAL_SPI_Transmit
 .text.HAL_SPI_TransmitReceive
                0x0000000008007a36      0x344 Drivers/STM32F1xx_HAL_Driver/Src/stm32f1xx_hal_spi.o
                0x0000000008007a36                HAL_SPI_TransmitReceive
 *fill*         0x0000000008007d7a        0x2 
 .text.SPI_WaitFlagStateUntilTimeout
                0x0000000008007d7c      0x110 Drivers/STM32F1xx_HAL_Driver/Src/stm32f1xx_hal_spi.o
 .text.SPI_EndRxTxTransaction
                0x0000000008007e8c       0x3c Drivers/STM32F1xx_HAL_Driver/Src/stm32f1xx_hal_spi.o
 .text.SDIO_Init
                0x0000000008007ec8       0x54 Drivers/STM32F1xx_HAL_Driver/Src/stm32f1xx_ll_sdmmc.o
                0x0000000008007ec8                SDIO_Init
 .text.SDIO_ReadFIFO
                0x0000000008007f1c       0x18 Drivers/STM32F1xx_HAL_Driver/Src/stm32f1xx_ll_sdmmc.o
                0x0000000008007f1c                SDIO_ReadFIFO
 .text.SDIO_WriteFIFO
                0x0000000008007f34       0x20 Drivers/STM32F1xx_HAL_Driver/Src/stm32f1xx_ll_sdmmc.o
                0x0000000008007f34                SDIO_WriteFIFO
 .text.SDIO_PowerState_ON
                0x0000000008007f54       0x1e Drivers/STM32F1xx_HAL_Driver/Src/stm32f1xx_ll_sdmmc.o
                0x0000000008007f54                SDIO_PowerState_ON
 .text.SDIO_PowerState_OFF
                0x0000000008007f72       0x1a Drivers/STM32F1xx_HAL_Driver/Src/stm32f1xx_ll_sdmmc.o
                0x0000000008007f72                SDIO_PowerState_OFF
 .text.SDIO_GetPowerState
                0x0000000008007f8c       0x1a Drivers/STM32F1xx_HAL_Driver/Src/stm32f1xx_ll_sdmmc.o
                0x0000000008007f8c                SDIO_GetPowerState
 .text.SDIO_SendCommand
                0x0000000008007fa6       0x52 Drivers/STM32F1xx_HAL_Driver/Src/stm32f1xx_ll_sdmmc.o
                0x0000000008007fa6                SDIO_SendCommand
 .text.SDIO_GetCommandResponse
                0x0000000008007ff8       0x18 Drivers/STM32F1xx_HAL_Driver/Src/stm32f1xx_ll_sdmmc.o
                0x0000000008007ff8                SDIO_GetCommandResponse
 .text.SDIO_GetResponse
                0x0000000008008010       0x24 Drivers/STM32F1xx_HAL_Driver/Src/stm32f1xx_ll_sdmmc.o
                0x0000000008008010                SDIO_GetResponse
 .text.SDIO_ConfigData
                0x0000000008008034       0x56 Drivers/STM32F1xx_HAL_Driver/Src/stm32f1xx_ll_sdmmc.o
                0x0000000008008034                SDIO_ConfigData
 .text.SDMMC_CmdBlockLength
                0x000000000800808a       0x44 Drivers/STM32F1xx_HAL_Driver/Src/stm32f1xx_ll_sdmmc.o
                0x000000000800808a                SDMMC_CmdBlockLength
 .text.SDMMC_CmdReadSingleBlock
                0x00000000080080ce       0x44 Drivers/STM32F1xx_HAL_Driver/Src/stm32f1xx_ll_sdmmc.o
                0x00000000080080ce                SDMMC_CmdReadSingleBlock
 .text.SDMMC_CmdReadMultiBlock
                0x0000000008008112       0x44 Drivers/STM32F1xx_HAL_Driver/Src/stm32f1xx_ll_sdmmc.o
                0x0000000008008112                SDMMC_CmdReadMultiBlock
 .text.SDMMC_CmdWriteSingleBlock
                0x0000000008008156       0x44 Drivers/STM32F1xx_HAL_Driver/Src/stm32f1xx_ll_sdmmc.o
                0x0000000008008156                SDMMC_CmdWriteSingleBlock
 .text.SDMMC_CmdWriteMultiBlock
                0x000000000800819a       0x44 Drivers/STM32F1xx_HAL_Driver/Src/stm32f1xx_ll_sdmmc.o
                0x000000000800819a                SDMMC_CmdWriteMultiBlock
 *fill*         0x00000000080081de        0x2 
 .text.SDMMC_CmdStopTransfer
                0x00000000080081e0       0x44 Drivers/STM32F1xx_HAL_Driver/Src/stm32f1xx_ll_sdmmc.o
                0x00000000080081e0                SDMMC_CmdStopTransfer
 .text.SDMMC_CmdSelDesel
                0x0000000008008224       0x46 Drivers/STM32F1xx_HAL_Driver/Src/stm32f1xx_ll_sdmmc.o
                0x0000000008008224                SDMMC_CmdSelDesel
 .text.SDMMC_CmdGoIdleState
                0x000000000800826a       0x3c Drivers/STM32F1xx_HAL_Driver/Src/stm32f1xx_ll_sdmmc.o
                0x000000000800826a                SDMMC_CmdGoIdleState
 .text.SDMMC_CmdOperCond
                0x00000000080082a6       0x3e Drivers/STM32F1xx_HAL_Driver/Src/stm32f1xx_ll_sdmmc.o
                0x00000000080082a6                SDMMC_CmdOperCond
 .text.SDMMC_CmdAppCommand
                0x00000000080082e4       0x44 Drivers/STM32F1xx_HAL_Driver/Src/stm32f1xx_ll_sdmmc.o
                0x00000000080082e4                SDMMC_CmdAppCommand
 .text.SDMMC_CmdAppOperCommand
                0x0000000008008328       0x46 Drivers/STM32F1xx_HAL_Driver/Src/stm32f1xx_ll_sdmmc.o
                0x0000000008008328                SDMMC_CmdAppOperCommand
 .text.SDMMC_CmdSendCID
                0x000000000800836e       0x3c Drivers/STM32F1xx_HAL_Driver/Src/stm32f1xx_ll_sdmmc.o
                0x000000000800836e                SDMMC_CmdSendCID
 .text.SDMMC_CmdSendCSD
                0x00000000080083aa       0x3e Drivers/STM32F1xx_HAL_Driver/Src/stm32f1xx_ll_sdmmc.o
                0x00000000080083aa                SDMMC_CmdSendCSD
 .text.SDMMC_CmdSetRelAdd
                0x00000000080083e8       0x42 Drivers/STM32F1xx_HAL_Driver/Src/stm32f1xx_ll_sdmmc.o
                0x00000000080083e8                SDMMC_CmdSetRelAdd
 .text.SDMMC_CmdSendStatus
                0x000000000800842a       0x44 Drivers/STM32F1xx_HAL_Driver/Src/stm32f1xx_ll_sdmmc.o
                0x000000000800842a                SDMMC_CmdSendStatus
 *fill*         0x000000000800846e        0x2 
 .text.SDMMC_GetCmdError
                0x0000000008008470       0x50 Drivers/STM32F1xx_HAL_Driver/Src/stm32f1xx_ll_sdmmc.o
 .text.SDMMC_GetCmdResp1
                0x00000000080084c0      0x1d8 Drivers/STM32F1xx_HAL_Driver/Src/stm32f1xx_ll_sdmmc.o
 .text.SDMMC_GetCmdResp2
                0x0000000008008698       0x8c Drivers/STM32F1xx_HAL_Driver/Src/stm32f1xx_ll_sdmmc.o
 .text.SDMMC_GetCmdResp3
                0x0000000008008724       0x74 Drivers/STM32F1xx_HAL_Driver/Src/stm32f1xx_ll_sdmmc.o
 .text.SDMMC_GetCmdResp6
                0x0000000008008798       0xe8 Drivers/STM32F1xx_HAL_Driver/Src/stm32f1xx_ll_sdmmc.o
 .text.SDMMC_GetCmdResp7
                0x0000000008008880       0x98 Drivers/STM32F1xx_HAL_Driver/Src/stm32f1xx_ll_sdmmc.o
 .text.USB_CoreInit
                0x0000000008008918       0x20 Drivers/STM32F1xx_HAL_Driver/Src/stm32f1xx_ll_usb.o
                0x0000000008008918                USB_CoreInit
 .text.USB_EnableGlobalInt
                0x0000000008008938       0x2c Drivers/STM32F1xx_HAL_Driver/Src/stm32f1xx_ll_usb.o
                0x0000000008008938                USB_EnableGlobalInt
 .text.USB_DisableGlobalInt
                0x0000000008008964       0x34 Drivers/STM32F1xx_HAL_Driver/Src/stm32f1xx_ll_usb.o
                0x0000000008008964                USB_DisableGlobalInt
 .text.USB_SetCurrentMode
                0x0000000008008998       0x18 Drivers/STM32F1xx_HAL_Driver/Src/stm32f1xx_ll_usb.o
                0x0000000008008998                USB_SetCurrentMode
 .text.USB_DevInit
                0x00000000080089b0       0x40 Drivers/STM32F1xx_HAL_Driver/Src/stm32f1xx_ll_usb.o
                0x00000000080089b0                USB_DevInit
 .text.USB_ActivateEndpoint
                0x00000000080089f0      0x6d4 Drivers/STM32F1xx_HAL_Driver/Src/stm32f1xx_ll_usb.o
                0x00000000080089f0                USB_ActivateEndpoint
 .text.USB_DeactivateEndpoint
                0x00000000080090c4      0x3d8 Drivers/STM32F1xx_HAL_Driver/Src/stm32f1xx_ll_usb.o
                0x00000000080090c4                USB_DeactivateEndpoint
 .text.USB_EPStartXfer
                0x000000000800949c     0x1240 Drivers/STM32F1xx_HAL_Driver/Src/stm32f1xx_ll_usb.o
                0x000000000800949c                USB_EPStartXfer
 .text.USB_EPSetStall
                0x000000000800a6dc       0xa0 Drivers/STM32F1xx_HAL_Driver/Src/stm32f1xx_ll_usb.o
                0x000000000800a6dc                USB_EPSetStall
 .text.USB_EPClearStall
                0x000000000800a77c      0x15a Drivers/STM32F1xx_HAL_Driver/Src/stm32f1xx_ll_usb.o
                0x000000000800a77c                USB_EPClearStall
 .text.USB_SetDevAddress
                0x000000000800a8d6       0x26 Drivers/STM32F1xx_HAL_Driver/Src/stm32f1xx_ll_usb.o
                0x000000000800a8d6                USB_SetDevAddress
 .text.USB_DevConnect
                0x000000000800a8fc       0x14 Drivers/STM32F1xx_HAL_Driver/Src/stm32f1xx_ll_usb.o
                0x000000000800a8fc                USB_DevConnect
 .text.USB_DevDisconnect
                0x000000000800a910       0x14 Drivers/STM32F1xx_HAL_Driver/Src/stm32f1xx_ll_usb.o
                0x000000000800a910                USB_DevDisconnect
 .text.USB_ReadInterrupts
                0x000000000800a924       0x1e Drivers/STM32F1xx_HAL_Driver/Src/stm32f1xx_ll_usb.o
                0x000000000800a924                USB_ReadInterrupts
 .text.USB_EP0_OutStart
                0x000000000800a942       0x16 Drivers/STM32F1xx_HAL_Driver/Src/stm32f1xx_ll_usb.o
                0x000000000800a942                USB_EP0_OutStart
 .text.USB_WritePMA
                0x000000000800a958       0x88 Drivers/STM32F1xx_HAL_Driver/Src/stm32f1xx_ll_usb.o
                0x000000000800a958                USB_WritePMA
 .text.USB_ReadPMA
                0x000000000800a9e0       0x9e Drivers/STM32F1xx_HAL_Driver/Src/stm32f1xx_ll_usb.o
                0x000000000800a9e0                USB_ReadPMA
 *fill*         0x000000000800aa7e        0x2 
 .text.MX_FATFS_Init
                0x000000000800aa80       0x24 FATFS/App/fatfs.o
                0x000000000800aa80                MX_FATFS_Init
 .text.get_fattime
                0x000000000800aaa4        0xe FATFS/App/fatfs.o
                0x000000000800aaa4                get_fattime
 *fill*         0x000000000800aab2        0x2 
 .text.BSP_SD_Init
                0x000000000800aab4       0x30 FATFS/Target/bsp_driver_sd.o
                0x000000000800aab4                BSP_SD_Init
 .text.BSP_SD_ReadBlocks
                0x000000000800aae4       0x3c FATFS/Target/bsp_driver_sd.o
                0x000000000800aae4                BSP_SD_ReadBlocks
 .text.BSP_SD_WriteBlocks
                0x000000000800ab20       0x3c FATFS/Target/bsp_driver_sd.o
                0x000000000800ab20                BSP_SD_WriteBlocks
 .text.BSP_SD_GetCardState
                0x000000000800ab5c       0x20 FATFS/Target/bsp_driver_sd.o
                0x000000000800ab5c                BSP_SD_GetCardState
 .text.BSP_SD_GetCardInfo
                0x000000000800ab7c       0x1c FATFS/Target/bsp_driver_sd.o
                0x000000000800ab7c                BSP_SD_GetCardInfo
 .text.BSP_SD_IsDetected
                0x000000000800ab98       0x24 FATFS/Target/bsp_driver_sd.o
                0x000000000800ab98                BSP_SD_IsDetected
 .text.BSP_PlatformIsDetected
                0x000000000800abbc       0x2c FATFS/Target/fatfs_platform.o
                0x000000000800abbc                BSP_PlatformIsDetected
 .text.USBD_CDC_Init
                0x000000000800abe8       0xf4 Middlewares/ST/STM32_USB_Device_Library/Class/CDC/Src/usbd_cdc.o
 .text.USBD_CDC_DeInit
                0x000000000800acdc       0x6e Middlewares/ST/STM32_USB_Device_Library/Class/CDC/Src/usbd_cdc.o
 .text.USBD_CDC_Setup
                0x000000000800ad4a      0x140 Middlewares/ST/STM32_USB_Device_Library/Class/CDC/Src/usbd_cdc.o
 .text.USBD_CDC_DataIn
                0x000000000800ae8a       0xa6 Middlewares/ST/STM32_USB_Device_Library/Class/CDC/Src/usbd_cdc.o
 .text.USBD_CDC_DataOut
                0x000000000800af30       0x56 Middlewares/ST/STM32_USB_Device_Library/Class/CDC/Src/usbd_cdc.o
 .text.USBD_CDC_EP0_RxReady
                0x000000000800af86       0x50 Middlewares/ST/STM32_USB_Device_Library/Class/CDC/Src/usbd_cdc.o
 *fill*         0x000000000800afd6        0x2 
 .text.USBD_CDC_GetFSCfgDesc
                0x000000000800afd8       0x20 Middlewares/ST/STM32_USB_Device_Library/Class/CDC/Src/usbd_cdc.o
 .text.USBD_CDC_GetHSCfgDesc
                0x000000000800aff8       0x20 Middlewares/ST/STM32_USB_Device_Library/Class/CDC/Src/usbd_cdc.o
 .text.USBD_CDC_GetOtherSpeedCfgDesc
                0x000000000800b018       0x20 Middlewares/ST/STM32_USB_Device_Library/Class/CDC/Src/usbd_cdc.o
 .text.USBD_CDC_GetDeviceQualifierDescriptor
                0x000000000800b038       0x20 Middlewares/ST/STM32_USB_Device_Library/Class/CDC/Src/usbd_cdc.o
                0x000000000800b038                USBD_CDC_GetDeviceQualifierDescriptor
 .text.USBD_CDC_RegisterInterface
                0x000000000800b058       0x2c Middlewares/ST/STM32_USB_Device_Library/Class/CDC/Src/usbd_cdc.o
                0x000000000800b058                USBD_CDC_RegisterInterface
 .text.USBD_CDC_SetTxBuffer
                0x000000000800b084       0x32 Middlewares/ST/STM32_USB_Device_Library/Class/CDC/Src/usbd_cdc.o
                0x000000000800b084                USBD_CDC_SetTxBuffer
 .text.USBD_CDC_SetRxBuffer
                0x000000000800b0b6       0x26 Middlewares/ST/STM32_USB_Device_Library/Class/CDC/Src/usbd_cdc.o
                0x000000000800b0b6                USBD_CDC_SetRxBuffer
 .text.USBD_CDC_TransmitPacket
                0x000000000800b0dc       0x5e Middlewares/ST/STM32_USB_Device_Library/Class/CDC/Src/usbd_cdc.o
                0x000000000800b0dc                USBD_CDC_TransmitPacket
 .text.USBD_CDC_ReceivePacket
                0x000000000800b13a       0x54 Middlewares/ST/STM32_USB_Device_Library/Class/CDC/Src/usbd_cdc.o
                0x000000000800b13a                USBD_CDC_ReceivePacket
 .text.USBD_Init
                0x000000000800b18e       0x56 Middlewares/ST/STM32_USB_Device_Library/Core/Src/usbd_core.o
                0x000000000800b18e                USBD_Init
 .text.USBD_RegisterClass
                0x000000000800b1e4       0x32 Middlewares/ST/STM32_USB_Device_Library/Core/Src/usbd_core.o
                0x000000000800b1e4                USBD_RegisterClass
 .text.USBD_Start
                0x000000000800b216       0x18 Middlewares/ST/STM32_USB_Device_Library/Core/Src/usbd_core.o
                0x000000000800b216                USBD_Start
 .text.USBD_RunTestMode
                0x000000000800b22e       0x14 Middlewares/ST/STM32_USB_Device_Library/Core/Src/usbd_core.o
                0x000000000800b22e                USBD_RunTestMode
 .text.USBD_SetClassConfig
                0x000000000800b242       0x3e Middlewares/ST/STM32_USB_Device_Library/Core/Src/usbd_core.o
                0x000000000800b242                USBD_SetClassConfig
 .text.USBD_ClrClassConfig
                0x000000000800b280       0x26 Middlewares/ST/STM32_USB_Device_Library/Core/Src/usbd_core.o
                0x000000000800b280                USBD_ClrClassConfig
 .text.USBD_LL_SetupStage
                0x000000000800b2a6       0x96 Middlewares/ST/STM32_USB_Device_Library/Core/Src/usbd_core.o
                0x000000000800b2a6                USBD_LL_SetupStage
 .text.USBD_LL_DataOutStage
                0x000000000800b33c       0xe2 Middlewares/ST/STM32_USB_Device_Library/Core/Src/usbd_core.o
                0x000000000800b33c                USBD_LL_DataOutStage
 .text.USBD_LL_DataInStage
                0x000000000800b41e      0x14a Middlewares/ST/STM32_USB_Device_Library/Core/Src/usbd_core.o
                0x000000000800b41e                USBD_LL_DataInStage
 .text.USBD_LL_Reset
                0x000000000800b568       0x82 Middlewares/ST/STM32_USB_Device_Library/Core/Src/usbd_core.o
                0x000000000800b568                USBD_LL_Reset
 .text.USBD_LL_SetSpeed
                0x000000000800b5ea       0x1e Middlewares/ST/STM32_USB_Device_Library/Core/Src/usbd_core.o
                0x000000000800b5ea                USBD_LL_SetSpeed
 .text.USBD_LL_Suspend
                0x000000000800b608       0x28 Middlewares/ST/STM32_USB_Device_Library/Core/Src/usbd_core.o
                0x000000000800b608                USBD_LL_Suspend
 .text.USBD_LL_Resume
                0x000000000800b630       0x2a Middlewares/ST/STM32_USB_Device_Library/Core/Src/usbd_core.o
                0x000000000800b630                USBD_LL_Resume
 .text.USBD_LL_SOF
                0x000000000800b65a       0x34 Middlewares/ST/STM32_USB_Device_Library/Core/Src/usbd_core.o
                0x000000000800b65a                USBD_LL_SOF
 *fill*         0x000000000800b68e        0x2 
 .text.USBD_StdDevReq
                0x000000000800b690       0xd4 Middlewares/ST/STM32_USB_Device_Library/Core/Src/usbd_ctlreq.o
                0x000000000800b690                USBD_StdDevReq
 .text.USBD_StdItfReq
                0x000000000800b764       0x8c Middlewares/ST/STM32_USB_Device_Library/Core/Src/usbd_ctlreq.o
                0x000000000800b764                USBD_StdItfReq
 .text.USBD_StdEPReq
                0x000000000800b7f0      0x2ba Middlewares/ST/STM32_USB_Device_Library/Core/Src/usbd_ctlreq.o
                0x000000000800b7f0                USBD_StdEPReq
 *fill*         0x000000000800baaa        0x2 
 .text.USBD_GetDescriptor
                0x000000000800baac      0x2d0 Middlewares/ST/STM32_USB_Device_Library/Core/Src/usbd_ctlreq.o
 .text.USBD_SetAddress
                0x000000000800bd7c       0x84 Middlewares/ST/STM32_USB_Device_Library/Core/Src/usbd_ctlreq.o
 .text.USBD_SetConfig
                0x000000000800be00      0x11c Middlewares/ST/STM32_USB_Device_Library/Core/Src/usbd_ctlreq.o
 .text.USBD_GetConfig
                0x000000000800bf1c       0x68 Middlewares/ST/STM32_USB_Device_Library/Core/Src/usbd_ctlreq.o
 .text.USBD_GetStatus
                0x000000000800bf84       0x66 Middlewares/ST/STM32_USB_Device_Library/Core/Src/usbd_ctlreq.o
 .text.USBD_SetFeature
                0x000000000800bfea       0x28 Middlewares/ST/STM32_USB_Device_Library/Core/Src/usbd_ctlreq.o
 .text.USBD_ClrFeature
                0x000000000800c012       0x42 Middlewares/ST/STM32_USB_Device_Library/Core/Src/usbd_ctlreq.o
 .text.USBD_ParseSetupRequest
                0x000000000800c054       0x78 Middlewares/ST/STM32_USB_Device_Library/Core/Src/usbd_ctlreq.o
                0x000000000800c054                USBD_ParseSetupRequest
 .text.USBD_CtlError
                0x000000000800c0cc       0x22 Middlewares/ST/STM32_USB_Device_Library/Core/Src/usbd_ctlreq.o
                0x000000000800c0cc                USBD_CtlError
 .text.USBD_GetString
                0x000000000800c0ee       0x84 Middlewares/ST/STM32_USB_Device_Library/Core/Src/usbd_ctlreq.o
                0x000000000800c0ee                USBD_GetString
 .text.USBD_GetLen
                0x000000000800c172       0x2e Middlewares/ST/STM32_USB_Device_Library/Core/Src/usbd_ctlreq.o
 .text.USBD_CtlSendData
                0x000000000800c1a0       0x38 Middlewares/ST/STM32_USB_Device_Library/Core/Src/usbd_ioreq.o
                0x000000000800c1a0                USBD_CtlSendData
 .text.USBD_CtlContinueSendData
                0x000000000800c1d8       0x24 Middlewares/ST/STM32_USB_Device_Library/Core/Src/usbd_ioreq.o
                0x000000000800c1d8                USBD_CtlContinueSendData
 .text.USBD_CtlPrepareRx
                0x000000000800c1fc       0x3c Middlewares/ST/STM32_USB_Device_Library/Core/Src/usbd_ioreq.o
                0x000000000800c1fc                USBD_CtlPrepareRx
 .text.USBD_CtlContinueRx
                0x000000000800c238       0x24 Middlewares/ST/STM32_USB_Device_Library/Core/Src/usbd_ioreq.o
                0x000000000800c238                USBD_CtlContinueRx
 .text.USBD_CtlSendStatus
                0x000000000800c25c       0x26 Middlewares/ST/STM32_USB_Device_Library/Core/Src/usbd_ioreq.o
                0x000000000800c25c                USBD_CtlSendStatus
 .text.USBD_CtlReceiveStatus
                0x000000000800c282       0x26 Middlewares/ST/STM32_USB_Device_Library/Core/Src/usbd_ioreq.o
                0x000000000800c282                USBD_CtlReceiveStatus
 .text.disk_status
                0x000000000800c2a8       0x34 Middlewares/Third_Party/FatFs/src/diskio.o
                0x000000000800c2a8                disk_status
 .text.disk_initialize
                0x000000000800c2dc       0x4c Middlewares/Third_Party/FatFs/src/diskio.o
                0x000000000800c2dc                disk_initialize
 .text.disk_read
                0x000000000800c328       0x40 Middlewares/Third_Party/FatFs/src/diskio.o
                0x000000000800c328                disk_read
 .text.disk_write
                0x000000000800c368       0x40 Middlewares/Third_Party/FatFs/src/diskio.o
                0x000000000800c368                disk_write
 .text.disk_ioctl
                0x000000000800c3a8       0x3c Middlewares/Third_Party/FatFs/src/diskio.o
                0x000000000800c3a8                disk_ioctl
 .text.mem_cpy  0x000000000800c3e4       0x3a Middlewares/Third_Party/FatFs/src/ff.o
 .text.mem_set  0x000000000800c41e       0x32 Middlewares/Third_Party/FatFs/src/ff.o
 .text.mem_cmp  0x000000000800c450       0x4c Middlewares/Third_Party/FatFs/src/ff.o
 .text.chk_chr  0x000000000800c49c       0x34 Middlewares/Third_Party/FatFs/src/ff.o
 .text.chk_lock
                0x000000000800c4d0       0xd8 Middlewares/Third_Party/FatFs/src/ff.o
 .text.enq_lock
                0x000000000800c5a8       0x48 Middlewares/Third_Party/FatFs/src/ff.o
 .text.inc_lock
                0x000000000800c5f0      0x16c Middlewares/Third_Party/FatFs/src/ff.o
 .text.dec_lock
                0x000000000800c75c       0x88 Middlewares/Third_Party/FatFs/src/ff.o
 .text.clear_lock
                0x000000000800c7e4       0x50 Middlewares/Third_Party/FatFs/src/ff.o
 .text.sync_window
                0x000000000800c834       0x92 Middlewares/Third_Party/FatFs/src/ff.o
 .text.move_window
                0x000000000800c8c6       0x5c Middlewares/Third_Party/FatFs/src/ff.o
 .text.sync_fs  0x000000000800c922      0x15a Middlewares/Third_Party/FatFs/src/ff.o
 .text.clust2sect
                0x000000000800ca7c       0x42 Middlewares/Third_Party/FatFs/src/ff.o
                0x000000000800ca7c                clust2sect
 .text.get_fat  0x000000000800cabe      0x16e Middlewares/Third_Party/FatFs/src/ff.o
                0x000000000800cabe                get_fat
 .text.put_fat  0x000000000800cc2c      0x216 Middlewares/Third_Party/FatFs/src/ff.o
                0x000000000800cc2c                put_fat
 .text.remove_chain
                0x000000000800ce42       0xb4 Middlewares/Third_Party/FatFs/src/ff.o
 .text.create_chain
                0x000000000800cef6      0x13a Middlewares/Third_Party/FatFs/src/ff.o
 .text.clmt_clust
                0x000000000800d030       0x68 Middlewares/Third_Party/FatFs/src/ff.o
 .text.dir_sdi  0x000000000800d098      0x128 Middlewares/Third_Party/FatFs/src/ff.o
 .text.dir_next
                0x000000000800d1c0      0x1ee Middlewares/Third_Party/FatFs/src/ff.o
 .text.dir_alloc
                0x000000000800d3ae       0x94 Middlewares/Third_Party/FatFs/src/ff.o
 .text.ld_clust
                0x000000000800d442       0x5a Middlewares/Third_Party/FatFs/src/ff.o
 .text.st_clust
                0x000000000800d49c       0x4c Middlewares/Third_Party/FatFs/src/ff.o
 .text.dir_find
                0x000000000800d4e8       0x9e Middlewares/Third_Party/FatFs/src/ff.o
 .text.dir_register
                0x000000000800d586       0x72 Middlewares/Third_Party/FatFs/src/ff.o
 .text.get_fileinfo
                0x000000000800d5f8       0xe0 Middlewares/Third_Party/FatFs/src/ff.o
 .text.create_name
                0x000000000800d6d8      0x180 Middlewares/Third_Party/FatFs/src/ff.o
 .text.follow_path
                0x000000000800d858       0xdc Middlewares/Third_Party/FatFs/src/ff.o
 .text.get_ldnumber
                0x000000000800d934       0x86 Middlewares/Third_Party/FatFs/src/ff.o
 *fill*         0x000000000800d9ba        0x2 
 .text.check_fs
                0x000000000800d9bc       0xd4 Middlewares/Third_Party/FatFs/src/ff.o
 .text.find_volume
                0x000000000800da90      0x594 Middlewares/Third_Party/FatFs/src/ff.o
 .text.validate
                0x000000000800e024       0x66 Middlewares/Third_Party/FatFs/src/ff.o
 *fill*         0x000000000800e08a        0x2 
 .text.f_mount  0x000000000800e08c       0x90 Middlewares/Third_Party/FatFs/src/ff.o
                0x000000000800e08c                f_mount
 .text.f_open   0x000000000800e11c      0x416 Middlewares/Third_Party/FatFs/src/ff.o
                0x000000000800e11c                f_open
 .text.f_write  0x000000000800e532      0x35a Middlewares/Third_Party/FatFs/src/ff.o
                0x000000000800e532                f_write
 .text.f_sync   0x000000000800e88c      0x174 Middlewares/Third_Party/FatFs/src/ff.o
                0x000000000800e88c                f_sync
 .text.f_close  0x000000000800ea00       0x50 Middlewares/Third_Party/FatFs/src/ff.o
                0x000000000800ea00                f_close
 .text.f_lseek  0x000000000800ea50      0x4bc Middlewares/Third_Party/FatFs/src/ff.o
                0x000000000800ea50                f_lseek
 .text.f_stat   0x000000000800ef0c       0x92 Middlewares/Third_Party/FatFs/src/ff.o
                0x000000000800ef0c                f_stat
 .text.putc_bfd
                0x000000000800ef9e       0x7a Middlewares/Third_Party/FatFs/src/ff.o
 .text.f_puts   0x000000000800f018       0x74 Middlewares/Third_Party/FatFs/src/ff.o
                0x000000000800f018                f_puts
 .text.FATFS_LinkDriverEx
                0x000000000800f08c       0x94 Middlewares/Third_Party/FatFs/src/ff_gen_drv.o
                0x000000000800f08c                FATFS_LinkDriverEx
 .text.FATFS_LinkDriver
                0x000000000800f120       0x1e Middlewares/Third_Party/FatFs/src/ff_gen_drv.o
                0x000000000800f120                FATFS_LinkDriver
 *fill*         0x000000000800f13e        0x2 
 .text.SD_initialize
                0x000000000800f140       0x3c Middlewares/Third_Party/FatFs/src/drivers/sd_diskio.o
                0x000000000800f140                SD_initialize
 .text.SD_status
                0x000000000800f17c       0x3c Middlewares/Third_Party/FatFs/src/drivers/sd_diskio.o
                0x000000000800f17c                SD_status
 .text.SD_read  0x000000000800f1b8       0x5c Middlewares/Third_Party/FatFs/src/drivers/sd_diskio.o
                0x000000000800f1b8                SD_read
 .text.SD_write
                0x000000000800f214       0x5c Middlewares/Third_Party/FatFs/src/drivers/sd_diskio.o
                0x000000000800f214                SD_write
 .text.SD_ioctl
                0x000000000800f270       0xac Middlewares/Third_Party/FatFs/src/drivers/sd_diskio.o
                0x000000000800f270                SD_ioctl
 .text.MX_USB_DEVICE_Init
                0x000000000800f31c       0x60 USB_DEVICE/App/usb_device.o
                0x000000000800f31c                MX_USB_DEVICE_Init
 .text.CDC_Init_FS
                0x000000000800f37c       0x28 USB_DEVICE/App/usbd_cdc_if.o
 .text.CDC_DeInit_FS
                0x000000000800f3a4        0xe USB_DEVICE/App/usbd_cdc_if.o
 *fill*         0x000000000800f3b2        0x2 
 .text.CDC_Control_FS
                0x000000000800f3b4       0xbc USB_DEVICE/App/usbd_cdc_if.o
 .text.CDC_Receive_FS
                0x000000000800f470       0x60 USB_DEVICE/App/usbd_cdc_if.o
 .text.CDC_Transmit_FS
                0x000000000800f4d0       0x4c USB_DEVICE/App/usbd_cdc_if.o
                0x000000000800f4d0                CDC_Transmit_FS
 .text.USBD_FS_DeviceDescriptor
                0x000000000800f51c       0x24 USB_DEVICE/App/usbd_desc.o
                0x000000000800f51c                USBD_FS_DeviceDescriptor
 .text.USBD_FS_LangIDStrDescriptor
                0x000000000800f540       0x24 USB_DEVICE/App/usbd_desc.o
                0x000000000800f540                USBD_FS_LangIDStrDescriptor
 .text.USBD_FS_ProductStrDescriptor
                0x000000000800f564       0x3c USB_DEVICE/App/usbd_desc.o
                0x000000000800f564                USBD_FS_ProductStrDescriptor
 .text.USBD_FS_ManufacturerStrDescriptor
                0x000000000800f5a0       0x28 USB_DEVICE/App/usbd_desc.o
                0x000000000800f5a0                USBD_FS_ManufacturerStrDescriptor
 .text.USBD_FS_SerialStrDescriptor
                0x000000000800f5c8       0x24 USB_DEVICE/App/usbd_desc.o
                0x000000000800f5c8                USBD_FS_SerialStrDescriptor
 .text.USBD_FS_ConfigStrDescriptor
                0x000000000800f5ec       0x3c USB_DEVICE/App/usbd_desc.o
                0x000000000800f5ec                USBD_FS_ConfigStrDescriptor
 .text.USBD_FS_InterfaceStrDescriptor
                0x000000000800f628       0x3c USB_DEVICE/App/usbd_desc.o
                0x000000000800f628                USBD_FS_InterfaceStrDescriptor
 .text.Get_SerialNum
                0x000000000800f664       0x58 USB_DEVICE/App/usbd_desc.o
 .text.IntToUnicode
                0x000000000800f6bc       0x7a USB_DEVICE/App/usbd_desc.o
 *fill*         0x000000000800f736        0x2 
 .text.HAL_PCD_MspInit
                0x000000000800f738       0x4c USB_DEVICE/Target/usbd_conf.o
                0x000000000800f738                HAL_PCD_MspInit
 .text.HAL_PCD_SetupStageCallback
                0x000000000800f784       0x24 USB_DEVICE/Target/usbd_conf.o
                0x000000000800f784                HAL_PCD_SetupStageCallback
 .text.HAL_PCD_DataOutStageCallback
                0x000000000800f7a8       0x36 USB_DEVICE/Target/usbd_conf.o
                0x000000000800f7a8                HAL_PCD_DataOutStageCallback
 .text.HAL_PCD_DataInStageCallback
                0x000000000800f7de       0x34 USB_DEVICE/Target/usbd_conf.o
                0x000000000800f7de                HAL_PCD_DataInStageCallback
 .text.HAL_PCD_SOFCallback
                0x000000000800f812       0x1c USB_DEVICE/Target/usbd_conf.o
                0x000000000800f812                HAL_PCD_SOFCallback
 .text.HAL_PCD_ResetCallback
                0x000000000800f82e       0x3c USB_DEVICE/Target/usbd_conf.o
                0x000000000800f82e                HAL_PCD_ResetCallback
 *fill*         0x000000000800f86a        0x2 
 .text.HAL_PCD_SuspendCallback
                0x000000000800f86c       0x34 USB_DEVICE/Target/usbd_conf.o
                0x000000000800f86c                HAL_PCD_SuspendCallback
 .text.HAL_PCD_ResumeCallback
                0x000000000800f8a0       0x1c USB_DEVICE/Target/usbd_conf.o
                0x000000000800f8a0                HAL_PCD_ResumeCallback
 .text.USBD_LL_Init
                0x000000000800f8bc       0xb4 USB_DEVICE/Target/usbd_conf.o
                0x000000000800f8bc                USBD_LL_Init
 .text.USBD_LL_Start
                0x000000000800f970       0x36 USB_DEVICE/Target/usbd_conf.o
                0x000000000800f970                USBD_LL_Start
 .text.USBD_LL_OpenEP
                0x000000000800f9a6       0x4c USB_DEVICE/Target/usbd_conf.o
                0x000000000800f9a6                USBD_LL_OpenEP
 .text.USBD_LL_CloseEP
                0x000000000800f9f2       0x3e USB_DEVICE/Target/usbd_conf.o
                0x000000000800f9f2                USBD_LL_CloseEP
 .text.USBD_LL_StallEP
                0x000000000800fa30       0x3e USB_DEVICE/Target/usbd_conf.o
                0x000000000800fa30                USBD_LL_StallEP
 .text.USBD_LL_ClearStallEP
                0x000000000800fa6e       0x3e USB_DEVICE/Target/usbd_conf.o
                0x000000000800fa6e                USBD_LL_ClearStallEP
 .text.USBD_LL_IsStallEP
                0x000000000800faac       0x58 USB_DEVICE/Target/usbd_conf.o
                0x000000000800faac                USBD_LL_IsStallEP
 .text.USBD_LL_SetUSBAddress
                0x000000000800fb04       0x3e USB_DEVICE/Target/usbd_conf.o
                0x000000000800fb04                USBD_LL_SetUSBAddress
 .text.USBD_LL_Transmit
                0x000000000800fb42       0x46 USB_DEVICE/Target/usbd_conf.o
                0x000000000800fb42                USBD_LL_Transmit
 .text.USBD_LL_PrepareReceive
                0x000000000800fb88       0x46 USB_DEVICE/Target/usbd_conf.o
                0x000000000800fb88                USBD_LL_PrepareReceive
 .text.USBD_LL_GetRxDataSize
                0x000000000800fbce       0x26 USB_DEVICE/Target/usbd_conf.o
                0x000000000800fbce                USBD_LL_GetRxDataSize
 .text.USBD_static_malloc
                0x000000000800fbf4       0x18 USB_DEVICE/Target/usbd_conf.o
                0x000000000800fbf4                USBD_static_malloc
 .text.USBD_static_free
                0x000000000800fc0c       0x12 USB_DEVICE/Target/usbd_conf.o
                0x000000000800fc0c                USBD_static_free
 .text.HAL_PCDEx_SetConnectionState
                0x000000000800fc1e       0x16 USB_DEVICE/Target/usbd_conf.o
                0x000000000800fc1e                HAL_PCDEx_SetConnectionState
 .text.USBD_Get_USB_Status
                0x000000000800fc34       0x58 USB_DEVICE/Target/usbd_conf.o
 .text.__errno  0x000000000800fc8c        0xc /opt/st/stm32cubeide_1.4.0/plugins/com.st.stm32cube.ide.mcu.externaltools.gnu-tools-for-stm32.7-2018-q2-update.linux64_1.4.0.202007081208/tools/bin/../lib/gcc/arm-none-eabi/7.3.1/../../../../arm-none-eabi/lib/thumb/v7-m/libc_nano.a(lib_a-errno.o)
                0x000000000800fc8c                __errno
 .text.__libc_init_array
                0x000000000800fc98       0x48 /opt/st/stm32cubeide_1.4.0/plugins/com.st.stm32cube.ide.mcu.externaltools.gnu-tools-for-stm32.7-2018-q2-update.linux64_1.4.0.202007081208/tools/bin/../lib/gcc/arm-none-eabi/7.3.1/../../../../arm-none-eabi/lib/thumb/v7-m/libc_nano.a(lib_a-init.o)
                0x000000000800fc98                __libc_init_array
 .text.malloc   0x000000000800fce0       0x10 /opt/st/stm32cubeide_1.4.0/plugins/com.st.stm32cube.ide.mcu.externaltools.gnu-tools-for-stm32.7-2018-q2-update.linux64_1.4.0.202007081208/tools/bin/../lib/gcc/arm-none-eabi/7.3.1/../../../../arm-none-eabi/lib/thumb/v7-m/libc_nano.a(lib_a-malloc.o)
                0x000000000800fce0                malloc
 .text.free     0x000000000800fcf0       0x10 /opt/st/stm32cubeide_1.4.0/plugins/com.st.stm32cube.ide.mcu.externaltools.gnu-tools-for-stm32.7-2018-q2-update.linux64_1.4.0.202007081208/tools/bin/../lib/gcc/arm-none-eabi/7.3.1/../../../../arm-none-eabi/lib/thumb/v7-m/libc_nano.a(lib_a-malloc.o)
                0x000000000800fcf0                free
 .text.memset   0x000000000800fd00       0x10 /opt/st/stm32cubeide_1.4.0/plugins/com.st.stm32cube.ide.mcu.externaltools.gnu-tools-for-stm32.7-2018-q2-update.linux64_1.4.0.202007081208/tools/bin/../lib/gcc/arm-none-eabi/7.3.1/../../../../arm-none-eabi/lib/thumb/v7-m/libc_nano.a(lib_a-memset.o)
                0x000000000800fd00                memset
 .text._free_r  0x000000000800fd10       0x98 /opt/st/stm32cubeide_1.4.0/plugins/com.st.stm32cube.ide.mcu.externaltools.gnu-tools-for-stm32.7-2018-q2-update.linux64_1.4.0.202007081208/tools/bin/../lib/gcc/arm-none-eabi/7.3.1/../../../../arm-none-eabi/lib/thumb/v7-m/libc_nano.a(lib_a-nano-freer.o)
                0x000000000800fd10                _free_r
 .text._malloc_r
                0x000000000800fda8       0xb4 /opt/st/stm32cubeide_1.4.0/plugins/com.st.stm32cube.ide.mcu.externaltools.gnu-tools-for-stm32.7-2018-q2-update.linux64_1.4.0.202007081208/tools/bin/../lib/gcc/arm-none-eabi/7.3.1/../../../../arm-none-eabi/lib/thumb/v7-m/libc_nano.a(lib_a-nano-mallocr.o)
                0x000000000800fda8                _malloc_r
 .text._sbrk_r  0x000000000800fe5c       0x20 /opt/st/stm32cubeide_1.4.0/plugins/com.st.stm32cube.ide.mcu.externaltools.gnu-tools-for-stm32.7-2018-q2-update.linux64_1.4.0.202007081208/tools/bin/../lib/gcc/arm-none-eabi/7.3.1/../../../../arm-none-eabi/lib/thumb/v7-m/libc_nano.a(lib_a-sbrkr.o)
                0x000000000800fe5c                _sbrk_r
 .text.snprintf
                0x000000000800fe7c       0x68 /opt/st/stm32cubeide_1.4.0/plugins/com.st.stm32cube.ide.mcu.externaltools.gnu-tools-for-stm32.7-2018-q2-update.linux64_1.4.0.202007081208/tools/bin/../lib/gcc/arm-none-eabi/7.3.1/../../../../arm-none-eabi/lib/thumb/v7-m/libc_nano.a(lib_a-snprintf.o)
                0x000000000800fe7c                snprintf
                0x000000000800fe7c                sniprintf
 .text.sprintf  0x000000000800fee4       0x40 /opt/st/stm32cubeide_1.4.0/plugins/com.st.stm32cube.ide.mcu.externaltools.gnu-tools-for-stm32.7-2018-q2-update.linux64_1.4.0.202007081208/tools/bin/../lib/gcc/arm-none-eabi/7.3.1/../../../../arm-none-eabi/lib/thumb/v7-m/libc_nano.a(lib_a-sprintf.o)
                0x000000000800fee4                sprintf
                0x000000000800fee4                siprintf
 .text.strlcpy  0x000000000800ff24       0x2a /opt/st/stm32cubeide_1.4.0/plugins/com.st.stm32cube.ide.mcu.externaltools.gnu-tools-for-stm32.7-2018-q2-update.linux64_1.4.0.202007081208/tools/bin/../lib/gcc/arm-none-eabi/7.3.1/../../../../arm-none-eabi/lib/thumb/v7-m/libc_nano.a(lib_a-strlcpy.o)
                0x000000000800ff24                strlcpy
 .text.strncmp  0x000000000800ff4e       0x24 /opt/st/stm32cubeide_1.4.0/plugins/com.st.stm32cube.ide.mcu.externaltools.gnu-tools-for-stm32.7-2018-q2-update.linux64_1.4.0.202007081208/tools/bin/../lib/gcc/arm-none-eabi/7.3.1/../../../../arm-none-eabi/lib/thumb/v7-m/libc_nano.a(lib_a-strncmp.o)
                0x000000000800ff4e                strncmp
 .text.__malloc_lock
                0x000000000800ff72        0x2 /opt/st/stm32cubeide_1.4.0/plugins/com.st.stm32cube.ide.mcu.externaltools.gnu-tools-for-stm32.7-2018-q2-update.linux64_1.4.0.202007081208/tools/bin/../lib/gcc/arm-none-eabi/7.3.1/../../../../arm-none-eabi/lib/thumb/v7-m/libc_nano.a(lib_a-mlock.o)
                0x000000000800ff72                __malloc_lock
 .text.__malloc_unlock
                0x000000000800ff74        0x2 /opt/st/stm32cubeide_1.4.0/plugins/com.st.stm32cube.ide.mcu.externaltools.gnu-tools-for-stm32.7-2018-q2-update.linux64_1.4.0.202007081208/tools/bin/../lib/gcc/arm-none-eabi/7.3.1/../../../../arm-none-eabi/lib/thumb/v7-m/libc_nano.a(lib_a-mlock.o)
                0x000000000800ff74                __malloc_unlock
 .text.__ssputs_r
                0x000000000800ff76       0xb4 /opt/st/stm32cubeide_1.4.0/plugins/com.st.stm32cube.ide.mcu.externaltools.gnu-tools-for-stm32.7-2018-q2-update.linux64_1.4.0.202007081208/tools/bin/../lib/gcc/arm-none-eabi/7.3.1/../../../../arm-none-eabi/lib/thumb/v7-m/libc_nano.a(lib_a-nano-svfprintf.o)
                0x000000000800ff76                __ssputs_r
 *fill*         0x000000000801002a        0x2 
 .text._svfprintf_r
                0x000000000801002c      0x1f0 /opt/st/stm32cubeide_1.4.0/plugins/com.st.stm32cube.ide.mcu.externaltools.gnu-tools-for-stm32.7-2018-q2-update.linux64_1.4.0.202007081208/tools/bin/../lib/gcc/arm-none-eabi/7.3.1/../../../../arm-none-eabi/lib/thumb/v7-m/libc_nano.a(lib_a-nano-svfprintf.o)
                0x000000000801002c                _svfprintf_r
                0x000000000801002c                _svfiprintf_r
 .text._printf_common
                0x000000000801021c       0xec /opt/st/stm32cubeide_1.4.0/plugins/com.st.stm32cube.ide.mcu.externaltools.gnu-tools-for-stm32.7-2018-q2-update.linux64_1.4.0.202007081208/tools/bin/../lib/gcc/arm-none-eabi/7.3.1/../../../../arm-none-eabi/lib/thumb/v7-m/libc_nano.a(lib_a-nano-vfprintf_i.o)
                0x000000000801021c                _printf_common
 .text._printf_i
                0x0000000008010308      0x224 /opt/st/stm32cubeide_1.4.0/plugins/com.st.stm32cube.ide.mcu.externaltools.gnu-tools-for-stm32.7-2018-q2-update.linux64_1.4.0.202007081208/tools/bin/../lib/gcc/arm-none-eabi/7.3.1/../../../../arm-none-eabi/lib/thumb/v7-m/libc_nano.a(lib_a-nano-vfprintf_i.o)
                0x0000000008010308                _printf_i
 .text.memchr   0x000000000801052c       0x1c /opt/st/stm32cubeide_1.4.0/plugins/com.st.stm32cube.ide.mcu.externaltools.gnu-tools-for-stm32.7-2018-q2-update.linux64_1.4.0.202007081208/tools/bin/../lib/gcc/arm-none-eabi/7.3.1/../../../../arm-none-eabi/lib/thumb/v7-m/libc_nano.a(lib_a-memchr-stub.o)
                0x000000000801052c                memchr
 .text.memcpy   0x0000000008010548       0x16 /opt/st/stm32cubeide_1.4.0/plugins/com.st.stm32cube.ide.mcu.externaltools.gnu-tools-for-stm32.7-2018-q2-update.linux64_1.4.0.202007081208/tools/bin/../lib/gcc/arm-none-eabi/7.3.1/../../../../arm-none-eabi/lib/thumb/v7-m/libc_nano.a(lib_a-memcpy-stub.o)
                0x0000000008010548                memcpy
 .text.memmove  0x000000000801055e       0x32 /opt/st/stm32cubeide_1.4.0/plugins/com.st.stm32cube.ide.mcu.externaltools.gnu-tools-for-stm32.7-2018-q2-update.linux64_1.4.0.202007081208/tools/bin/../lib/gcc/arm-none-eabi/7.3.1/../../../../arm-none-eabi/lib/thumb/v7-m/libc_nano.a(lib_a-memmove.o)
                0x000000000801055e                memmove
 .text._realloc_r
                0x0000000008010590       0x4c /opt/st/stm32cubeide_1.4.0/plugins/com.st.stm32cube.ide.mcu.externaltools.gnu-tools-for-stm32.7-2018-q2-update.linux64_1.4.0.202007081208/tools/bin/../lib/gcc/arm-none-eabi/7.3.1/../../../../arm-none-eabi/lib/thumb/v7-m/libc_nano.a(lib_a-nano-reallocr.o)
                0x0000000008010590                _realloc_r
 .text._malloc_usable_size_r
                0x00000000080105dc       0x10 /opt/st/stm32cubeide_1.4.0/plugins/com.st.stm32cube.ide.mcu.externaltools.gnu-tools-for-stm32.7-2018-q2-update.linux64_1.4.0.202007081208/tools/bin/../lib/gcc/arm-none-eabi/7.3.1/../../../../arm-none-eabi/lib/thumb/v7-m/libc_nano.a(lib_a-nano-msizer.o)
                0x00000000080105dc                _malloc_usable_size_r
 *(.glue_7)
 .glue_7        0x00000000080105ec        0x0 linker stubs
 *(.glue_7t)
 .glue_7t       0x00000000080105ec        0x0 linker stubs
 *(.eh_frame)
 .eh_frame      0x00000000080105ec        0x0 /opt/st/stm32cubeide_1.4.0/plugins/com.st.stm32cube.ide.mcu.externaltools.gnu-tools-for-stm32.7-2018-q2-update.linux64_1.4.0.202007081208/tools/bin/../lib/gcc/arm-none-eabi/7.3.1/thumb/v7-m/crtbegin.o
 *(.init)
 .init          0x00000000080105ec        0x4 /opt/st/stm32cubeide_1.4.0/plugins/com.st.stm32cube.ide.mcu.externaltools.gnu-tools-for-stm32.7-2018-q2-update.linux64_1.4.0.202007081208/tools/bin/../lib/gcc/arm-none-eabi/7.3.1/thumb/v7-m/crti.o
                0x00000000080105ec                _init
 .init          0x00000000080105f0        0x8 /opt/st/stm32cubeide_1.4.0/plugins/com.st.stm32cube.ide.mcu.externaltools.gnu-tools-for-stm32.7-2018-q2-update.linux64_1.4.0.202007081208/tools/bin/../lib/gcc/arm-none-eabi/7.3.1/thumb/v7-m/crtn.o
 *(.fini)
 .fini          0x00000000080105f8        0x4 /opt/st/stm32cubeide_1.4.0/plugins/com.st.stm32cube.ide.mcu.externaltools.gnu-tools-for-stm32.7-2018-q2-update.linux64_1.4.0.202007081208/tools/bin/../lib/gcc/arm-none-eabi/7.3.1/thumb/v7-m/crti.o
                0x00000000080105f8                _fini
 .fini          0x00000000080105fc        0x8 /opt/st/stm32cubeide_1.4.0/plugins/com.st.stm32cube.ide.mcu.externaltools.gnu-tools-for-stm32.7-2018-q2-update.linux64_1.4.0.202007081208/tools/bin/../lib/gcc/arm-none-eabi/7.3.1/thumb/v7-m/crtn.o
                0x0000000008010604                . = ALIGN (0x4)
                0x0000000008010604                _etext = .

.vfp11_veneer   0x0000000008010604        0x0
 .vfp11_veneer  0x0000000008010604        0x0 linker stubs

.v4_bx          0x0000000008010604        0x0
 .v4_bx         0x0000000008010604        0x0 linker stubs

.iplt           0x0000000008010604        0x0
 .iplt          0x0000000008010604        0x0 /opt/st/stm32cubeide_1.4.0/plugins/com.st.stm32cube.ide.mcu.externaltools.gnu-tools-for-stm32.7-2018-q2-update.linux64_1.4.0.202007081208/tools/bin/../lib/gcc/arm-none-eabi/7.3.1/thumb/v7-m/crtbegin.o

.rodata         0x0000000008010604      0x550
                0x0000000008010604                . = ALIGN (0x4)
 *(.rodata)
 .rodata        0x0000000008010604      0x21b Core/Src/rps.o
 *fill*         0x000000000801081f        0x1 
 .rodata        0x0000000008010820       0xe9 Core/Src/sensor_bme280.o
 *fill*         0x0000000008010909        0x3 
 .rodata        0x000000000801090c       0x12 Drivers/STM32F1xx_HAL_Driver/Src/stm32f1xx_hal_rcc.o
 *fill*         0x000000000801091e        0x2 
 .rodata        0x0000000008010920       0x12 Drivers/STM32F1xx_HAL_Driver/Src/stm32f1xx_hal_rcc_ex.o
 *fill*         0x0000000008010932        0x2 
 .rodata        0x0000000008010934       0x44 Middlewares/Third_Party/FatFs/src/ff.o
 .rodata        0x0000000008010978       0x46 USB_DEVICE/App/usbd_desc.o
 *(.rodata*)
 *fill*         0x00000000080109be        0x2 
 .rodata.firstLineOfFile
                0x00000000080109c0       0x78 Core/Src/rps.o
                0x00000000080109c0                firstLineOfFile
 .rodata.strSetTime
                0x0000000008010a38        0x8 Core/Src/rps.o
                0x0000000008010a38                strSetTime
 .rodata.strSetDate
                0x0000000008010a40        0x8 Core/Src/rps.o
                0x0000000008010a40                strSetDate
 .rodata.strWhatTime
                0x0000000008010a48        0x8 Core/Src/rps.o
                0x0000000008010a48                strWhatTime
 .rodata.strGetFileInfo
                0x0000000008010a50        0x3 Core/Src/rps.o
                0x0000000008010a50                strGetFileInfo
 *fill*         0x0000000008010a53        0x1 
 .rodata.strSetInterval
                0x0000000008010a54        0x8 Core/Src/rps.o
                0x0000000008010a54                strSetInterval
 .rodata.strGetInterval
                0x0000000008010a5c        0x8 Core/Src/rps.o
                0x0000000008010a5c                strGetInterval
 .rodata.strSetDaysPerFile
                0x0000000008010a64        0x8 Core/Src/rps.o
                0x0000000008010a64                strSetDaysPerFile
 .rodata.strGetDaysPerFile
                0x0000000008010a6c        0x8 Core/Src/rps.o
                0x0000000008010a6c                strGetDaysPerFile
 .rodata.AHBPrescTable
                0x0000000008010a74       0x10 Core/Src/system_stm32f1xx.o
                0x0000000008010a74                AHBPrescTable
 .rodata.APBPrescTable
                0x0000000008010a84        0x8 Core/Src/system_stm32f1xx.o
                0x0000000008010a84                APBPrescTable
 .rodata.ExCvt  0x0000000008010a8c       0x80 Middlewares/Third_Party/FatFs/src/ff.o
 .rodata.SD_Driver
                0x0000000008010b0c       0x14 Middlewares/Third_Party/FatFs/src/drivers/sd_diskio.o
                0x0000000008010b0c                SD_Driver
 .rodata._svfprintf_r.str1.1
                0x0000000008010b20       0x11 /opt/st/stm32cubeide_1.4.0/plugins/com.st.stm32cube.ide.mcu.externaltools.gnu-tools-for-stm32.7-2018-q2-update.linux64_1.4.0.202007081208/tools/bin/../lib/gcc/arm-none-eabi/7.3.1/../../../../arm-none-eabi/lib/thumb/v7-m/libc_nano.a(lib_a-nano-svfprintf.o)
 .rodata._printf_i.str1.1
                0x0000000008010b31       0x22 /opt/st/stm32cubeide_1.4.0/plugins/com.st.stm32cube.ide.mcu.externaltools.gnu-tools-for-stm32.7-2018-q2-update.linux64_1.4.0.202007081208/tools/bin/../lib/gcc/arm-none-eabi/7.3.1/../../../../arm-none-eabi/lib/thumb/v7-m/libc_nano.a(lib_a-nano-vfprintf_i.o)
                0x0000000008010b54                . = ALIGN (0x4)
 *fill*         0x0000000008010b53        0x1 

.ARM.extab      0x0000000008010b54        0x0
                0x0000000008010b54                . = ALIGN (0x4)
 *(.ARM.extab* .gnu.linkonce.armextab.*)
                0x0000000008010b54                . = ALIGN (0x4)

.ARM            0x0000000008010b54        0x8
                0x0000000008010b54                . = ALIGN (0x4)
                0x0000000008010b54                __exidx_start = .
 *(.ARM.exidx*)
 .ARM.exidx     0x0000000008010b54        0x8 /opt/st/stm32cubeide_1.4.0/plugins/com.st.stm32cube.ide.mcu.externaltools.gnu-tools-for-stm32.7-2018-q2-update.linux64_1.4.0.202007081208/tools/bin/../lib/gcc/arm-none-eabi/7.3.1/thumb/v7-m/libgcc.a(_udivmoddi4.o)
                0x0000000008010b5c                __exidx_end = .
                0x0000000008010b5c                . = ALIGN (0x4)

.rel.dyn        0x0000000008010b5c        0x0
 .rel.iplt      0x0000000008010b5c        0x0 /opt/st/stm32cubeide_1.4.0/plugins/com.st.stm32cube.ide.mcu.externaltools.gnu-tools-for-stm32.7-2018-q2-update.linux64_1.4.0.202007081208/tools/bin/../lib/gcc/arm-none-eabi/7.3.1/thumb/v7-m/crtbegin.o

.preinit_array  0x0000000008010b5c        0x0
                0x0000000008010b5c                . = ALIGN (0x4)
                0x0000000008010b5c                PROVIDE (__preinit_array_start = .)
 *(.preinit_array*)
                0x0000000008010b5c                PROVIDE (__preinit_array_end = .)
                0x0000000008010b5c                . = ALIGN (0x4)

.init_array     0x0000000008010b5c        0x4
                0x0000000008010b5c                . = ALIGN (0x4)
                0x0000000008010b5c                PROVIDE (__init_array_start = .)
 *(SORT_BY_NAME(.init_array.*))
 *(.init_array*)
 .init_array    0x0000000008010b5c        0x4 /opt/st/stm32cubeide_1.4.0/plugins/com.st.stm32cube.ide.mcu.externaltools.gnu-tools-for-stm32.7-2018-q2-update.linux64_1.4.0.202007081208/tools/bin/../lib/gcc/arm-none-eabi/7.3.1/thumb/v7-m/crtbegin.o
                0x0000000008010b60                PROVIDE (__init_array_end = .)
                0x0000000008010b60                . = ALIGN (0x4)

.fini_array     0x0000000008010b60        0x4
                0x0000000008010b60                . = ALIGN (0x4)
                [!provide]                        PROVIDE (__fini_array_start = .)
 *(SORT_BY_NAME(.fini_array.*))
 *(.fini_array*)
 .fini_array    0x0000000008010b60        0x4 /opt/st/stm32cubeide_1.4.0/plugins/com.st.stm32cube.ide.mcu.externaltools.gnu-tools-for-stm32.7-2018-q2-update.linux64_1.4.0.202007081208/tools/bin/../lib/gcc/arm-none-eabi/7.3.1/thumb/v7-m/crtbegin.o
                [!provide]                        PROVIDE (__fini_array_end = .)
                0x0000000008010b64                . = ALIGN (0x4)
                0x0000000008010b64                _sidata = LOADADDR (.data)

.data           0x0000000020000000      0x1e0 load address 0x0000000008010b64
                0x0000000020000000                . = ALIGN (0x4)
                0x0000000020000000                _sdata = .
 *(.data)
 *(.data*)
 .data.SystemCoreClock
                0x0000000020000000        0x4 Core/Src/system_stm32f1xx.o
                0x0000000020000000                SystemCoreClock
 .data.uwTickPrio
                0x0000000020000004        0x4 Drivers/STM32F1xx_HAL_Driver/Src/stm32f1xx_hal.o
                0x0000000020000004                uwTickPrio
 .data.uwTickFreq
                0x0000000020000008        0x1 Drivers/STM32F1xx_HAL_Driver/Src/stm32f1xx_hal.o
                0x0000000020000008                uwTickFreq
 *fill*         0x0000000020000009        0x3 
 .data.USBD_CDC_DeviceQualifierDesc
                0x000000002000000c        0xa Middlewares/ST/STM32_USB_Device_Library/Class/CDC/Src/usbd_cdc.o
 *fill*         0x0000000020000016        0x2 
 .data.USBD_CDC
                0x0000000020000018       0x38 Middlewares/ST/STM32_USB_Device_Library/Class/CDC/Src/usbd_cdc.o
                0x0000000020000018                USBD_CDC
 .data.USBD_CDC_CfgHSDesc
                0x0000000020000050       0x43 Middlewares/ST/STM32_USB_Device_Library/Class/CDC/Src/usbd_cdc.o
                0x0000000020000050                USBD_CDC_CfgHSDesc
 *fill*         0x0000000020000093        0x1 
 .data.USBD_CDC_CfgFSDesc
                0x0000000020000094       0x43 Middlewares/ST/STM32_USB_Device_Library/Class/CDC/Src/usbd_cdc.o
                0x0000000020000094                USBD_CDC_CfgFSDesc
 *fill*         0x00000000200000d7        0x1 
 .data.USBD_CDC_OtherSpeedCfgDesc
                0x00000000200000d8       0x43 Middlewares/ST/STM32_USB_Device_Library/Class/CDC/Src/usbd_cdc.o
                0x00000000200000d8                USBD_CDC_OtherSpeedCfgDesc
 .data.Stat     0x000000002000011b        0x1 Middlewares/Third_Party/FatFs/src/drivers/sd_diskio.o
 .data.USBD_Interface_fops_FS
                0x000000002000011c       0x10 USB_DEVICE/App/usbd_cdc_if.o
                0x000000002000011c                USBD_Interface_fops_FS
 .data.FS_Desc  0x000000002000012c       0x1c USB_DEVICE/App/usbd_desc.o
                0x000000002000012c                FS_Desc
 .data.USBD_FS_DeviceDesc
                0x0000000020000148       0x12 USB_DEVICE/App/usbd_desc.o
                0x0000000020000148                USBD_FS_DeviceDesc
 *fill*         0x000000002000015a        0x2 
 .data.USBD_LangIDDesc
                0x000000002000015c        0x4 USB_DEVICE/App/usbd_desc.o
                0x000000002000015c                USBD_LangIDDesc
 .data.USBD_StringSerial
                0x0000000020000160       0x1a USB_DEVICE/App/usbd_desc.o
                0x0000000020000160                USBD_StringSerial
 *fill*         0x000000002000017a        0x2 
 .data._impure_ptr
                0x000000002000017c        0x4 /opt/st/stm32cubeide_1.4.0/plugins/com.st.stm32cube.ide.mcu.externaltools.gnu-tools-for-stm32.7-2018-q2-update.linux64_1.4.0.202007081208/tools/bin/../lib/gcc/arm-none-eabi/7.3.1/../../../../arm-none-eabi/lib/thumb/v7-m/libc_nano.a(lib_a-impure.o)
                0x000000002000017c                _impure_ptr
 .data.impure_data
                0x0000000020000180       0x60 /opt/st/stm32cubeide_1.4.0/plugins/com.st.stm32cube.ide.mcu.externaltools.gnu-tools-for-stm32.7-2018-q2-update.linux64_1.4.0.202007081208/tools/bin/../lib/gcc/arm-none-eabi/7.3.1/../../../../arm-none-eabi/lib/thumb/v7-m/libc_nano.a(lib_a-impure.o)
                0x00000000200001e0                . = ALIGN (0x4)
                0x00000000200001e0                _edata = .

.igot.plt       0x00000000200001e0        0x0 load address 0x0000000008010d44
 .igot.plt      0x00000000200001e0        0x0 /opt/st/stm32cubeide_1.4.0/plugins/com.st.stm32cube.ide.mcu.externaltools.gnu-tools-for-stm32.7-2018-q2-update.linux64_1.4.0.202007081208/tools/bin/../lib/gcc/arm-none-eabi/7.3.1/thumb/v7-m/crtbegin.o
                0x00000000200001e0                . = ALIGN (0x4)

.bss            0x00000000200001e0     0x1948 load address 0x0000000008010d44
                0x00000000200001e0                _sbss = .
                0x00000000200001e0                __bss_start__ = _sbss
 *(.bss)
 .bss           0x00000000200001e0       0x1c /opt/st/stm32cubeide_1.4.0/plugins/com.st.stm32cube.ide.mcu.externaltools.gnu-tools-for-stm32.7-2018-q2-update.linux64_1.4.0.202007081208/tools/bin/../lib/gcc/arm-none-eabi/7.3.1/thumb/v7-m/crtbegin.o
 *(.bss*)
 .bss.ReceivedDataFlag
                0x00000000200001fc        0x1 Core/Src/main.o
                0x00000000200001fc                ReceivedDataFlag
 .bss.alreadyMeasuredThisMinute
                0x00000000200001fd        0x1 Core/Src/main.o
                0x00000000200001fd                alreadyMeasuredThisMinute
 .bss.communicationModeFlag
                0x00000000200001fe        0x1 Core/Src/main.o
                0x00000000200001fe                communicationModeFlag
 *fill*         0x00000000200001ff        0x1 
 .bss.time      0x0000000020000200        0x3 Core/Src/rps.o
                0x0000000020000200                time
 *fill*         0x0000000020000203        0x1 
 .bss.date      0x0000000020000204        0x4 Core/Src/rps.o
                0x0000000020000204                date
 .bss.cmp       0x0000000020000208        0x4 Core/Src/rps.o
                0x0000000020000208                cmp
 .bss.fileSize  0x000000002000020c        0x4 Core/Src/rps.o
                0x000000002000020c                fileSize
 .bss.lastTemperature
                0x0000000020000210        0x4 Core/Src/rps.o
                0x0000000020000210                lastTemperature
 .bss.lastPressure
                0x0000000020000214        0x4 Core/Src/rps.o
                0x0000000020000214                lastPressure
 .bss.lastHumidity
                0x0000000020000218        0x4 Core/Src/rps.o
                0x0000000020000218                lastHumidity
 .bss.__sbrk_heap_end
                0x000000002000021c        0x4 Core/Src/sysmem.o
 .bss.cfgidx.8311
                0x0000000020000220        0x1 Middlewares/ST/STM32_USB_Device_Library/Core/Src/usbd_ctlreq.o
 *fill*         0x0000000020000221        0x3 
 .bss.FatFs     0x0000000020000224        0x4 Middlewares/Third_Party/FatFs/src/ff.o
 .bss.Fsid      0x0000000020000228        0x2 Middlewares/Third_Party/FatFs/src/ff.o
 *fill*         0x000000002000022a        0x2 
 .bss.Files     0x000000002000022c       0x18 Middlewares/Third_Party/FatFs/src/ff.o
 .bss.disk      0x0000000020000244        0xc Middlewares/Third_Party/FatFs/src/ff_gen_drv.o
                0x0000000020000244                disk
 .bss.mem.8379  0x0000000020000250      0x220 USB_DEVICE/Target/usbd_conf.o
 .bss.__malloc_free_list
                0x0000000020000470        0x4 /opt/st/stm32cubeide_1.4.0/plugins/com.st.stm32cube.ide.mcu.externaltools.gnu-tools-for-stm32.7-2018-q2-update.linux64_1.4.0.202007081208/tools/bin/../lib/gcc/arm-none-eabi/7.3.1/../../../../arm-none-eabi/lib/thumb/v7-m/libc_nano.a(lib_a-nano-mallocr.o)
                0x0000000020000470                __malloc_free_list
 .bss.__malloc_sbrk_start
                0x0000000020000474        0x4 /opt/st/stm32cubeide_1.4.0/plugins/com.st.stm32cube.ide.mcu.externaltools.gnu-tools-for-stm32.7-2018-q2-update.linux64_1.4.0.202007081208/tools/bin/../lib/gcc/arm-none-eabi/7.3.1/../../../../arm-none-eabi/lib/thumb/v7-m/libc_nano.a(lib_a-nano-mallocr.o)